---
source: shin-core/src/layout/message_text_layouter/tests/snapshots.rs
expression: snapshot
---
(
    [
        Voice(
            Voice {
                time: 0.0,
                line_index: 0,
                filename: "27/40700828",
                volume: 1.0,
                lipsync_enabled: true,
                time_to_first_sync: 0,
            },
        ),
        Section(
            Section {
                time: 0.0,
                line_index: 0,
                index: 1,
            },
        ),
        Sync(
            Sync {
                time: 0.0,
                line_index: 0,
                index: 0,
            },
        ),
        Char(
            Char {
                time: 0.001,
                line_index: 0,
                font: Regular,
                codepoint: '以',
                is_rubi: false,
                cant_be_at_line_start: false,
                cant_be_at_line_end: false,
                has_rubi: false,
                width: 50.00002,
                height: 50.0,
                position: Vec2(
                    0.0,
                    60.625,
                ),
                horizontal_scale: 0.50505066,
                scale: 0.5208333,
                color: UnormColor(
                    4281976575,
                ),
                fade: 0.0,
            },
        ),
        Char(
            Char {
                time: 0.001,
                line_index: 0,
                font: Regular,
                codepoint: '上',
                is_rubi: false,
                cant_be_at_line_start: false,
                cant_be_at_line_end: false,
                has_rubi: false,
                width: 50.00002,
                height: 50.0,
                position: Vec2(
                    50.00002,
                    60.625,
                ),
                horizontal_scale: 0.50505066,
                scale: 0.5208333,
                color: UnormColor(
                    4281976575,
                ),
                fade: 0.0,
            },
        ),
        Char(
            Char {
                time: 0.001,
                line_index: 0,
                font: Regular,
                codepoint: 'の',
                is_rubi: false,
                cant_be_at_line_start: false,
                cant_be_at_line_end: false,
                has_rubi: false,
                width: 50.00002,
                height: 50.0,
                position: Vec2(
                    100.00004,
                    60.625,
                ),
                horizontal_scale: 0.50505066,
                scale: 0.5208333,
                color: UnormColor(
                    4281976575,
                ),
                fade: 0.0,
            },
        ),
        Char(
            Char {
                time: 0.001,
                line_index: 0,
                font: Regular,
                codepoint: '復',
                is_rubi: false,
                cant_be_at_line_start: false,
                cant_be_at_line_end: false,
                has_rubi: false,
                width: 50.00002,
                height: 50.0,
                position: Vec2(
                    150.00006,
                    60.625,
                ),
                horizontal_scale: 0.50505066,
                scale: 0.5208333,
                color: UnormColor(
                    4281976575,
                ),
                fade: 0.0,
            },
        ),
        Char(
            Char {
                time: 0.001,
                line_index: 0,
                font: Regular,
                codepoint: '唱',
                is_rubi: false,
                cant_be_at_line_start: false,
                cant_be_at_line_end: false,
                has_rubi: false,
                width: 50.00002,
                height: 50.0,
                position: Vec2(
                    200.00008,
                    60.625,
                ),
                horizontal_scale: 0.50505066,
                scale: 0.5208333,
                color: UnormColor(
                    4281976575,
                ),
                fade: 0.0,
            },
        ),
        Char(
            Char {
                time: 0.001,
                line_index: 0,
                font: Regular,
                codepoint: '要',
                is_rubi: false,
                cant_be_at_line_start: false,
                cant_be_at_line_end: false,
                has_rubi: false,
                width: 50.00002,
                height: 50.0,
                position: Vec2(
                    250.00009,
                    60.625,
                ),
                horizontal_scale: 0.50505066,
                scale: 0.5208333,
                color: UnormColor(
                    4281976575,
                ),
                fade: 0.0,
            },
        ),
        Char(
            Char {
                time: 0.001,
                line_index: 0,
                font: Regular,
                codepoint: '求',
                is_rubi: false,
                cant_be_at_line_start: false,
                cant_be_at_line_end: true,
                has_rubi: false,
                width: 50.00002,
                height: 50.0,
                position: Vec2(
                    300.00012,
                    60.625,
                ),
                horizontal_scale: 0.50505066,
                scale: 0.5208333,
                color: UnormColor(
                    4281976575,
                ),
                fade: 0.0,
            },
        ),
        Char(
            Char {
                time: 0.001,
                line_index: 0,
                font: Regular,
                codepoint: '、',
                is_rubi: false,
                cant_be_at_line_start: true,
                cant_be_at_line_end: false,
                has_rubi: false,
                width: 50.00002,
                height: 50.0,
                position: Vec2(
                    350.00012,
                    60.625,
                ),
                horizontal_scale: 0.50505066,
                scale: 0.5208333,
                color: UnormColor(
                    4281976575,
                ),
                fade: 0.0,
            },
        ),
        Char(
            Char {
                time: 0.001,
                line_index: 0,
                font: Regular,
                codepoint: '並',
                is_rubi: false,
                cant_be_at_line_start: false,
                cant_be_at_line_end: false,
                has_rubi: false,
                width: 50.00002,
                height: 50.0,
                position: Vec2(
                    400.00015,
                    60.625,
                ),
                horizontal_scale: 0.50505066,
                scale: 0.5208333,
                color: UnormColor(
                    4281976575,
                ),
                fade: 0.0,
            },
        ),
        Char(
            Char {
                time: 0.001,
                line_index: 0,
                font: Regular,
                codepoint: 'び',
                is_rubi: false,
                cant_be_at_line_start: false,
                cant_be_at_line_end: false,
                has_rubi: false,
                width: 50.00002,
                height: 50.0,
                position: Vec2(
                    450.00015,
                    60.625,
                ),
                horizontal_scale: 0.50505066,
                scale: 0.5208333,
                color: UnormColor(
                    4281976575,
                ),
                fade: 0.0,
            },
        ),
        Char(
            Char {
                time: 0.001,
                line_index: 0,
                font: Regular,
                codepoint: 'に',
                is_rubi: false,
                cant_be_at_line_start: false,
                cant_be_at_line_end: false,
                has_rubi: false,
                width: 50.00002,
                height: 50.0,
                position: Vec2(
                    500.00018,
                    60.625,
                ),
                horizontal_scale: 0.50505066,
                scale: 0.5208333,
                color: UnormColor(
                    4281976575,
                ),
                fade: 0.0,
            },
        ),
        Char(
            Char {
                time: 0.001,
                line_index: 0,
                font: Regular,
                codepoint: '復',
                is_rubi: false,
                cant_be_at_line_start: false,
                cant_be_at_line_end: false,
                has_rubi: false,
                width: 50.00002,
                height: 50.0,
                position: Vec2(
                    550.00024,
                    60.625,
                ),
                horizontal_scale: 0.50505066,
                scale: 0.5208333,
                color: UnormColor(
                    4281976575,
                ),
                fade: 0.0,
            },
        ),
        Char(
            Char {
                time: 0.001,
                line_index: 0,
                font: Regular,
                codepoint: '唱',
                is_rubi: false,
                cant_be_at_line_start: false,
                cant_be_at_line_end: false,
                has_rubi: false,
                width: 50.00002,
                height: 50.0,
                position: Vec2(
                    600.00024,
                    60.625,
                ),
                horizontal_scale: 0.50505066,
                scale: 0.5208333,
                color: UnormColor(
                    4281976575,
                ),
                fade: 0.0,
            },
        ),
        Char(
            Char {
                time: 0.001,
                line_index: 0,
                font: Regular,
                codepoint: '拒',
                is_rubi: false,
                cant_be_at_line_start: false,
                cant_be_at_line_end: false,
                has_rubi: false,
                width: 50.00002,
                height: 50.0,
                position: Vec2(
                    650.0002,
                    60.625,
                ),
                horizontal_scale: 0.50505066,
                scale: 0.5208333,
                color: UnormColor(
                    4281976575,
                ),
                fade: 0.0,
            },
        ),
        Char(
            Char {
                time: 0.001,
                line_index: 0,
                font: Regular,
                codepoint: '否',
                is_rubi: false,
                cant_be_at_line_start: false,
                cant_be_at_line_end: false,
                has_rubi: false,
                width: 50.00002,
                height: 50.0,
                position: Vec2(
                    700.0002,
                    60.625,
                ),
                horizontal_scale: 0.50505066,
                scale: 0.5208333,
                color: UnormColor(
                    4281976575,
                ),
                fade: 0.0,
            },
        ),
        Char(
            Char {
                time: 0.001,
                line_index: 0,
                font: Regular,
                codepoint: 'か',
                is_rubi: false,
                cant_be_at_line_start: false,
                cant_be_at_line_end: false,
                has_rubi: false,
                width: 50.00002,
                height: 50.0,
                position: Vec2(
                    750.0002,
                    60.625,
                ),
                horizontal_scale: 0.50505066,
                scale: 0.5208333,
                color: UnormColor(
                    4281976575,
                ),
                fade: 0.0,
            },
        ),
        Char(
            Char {
                time: 0.001,
                line_index: 0,
                font: Regular,
                codepoint: 'ら',
                is_rubi: false,
                cant_be_at_line_start: false,
                cant_be_at_line_end: true,
                has_rubi: false,
                width: 50.00002,
                height: 50.0,
                position: Vec2(
                    800.0002,
                    60.625,
                ),
                horizontal_scale: 0.50505066,
                scale: 0.5208333,
                color: UnormColor(
                    4281976575,
                ),
                fade: 0.0,
            },
        ),
        Char(
            Char {
                time: 0.001,
                line_index: 0,
                font: Regular,
                codepoint: '、',
                is_rubi: false,
                cant_be_at_line_start: true,
                cant_be_at_line_end: false,
                has_rubi: false,
                width: 50.00002,
                height: 50.0,
                position: Vec2(
                    850.0002,
                    60.625,
                ),
                horizontal_scale: 0.50505066,
                scale: 0.5208333,
                color: UnormColor(
                    4281976575,
                ),
                fade: 0.0,
            },
        ),
        Wait(
            Wait {
                time: 0.001,
                line_index: 0,
                is_last_wait: false,
                is_auto_click: false,
            },
        ),
        Voice(
            Voice {
                time: 0.002,
                line_index: 0,
                filename: "27/40700829",
                volume: 1.0,
                lipsync_enabled: true,
                time_to_first_sync: 0,
            },
        ),
        Section(
            Section {
                time: 0.002,
                line_index: 0,
                index: 2,
            },
        ),
        Sync(
            Sync {
                time: 0.002,
                line_index: 0,
                index: 1,
            },
        ),
        Char(
            Char {
                time: 0.003,
                line_index: 0,
                font: Regular,
                codepoint: '妾',
                is_rubi: false,
                cant_be_at_line_start: false,
                cant_be_at_line_end: false,
                has_rubi: false,
                width: 50.00002,
                height: 50.0,
                position: Vec2(
                    900.0001,
                    60.625,
                ),
                horizontal_scale: 0.50505066,
                scale: 0.5208333,
                color: UnormColor(
                    4281976575,
                ),
                fade: 0.0,
            },
        ),
        Char(
            Char {
                time: 0.003,
                line_index: 0,
                font: Regular,
                codepoint: 'は',
                is_rubi: false,
                cant_be_at_line_start: false,
                cant_be_at_line_end: false,
                has_rubi: false,
                width: 50.00002,
                height: 50.0,
                position: Vec2(
                    950.0001,
                    60.625,
                ),
                horizontal_scale: 0.50505066,
                scale: 0.5208333,
                color: UnormColor(
                    4281976575,
                ),
                fade: 0.0,
            },
        ),
        Char(
            Char {
                time: 0.003,
                line_index: 0,
                font: Regular,
                codepoint: 'そ',
                is_rubi: false,
                cant_be_at_line_start: false,
                cant_be_at_line_end: false,
                has_rubi: false,
                width: 50.00002,
                height: 50.0,
                position: Vec2(
                    1000.0001,
                    60.625,
                ),
                horizontal_scale: 0.50505066,
                scale: 0.5208333,
                color: UnormColor(
                    4281976575,
                ),
                fade: 0.0,
            },
        ),
        Char(
            Char {
                time: 0.003,
                line_index: 0,
                font: Regular,
                codepoint: 'な',
                is_rubi: false,
                cant_be_at_line_start: false,
                cant_be_at_line_end: false,
                has_rubi: false,
                width: 50.00002,
                height: 50.0,
                position: Vec2(
                    1050.0001,
                    60.625,
                ),
                horizontal_scale: 0.50505066,
                scale: 0.5208333,
                color: UnormColor(
                    4281976575,
                ),
                fade: 0.0,
            },
        ),
        Char(
            Char {
                time: 0.003,
                line_index: 0,
                font: Regular,
                codepoint: 'た',
                is_rubi: false,
                cant_be_at_line_start: false,
                cant_be_at_line_end: false,
                has_rubi: false,
                width: 50.00002,
                height: 50.0,
                position: Vec2(
                    1100.0001,
                    60.625,
                ),
                horizontal_scale: 0.50505066,
                scale: 0.5208333,
                color: UnormColor(
                    4281976575,
                ),
                fade: 0.0,
            },
        ),
        Char(
            Char {
                time: 0.003,
                line_index: 0,
                font: Regular,
                codepoint: 'に',
                is_rubi: false,
                cant_be_at_line_start: false,
                cant_be_at_line_end: false,
                has_rubi: false,
                width: 50.00002,
                height: 50.0,
                position: Vec2(
                    1150.0001,
                    60.625,
                ),
                horizontal_scale: 0.50505066,
                scale: 0.5208333,
                color: UnormColor(
                    4281976575,
                ),
                fade: 0.0,
            },
        ),
        Char(
            Char {
                time: 0.003,
                line_index: 0,
                font: Regular,
                codepoint: '対',
                is_rubi: false,
                cant_be_at_line_start: false,
                cant_be_at_line_end: false,
                has_rubi: false,
                width: 50.00002,
                height: 50.0,
                position: Vec2(
                    1200.0001,
                    60.625,
                ),
                horizontal_scale: 0.50505066,
                scale: 0.5208333,
                color: UnormColor(
                    4281976575,
                ),
                fade: 0.0,
            },
        ),
        Char(
            Char {
                time: 0.003,
                line_index: 0,
                font: Regular,
                codepoint: '戦',
                is_rubi: false,
                cant_be_at_line_start: false,
                cant_be_at_line_end: false,
                has_rubi: false,
                width: 50.00002,
                height: 50.0,
                position: Vec2(
                    1250.0001,
                    60.625,
                ),
                horizontal_scale: 0.50505066,
                scale: 0.5208333,
                color: UnormColor(
                    4281976575,
                ),
                fade: 0.0,
            },
        ),
        Char(
            Char {
                time: 0.003,
                line_index: 0,
                font: Regular,
                codepoint: '相',
                is_rubi: false,
                cant_be_at_line_start: false,
                cant_be_at_line_end: false,
                has_rubi: false,
                width: 50.00002,
                height: 50.0,
                position: Vec2(
                    1300.0,
                    60.625,
                ),
                horizontal_scale: 0.50505066,
                scale: 0.5208333,
                color: UnormColor(
                    4281976575,
                ),
                fade: 0.0,
            },
        ),
        Char(
            Char {
                time: 0.003,
                line_index: 0,
                font: Regular,
                codepoint: '手',
                is_rubi: false,
                cant_be_at_line_start: false,
                cant_be_at_line_end: false,
                has_rubi: false,
                width: 50.00002,
                height: 50.0,
                position: Vec2(
                    1350.0,
                    60.625,
                ),
                horizontal_scale: 0.50505066,
                scale: 0.5208333,
                color: UnormColor(
                    4281976575,
                ),
                fade: 0.0,
            },
        ),
        Char(
            Char {
                time: 0.003,
                line_index: 0,
                font: Regular,
                codepoint: 'の',
                is_rubi: false,
                cant_be_at_line_start: false,
                cant_be_at_line_end: false,
                has_rubi: false,
                width: 50.00002,
                height: 50.0,
                position: Vec2(
                    1400.0,
                    60.625,
                ),
                horizontal_scale: 0.50505066,
                scale: 0.5208333,
                color: UnormColor(
                    4281976575,
                ),
                fade: 0.0,
            },
        ),
        Char(
            Char {
                time: 0.003,
                line_index: 0,
                font: Regular,
                codepoint: '資',
                is_rubi: false,
                cant_be_at_line_start: false,
                cant_be_at_line_end: false,
                has_rubi: false,
                width: 50.00002,
                height: 50.0,
                position: Vec2(
                    1450.0,
                    60.625,
                ),
                horizontal_scale: 0.50505066,
                scale: 0.5208333,
                color: UnormColor(
                    4281976575,
                ),
                fade: 0.0,
            },
        ),
        Char(
            Char {
                time: 0.003,
                line_index: 1,
                font: Regular,
                codepoint: '格',
                is_rubi: false,
                cant_be_at_line_start: false,
                cant_be_at_line_end: false,
                has_rubi: false,
                width: 50.000153,
                height: 50.0,
                position: Vec2(
                    0.0,
                    134.625,
                ),
                horizontal_scale: 0.50505203,
                scale: 0.5208333,
                color: UnormColor(
                    4281976575,
                ),
                fade: 0.0,
            },
        ),
        Char(
            Char {
                time: 0.003,
                line_index: 1,
                font: Regular,
                codepoint: 'が',
                is_rubi: false,
                cant_be_at_line_start: false,
                cant_be_at_line_end: false,
                has_rubi: false,
                width: 50.000153,
                height: 50.0,
                position: Vec2(
                    50.000122,
                    134.625,
                ),
                horizontal_scale: 0.50505203,
                scale: 0.5208333,
                color: UnormColor(
                    4281976575,
                ),
                fade: 0.0,
            },
        ),
        Char(
            Char {
                time: 0.003,
                line_index: 1,
                font: Regular,
                codepoint: 'な',
                is_rubi: false,
                cant_be_at_line_start: false,
                cant_be_at_line_end: false,
                has_rubi: false,
                width: 50.000153,
                height: 50.0,
                position: Vec2(
                    100.000244,
                    134.625,
                ),
                horizontal_scale: 0.50505203,
                scale: 0.5208333,
                color: UnormColor(
                    4281976575,
                ),
                fade: 0.0,
            },
        ),
        Char(
            Char {
                time: 0.003,
                line_index: 1,
                font: Regular,
                codepoint: 'い',
                is_rubi: false,
                cant_be_at_line_start: false,
                cant_be_at_line_end: false,
                has_rubi: false,
                width: 50.000153,
                height: 50.0,
                position: Vec2(
                    150.00037,
                    134.625,
                ),
                horizontal_scale: 0.50505203,
                scale: 0.5208333,
                color: UnormColor(
                    4281976575,
                ),
                fade: 0.0,
            },
        ),
        Char(
            Char {
                time: 0.003,
                line_index: 1,
                font: Regular,
                codepoint: 'こ',
                is_rubi: false,
                cant_be_at_line_start: false,
                cant_be_at_line_end: false,
                has_rubi: false,
                width: 50.000153,
                height: 50.0,
                position: Vec2(
                    200.00049,
                    134.625,
                ),
                horizontal_scale: 0.50505203,
                scale: 0.5208333,
                color: UnormColor(
                    4281976575,
                ),
                fade: 0.0,
            },
        ),
        Char(
            Char {
                time: 0.003,
                line_index: 1,
                font: Regular,
                codepoint: 'と',
                is_rubi: false,
                cant_be_at_line_start: false,
                cant_be_at_line_end: false,
                has_rubi: false,
                width: 50.000153,
                height: 50.0,
                position: Vec2(
                    250.00061,
                    134.625,
                ),
                horizontal_scale: 0.50505203,
                scale: 0.5208333,
                color: UnormColor(
                    4281976575,
                ),
                fade: 0.0,
            },
        ),
        Char(
            Char {
                time: 0.003,
                line_index: 1,
                font: Regular,
                codepoint: 'を',
                is_rubi: false,
                cant_be_at_line_start: false,
                cant_be_at_line_end: false,
                has_rubi: false,
                width: 50.000153,
                height: 50.0,
                position: Vec2(
                    300.00073,
                    134.625,
                ),
                horizontal_scale: 0.50505203,
                scale: 0.5208333,
                color: UnormColor(
                    4281976575,
                ),
                fade: 0.0,
            },
        ),
        Char(
            Char {
                time: 0.003,
                line_index: 1,
                font: Regular,
                codepoint: '宣',
                is_rubi: false,
                cant_be_at_line_start: false,
                cant_be_at_line_end: false,
                has_rubi: false,
                width: 50.000153,
                height: 50.0,
                position: Vec2(
                    350.00085,
                    134.625,
                ),
                horizontal_scale: 0.50505203,
                scale: 0.5208333,
                color: UnormColor(
                    4281976575,
                ),
                fade: 0.0,
            },
        ),
        Char(
            Char {
                time: 0.003,
                line_index: 1,
                font: Regular,
                codepoint: '言',
                is_rubi: false,
                cant_be_at_line_start: false,
                cant_be_at_line_end: false,
                has_rubi: false,
                width: 50.000153,
                height: 50.0,
                position: Vec2(
                    400.00098,
                    134.625,
                ),
                horizontal_scale: 0.50505203,
                scale: 0.5208333,
                color: UnormColor(
                    4281976575,
                ),
                fade: 0.0,
            },
        ),
        Char(
            Char {
                time: 0.003,
                line_index: 1,
                font: Regular,
                codepoint: 'す',
                is_rubi: false,
                cant_be_at_line_start: false,
                cant_be_at_line_end: false,
                has_rubi: false,
                width: 50.000153,
                height: 50.0,
                position: Vec2(
                    450.0011,
                    134.625,
                ),
                horizontal_scale: 0.50505203,
                scale: 0.5208333,
                color: UnormColor(
                    4281976575,
                ),
                fade: 0.0,
            },
        ),
        Char(
            Char {
                time: 0.003,
                line_index: 1,
                font: Regular,
                codepoint: 'る',
                is_rubi: false,
                cant_be_at_line_start: false,
                cant_be_at_line_end: true,
                has_rubi: false,
                width: 50.000153,
                height: 50.0,
                position: Vec2(
                    500.00122,
                    134.625,
                ),
                horizontal_scale: 0.50505203,
                scale: 0.5208333,
                color: UnormColor(
                    4281976575,
                ),
                fade: 0.0,
            },
        ),
        Char(
            Char {
                time: 0.003,
                line_index: 1,
                font: Regular,
                codepoint: '。',
                is_rubi: false,
                cant_be_at_line_start: true,
                cant_be_at_line_end: false,
                has_rubi: false,
                width: 50.000153,
                height: 50.0,
                position: Vec2(
                    550.00134,
                    134.625,
                ),
                horizontal_scale: 0.50505203,
                scale: 0.5208333,
                color: UnormColor(
                    4281976575,
                ),
                fade: 0.0,
            },
        ),
        Wait(
            Wait {
                time: 0.003,
                line_index: 1,
                is_last_wait: true,
                is_auto_click: false,
            },
        ),
    ],
    [
        LineInfo {
            width: 1500.0,
            y_position: 0.0,
            line_height: 70.0,
            baseline_ascent: 60.625,
            rubi_height: 20.0,
        },
        LineInfo {
            width: 600.00146,
            y_position: 74.0,
            line_height: 70.0,
            baseline_ascent: 60.625,
            rubi_height: 20.0,
        },
    ],
    Vec2(
        1500.0,
        144.0,
    ),
)
