---
source: shin-core/src/layout/message_text_layouter/tests/snapshots.rs
expression: snapshot
---
(
    [
        Char(
            Char {
                time: 0.0,
                line_index: 1,
                font: Regular,
                codepoint: '猫',
                is_rubi: false,
                cant_be_at_line_start: false,
                cant_be_at_line_end: true,
                has_rubi: true,
                width: 50.00002,
                height: 50.0,
                position: Vec2(
                    0.0,
                    125.625,
                ),
                horizontal_scale: 0.50505066,
                scale: 0.5208333,
                color: UnormColor(
                    4294967295,
                ),
                fade: 0.2,
            },
        ),
        Char(
            Char {
                time: 6.2088173e-10,
                line_index: 1,
                font: Regular,
                codepoint: 'ね',
                is_rubi: true,
                cant_be_at_line_start: false,
                cant_be_at_line_end: false,
                has_rubi: false,
                width: 20.000008,
                height: 20.0,
                position: Vec2(
                    0.0,
                    81.25,
                ),
                horizontal_scale: 0.20202029,
                scale: 0.20833333,
                color: UnormColor(
                    4294967295,
                ),
                fade: 0.2,
            },
        ),
        Char(
            Char {
                time: 0.0100000305,
                line_index: 1,
                font: Regular,
                codepoint: 'こ',
                is_rubi: true,
                cant_be_at_line_start: false,
                cant_be_at_line_end: false,
                has_rubi: false,
                width: 20.000008,
                height: 20.0,
                position: Vec2(
                    20.000008,
                    81.25,
                ),
                horizontal_scale: 0.20202029,
                scale: 0.20833333,
                color: UnormColor(
                    4294967295,
                ),
                fade: 0.2,
            },
        ),
        Char(
            Char {
                time: 0.020000061,
                line_index: 1,
                font: Regular,
                codepoint: 'ぐ',
                is_rubi: true,
                cant_be_at_line_start: false,
                cant_be_at_line_end: false,
                has_rubi: false,
                width: 20.000008,
                height: 20.0,
                position: Vec2(
                    40.000015,
                    81.25,
                ),
                horizontal_scale: 0.20202029,
                scale: 0.20833333,
                color: UnormColor(
                    4294967295,
                ),
                fade: 0.2,
            },
        ),
        Char(
            Char {
                time: 0.025000075,
                line_index: 1,
                font: Regular,
                codepoint: '車',
                is_rubi: false,
                cant_be_at_line_start: true,
                cant_be_at_line_end: false,
                has_rubi: true,
                width: 50.00002,
                height: 50.0,
                position: Vec2(
                    50.00002,
                    125.625,
                ),
                horizontal_scale: 0.50505066,
                scale: 0.5208333,
                color: UnormColor(
                    4294967295,
                ),
                fade: 0.2,
            },
        ),
        Char(
            Char {
                time: 0.03000009,
                line_index: 1,
                font: Regular,
                codepoint: 'る',
                is_rubi: true,
                cant_be_at_line_start: false,
                cant_be_at_line_end: false,
                has_rubi: false,
                width: 20.000008,
                height: 20.0,
                position: Vec2(
                    60.000023,
                    81.25,
                ),
                horizontal_scale: 0.20202029,
                scale: 0.20833333,
                color: UnormColor(
                    4294967295,
                ),
                fade: 0.2,
            },
        ),
        Char(
            Char {
                time: 0.040000122,
                line_index: 1,
                font: Regular,
                codepoint: 'ま',
                is_rubi: true,
                cant_be_at_line_start: false,
                cant_be_at_line_end: false,
                has_rubi: false,
                width: 20.000008,
                height: 20.0,
                position: Vec2(
                    80.00003,
                    81.25,
                ),
                horizontal_scale: 0.20202029,
                scale: 0.20833333,
                color: UnormColor(
                    4294967295,
                ),
                fade: 0.2,
            },
        ),
        Char(
            Char {
                time: 0.05000015,
                line_index: 1,
                font: Regular,
                codepoint: 'の',
                is_rubi: false,
                cant_be_at_line_start: false,
                cant_be_at_line_end: false,
                has_rubi: false,
                width: 50.00002,
                height: 50.0,
                position: Vec2(
                    100.00004,
                    125.625,
                ),
                horizontal_scale: 0.50505066,
                scale: 0.5208333,
                color: UnormColor(
                    4294967295,
                ),
                fade: 0.2,
            },
        ),
        Char(
            Char {
                time: 0.07500023,
                line_index: 1,
                font: Regular,
                codepoint: 'ひ',
                is_rubi: false,
                cant_be_at_line_start: false,
                cant_be_at_line_end: false,
                has_rubi: false,
                width: 50.00002,
                height: 50.0,
                position: Vec2(
                    150.00006,
                    125.625,
                ),
                horizontal_scale: 0.50505066,
                scale: 0.5208333,
                color: UnormColor(
                    4294967295,
                ),
                fade: 0.2,
            },
        ),
        Char(
            Char {
                time: 0.1000003,
                line_index: 1,
                font: Regular,
                codepoint: 'と',
                is_rubi: false,
                cant_be_at_line_start: false,
                cant_be_at_line_end: false,
                has_rubi: false,
                width: 50.00002,
                height: 50.0,
                position: Vec2(
                    200.00008,
                    125.625,
                ),
                horizontal_scale: 0.50505066,
                scale: 0.5208333,
                color: UnormColor(
                    4294967295,
                ),
                fade: 0.2,
            },
        ),
        Char(
            Char {
                time: 0.12500037,
                line_index: 1,
                font: Regular,
                codepoint: 'つ',
                is_rubi: false,
                cant_be_at_line_start: false,
                cant_be_at_line_end: false,
                has_rubi: false,
                width: 50.00002,
                height: 50.0,
                position: Vec2(
                    250.00009,
                    125.625,
                ),
                horizontal_scale: 0.50505066,
                scale: 0.5208333,
                color: UnormColor(
                    4294967295,
                ),
                fade: 0.2,
            },
        ),
        Char(
            Char {
                time: 0.15000045,
                line_index: 1,
                font: Regular,
                codepoint: 'し',
                is_rubi: false,
                cant_be_at_line_start: false,
                cant_be_at_line_end: false,
                has_rubi: false,
                width: 50.00002,
                height: 50.0,
                position: Vec2(
                    300.00012,
                    125.625,
                ),
                horizontal_scale: 0.50505066,
                scale: 0.5208333,
                color: UnormColor(
                    4294967295,
                ),
                fade: 0.2,
            },
        ),
        Char(
            Char {
                time: 0.17500053,
                line_index: 1,
                font: Regular,
                codepoint: 'か',
                is_rubi: false,
                cant_be_at_line_start: false,
                cant_be_at_line_end: false,
                has_rubi: false,
                width: 50.00002,
                height: 50.0,
                position: Vec2(
                    350.00012,
                    125.625,
                ),
                horizontal_scale: 0.50505066,
                scale: 0.5208333,
                color: UnormColor(
                    4294967295,
                ),
                fade: 0.2,
            },
        ),
        Char(
            Char {
                time: 0.20000061,
                line_index: 1,
                font: Regular,
                codepoint: 'な',
                is_rubi: false,
                cant_be_at_line_start: false,
                cant_be_at_line_end: false,
                has_rubi: false,
                width: 50.00002,
                height: 50.0,
                position: Vec2(
                    400.00015,
                    125.625,
                ),
                horizontal_scale: 0.50505066,
                scale: 0.5208333,
                color: UnormColor(
                    4294967295,
                ),
                fade: 0.2,
            },
        ),
        Char(
            Char {
                time: 0.2250007,
                line_index: 1,
                font: Regular,
                codepoint: 'い',
                is_rubi: false,
                cant_be_at_line_start: false,
                cant_be_at_line_end: false,
                has_rubi: false,
                width: 50.00002,
                height: 50.0,
                position: Vec2(
                    450.00015,
                    125.625,
                ),
                horizontal_scale: 0.50505066,
                scale: 0.5208333,
                color: UnormColor(
                    4294967295,
                ),
                fade: 0.2,
            },
        ),
        Char(
            Char {
                time: 0.25000077,
                line_index: 1,
                font: Regular,
                codepoint: '車',
                is_rubi: false,
                cant_be_at_line_start: false,
                cant_be_at_line_end: false,
                has_rubi: false,
                width: 50.00002,
                height: 50.0,
                position: Vec2(
                    500.00018,
                    125.625,
                ),
                horizontal_scale: 0.50505066,
                scale: 0.5208333,
                color: UnormColor(
                    4294967295,
                ),
                fade: 0.2,
            },
        ),
        Char(
            Char {
                time: 0.27500084,
                line_index: 1,
                font: Regular,
                codepoint: '輪',
                is_rubi: false,
                cant_be_at_line_start: false,
                cant_be_at_line_end: false,
                has_rubi: false,
                width: 50.00002,
                height: 50.0,
                position: Vec2(
                    550.00024,
                    125.625,
                ),
                horizontal_scale: 0.50505066,
                scale: 0.5208333,
                color: UnormColor(
                    4294967295,
                ),
                fade: 0.2,
            },
        ),
        Char(
            Char {
                time: 0.3000009,
                line_index: 1,
                font: Regular,
                codepoint: 'が',
                is_rubi: false,
                cant_be_at_line_start: false,
                cant_be_at_line_end: false,
                has_rubi: false,
                width: 50.00002,
                height: 50.0,
                position: Vec2(
                    600.00024,
                    125.625,
                ),
                horizontal_scale: 0.50505066,
                scale: 0.5208333,
                color: UnormColor(
                    4294967295,
                ),
                fade: 0.2,
            },
        ),
        Char(
            Char {
                time: 0.32500097,
                line_index: 1,
                font: Regular,
                codepoint: '小',
                is_rubi: false,
                cant_be_at_line_start: false,
                cant_be_at_line_end: false,
                has_rubi: false,
                width: 50.00002,
                height: 50.0,
                position: Vec2(
                    650.0002,
                    125.625,
                ),
                horizontal_scale: 0.50505066,
                scale: 0.5208333,
                color: UnormColor(
                    4294967295,
                ),
                fade: 0.2,
            },
        ),
        Char(
            Char {
                time: 0.35000104,
                line_index: 1,
                font: Regular,
                codepoint: '石',
                is_rubi: false,
                cant_be_at_line_start: false,
                cant_be_at_line_end: false,
                has_rubi: false,
                width: 50.00002,
                height: 50.0,
                position: Vec2(
                    700.0002,
                    125.625,
                ),
                horizontal_scale: 0.50505066,
                scale: 0.5208333,
                color: UnormColor(
                    4294967295,
                ),
                fade: 0.2,
            },
        ),
        Char(
            Char {
                time: 0.3750011,
                line_index: 1,
                font: Regular,
                codepoint: 'で',
                is_rubi: false,
                cant_be_at_line_start: false,
                cant_be_at_line_end: false,
                has_rubi: false,
                width: 50.00002,
                height: 50.0,
                position: Vec2(
                    750.0002,
                    125.625,
                ),
                horizontal_scale: 0.50505066,
                scale: 0.5208333,
                color: UnormColor(
                    4294967295,
                ),
                fade: 0.2,
            },
        ),
        Char(
            Char {
                time: 0.40000117,
                line_index: 1,
                font: Regular,
                codepoint: 'も',
                is_rubi: false,
                cant_be_at_line_start: false,
                cant_be_at_line_end: false,
                has_rubi: false,
                width: 50.00002,
                height: 50.0,
                position: Vec2(
                    800.0002,
                    125.625,
                ),
                horizontal_scale: 0.50505066,
                scale: 0.5208333,
                color: UnormColor(
                    4294967295,
                ),
                fade: 0.2,
            },
        ),
        Char(
            Char {
                time: 0.42500123,
                line_index: 1,
                font: Regular,
                codepoint: '噛',
                is_rubi: false,
                cant_be_at_line_start: false,
                cant_be_at_line_end: true,
                has_rubi: false,
                width: 50.00002,
                height: 50.0,
                position: Vec2(
                    850.0002,
                    125.625,
                ),
                horizontal_scale: 0.50505066,
                scale: 0.5208333,
                color: UnormColor(
                    4294967295,
                ),
                fade: 0.2,
            },
        ),
        Char(
            Char {
                time: 0.4500013,
                line_index: 1,
                font: Regular,
                codepoint: 'ん',
                is_rubi: false,
                cant_be_at_line_start: true,
                cant_be_at_line_end: false,
                has_rubi: false,
                width: 50.00002,
                height: 50.0,
                position: Vec2(
                    900.0001,
                    125.625,
                ),
                horizontal_scale: 0.50505066,
                scale: 0.5208333,
                color: UnormColor(
                    4294967295,
                ),
                fade: 0.2,
            },
        ),
        Char(
            Char {
                time: 0.47500136,
                line_index: 1,
                font: Regular,
                codepoint: 'だ',
                is_rubi: false,
                cant_be_at_line_start: false,
                cant_be_at_line_end: false,
                has_rubi: false,
                width: 50.00002,
                height: 50.0,
                position: Vec2(
                    950.0001,
                    125.625,
                ),
                horizontal_scale: 0.50505066,
                scale: 0.5208333,
                color: UnormColor(
                    4294967295,
                ),
                fade: 0.2,
            },
        ),
        Char(
            Char {
                time: 0.50000143,
                line_index: 1,
                font: Regular,
                codepoint: 'の',
                is_rubi: false,
                cant_be_at_line_start: false,
                cant_be_at_line_end: false,
                has_rubi: false,
                width: 50.00002,
                height: 50.0,
                position: Vec2(
                    1000.0001,
                    125.625,
                ),
                horizontal_scale: 0.50505066,
                scale: 0.5208333,
                color: UnormColor(
                    4294967295,
                ),
                fade: 0.2,
            },
        ),
        Char(
            Char {
                time: 0.5250015,
                line_index: 1,
                font: Regular,
                codepoint: 'で',
                is_rubi: false,
                cant_be_at_line_start: false,
                cant_be_at_line_end: false,
                has_rubi: false,
                width: 50.00002,
                height: 50.0,
                position: Vec2(
                    1050.0001,
                    125.625,
                ),
                horizontal_scale: 0.50505066,
                scale: 0.5208333,
                color: UnormColor(
                    4294967295,
                ),
                fade: 0.2,
            },
        ),
        Char(
            Char {
                time: 0.5500016,
                line_index: 1,
                font: Regular,
                codepoint: 'バ',
                is_rubi: false,
                cant_be_at_line_start: false,
                cant_be_at_line_end: false,
                has_rubi: false,
                width: 50.00002,
                height: 50.0,
                position: Vec2(
                    1100.0001,
                    125.625,
                ),
                horizontal_scale: 0.50505066,
                scale: 0.5208333,
                color: UnormColor(
                    4294967295,
                ),
                fade: 0.2,
            },
        ),
        Char(
            Char {
                time: 0.5750017,
                line_index: 1,
                font: Regular,
                codepoint: 'ラ',
                is_rubi: false,
                cant_be_at_line_start: false,
                cant_be_at_line_end: false,
                has_rubi: false,
                width: 50.00002,
                height: 50.0,
                position: Vec2(
                    1150.0001,
                    125.625,
                ),
                horizontal_scale: 0.50505066,
                scale: 0.5208333,
                color: UnormColor(
                    4294967295,
                ),
                fade: 0.2,
            },
        ),
        Char(
            Char {
                time: 0.6000018,
                line_index: 1,
                font: Regular,
                codepoint: 'ン',
                is_rubi: false,
                cant_be_at_line_start: false,
                cant_be_at_line_end: false,
                has_rubi: false,
                width: 50.00002,
                height: 50.0,
                position: Vec2(
                    1200.0001,
                    125.625,
                ),
                horizontal_scale: 0.50505066,
                scale: 0.5208333,
                color: UnormColor(
                    4294967295,
                ),
                fade: 0.2,
            },
        ),
        Char(
            Char {
                time: 0.6250019,
                line_index: 1,
                font: Regular,
                codepoint: 'ス',
                is_rubi: false,
                cant_be_at_line_start: false,
                cant_be_at_line_end: false,
                has_rubi: false,
                width: 50.00002,
                height: 50.0,
                position: Vec2(
                    1250.0001,
                    125.625,
                ),
                horizontal_scale: 0.50505066,
                scale: 0.5208333,
                color: UnormColor(
                    4294967295,
                ),
                fade: 0.2,
            },
        ),
        Char(
            Char {
                time: 0.650002,
                line_index: 1,
                font: Regular,
                codepoint: 'を',
                is_rubi: false,
                cant_be_at_line_start: false,
                cant_be_at_line_end: false,
                has_rubi: false,
                width: 50.00002,
                height: 50.0,
                position: Vec2(
                    1300.0,
                    125.625,
                ),
                horizontal_scale: 0.50505066,
                scale: 0.5208333,
                color: UnormColor(
                    4294967295,
                ),
                fade: 0.2,
            },
        ),
        Char(
            Char {
                time: 0.6750021,
                line_index: 1,
                font: Regular,
                codepoint: '崩',
                is_rubi: false,
                cant_be_at_line_start: false,
                cant_be_at_line_end: false,
                has_rubi: false,
                width: 50.00002,
                height: 50.0,
                position: Vec2(
                    1350.0,
                    125.625,
                ),
                horizontal_scale: 0.50505066,
                scale: 0.5208333,
                color: UnormColor(
                    4294967295,
                ),
                fade: 0.2,
            },
        ),
        Char(
            Char {
                time: 0.7000022,
                line_index: 1,
                font: Regular,
                codepoint: 'し',
                is_rubi: false,
                cant_be_at_line_start: false,
                cant_be_at_line_end: false,
                has_rubi: false,
                width: 50.00002,
                height: 50.0,
                position: Vec2(
                    1400.0,
                    125.625,
                ),
                horizontal_scale: 0.50505066,
                scale: 0.5208333,
                color: UnormColor(
                    4294967295,
                ),
                fade: 0.2,
            },
        ),
        Char(
            Char {
                time: 0.7250023,
                line_index: 1,
                font: Regular,
                codepoint: 'て',
                is_rubi: false,
                cant_be_at_line_start: false,
                cant_be_at_line_end: false,
                has_rubi: false,
                width: 50.00002,
                height: 50.0,
                position: Vec2(
                    1450.0,
                    125.625,
                ),
                horizontal_scale: 0.50505066,
                scale: 0.5208333,
                color: UnormColor(
                    4294967295,
                ),
                fade: 0.2,
            },
        ),
        Char(
            Char {
                time: 0.7500024,
                line_index: 2,
                font: Regular,
                codepoint: 'し',
                is_rubi: false,
                cant_be_at_line_start: false,
                cant_be_at_line_end: false,
                has_rubi: false,
                width: 50.000153,
                height: 50.0,
                position: Vec2(
                    0.0,
                    199.625,
                ),
                horizontal_scale: 0.50505203,
                scale: 0.5208333,
                color: UnormColor(
                    4294967295,
                ),
                fade: 0.2,
            },
        ),
        Char(
            Char {
                time: 0.7750025,
                line_index: 2,
                font: Regular,
                codepoint: 'ま',
                is_rubi: false,
                cant_be_at_line_start: false,
                cant_be_at_line_end: true,
                has_rubi: false,
                width: 50.000153,
                height: 50.0,
                position: Vec2(
                    50.000122,
                    199.625,
                ),
                horizontal_scale: 0.50505203,
                scale: 0.5208333,
                color: UnormColor(
                    4294967295,
                ),
                fade: 0.2,
            },
        ),
        Char(
            Char {
                time: 0.8000026,
                line_index: 2,
                font: Regular,
                codepoint: 'っ',
                is_rubi: false,
                cant_be_at_line_start: true,
                cant_be_at_line_end: false,
                has_rubi: false,
                width: 50.000153,
                height: 50.0,
                position: Vec2(
                    100.000244,
                    199.625,
                ),
                horizontal_scale: 0.50505203,
                scale: 0.5208333,
                color: UnormColor(
                    4294967295,
                ),
                fade: 0.2,
            },
        ),
        Char(
            Char {
                time: 0.8250027,
                line_index: 2,
                font: Regular,
                codepoint: 'た',
                is_rubi: false,
                cant_be_at_line_start: false,
                cant_be_at_line_end: false,
                has_rubi: false,
                width: 50.000153,
                height: 50.0,
                position: Vec2(
                    150.00037,
                    199.625,
                ),
                horizontal_scale: 0.50505203,
                scale: 0.5208333,
                color: UnormColor(
                    4294967295,
                ),
                fade: 0.2,
            },
        ),
        Char(
            Char {
                time: 0.85000277,
                line_index: 2,
                font: Regular,
                codepoint: 'の',
                is_rubi: false,
                cant_be_at_line_start: false,
                cant_be_at_line_end: false,
                has_rubi: false,
                width: 50.000153,
                height: 50.0,
                position: Vec2(
                    200.00049,
                    199.625,
                ),
                horizontal_scale: 0.50505203,
                scale: 0.5208333,
                color: UnormColor(
                    4294967295,
                ),
                fade: 0.2,
            },
        ),
        Char(
            Char {
                time: 0.87500286,
                line_index: 2,
                font: Regular,
                codepoint: 'だ',
                is_rubi: false,
                cant_be_at_line_start: false,
                cant_be_at_line_end: false,
                has_rubi: false,
                width: 50.000153,
                height: 50.0,
                position: Vec2(
                    250.00061,
                    199.625,
                ),
                horizontal_scale: 0.50505203,
                scale: 0.5208333,
                color: UnormColor(
                    4294967295,
                ),
                fade: 0.2,
            },
        ),
        Char(
            Char {
                time: 0.90000296,
                line_index: 2,
                font: Regular,
                codepoint: 'ろ',
                is_rubi: false,
                cant_be_at_line_start: false,
                cant_be_at_line_end: false,
                has_rubi: false,
                width: 50.000153,
                height: 50.0,
                position: Vec2(
                    300.00073,
                    199.625,
                ),
                horizontal_scale: 0.50505203,
                scale: 0.5208333,
                color: UnormColor(
                    4294967295,
                ),
                fade: 0.2,
            },
        ),
        Char(
            Char {
                time: 0.92500305,
                line_index: 2,
                font: Regular,
                codepoint: 'う',
                is_rubi: false,
                cant_be_at_line_start: false,
                cant_be_at_line_end: true,
                has_rubi: false,
                width: 50.000153,
                height: 50.0,
                position: Vec2(
                    350.00085,
                    199.625,
                ),
                horizontal_scale: 0.50505203,
                scale: 0.5208333,
                color: UnormColor(
                    4294967295,
                ),
                fade: 0.2,
            },
        ),
        Char(
            Char {
                time: 0.95000315,
                line_index: 2,
                font: Regular,
                codepoint: '。',
                is_rubi: false,
                cant_be_at_line_start: true,
                cant_be_at_line_end: false,
                has_rubi: false,
                width: 50.000153,
                height: 50.0,
                position: Vec2(
                    400.00098,
                    199.625,
                ),
                horizontal_scale: 0.50505203,
                scale: 0.5208333,
                color: UnormColor(
                    4294967295,
                ),
                fade: 0.2,
            },
        ),
        Wait(
            Wait {
                time: 1.0750033,
                line_index: 2,
                is_last_wait: true,
                is_auto_click: false,
            },
        ),
    ],
    [
        LineInfo {
            width: 0.0,
            y_position: 0.0,
            line_height: 65.0,
            baseline_ascent: 60.625,
            rubi_height: 20.0,
        },
        LineInfo {
            width: 1500.0,
            y_position: 65.0,
            line_height: 70.0,
            baseline_ascent: 60.625,
            rubi_height: 20.0,
        },
        LineInfo {
            width: 450.00113,
            y_position: 139.0,
            line_height: 70.0,
            baseline_ascent: 60.625,
            rubi_height: 20.0,
        },
    ],
    Vec2(
        1500.0,
        209.0,
    ),
)
