---
source: shin-core/src/layout/message_text_layouter/tests/snapshots.rs
expression: snapshot
---
(
    [
        Char(
            Char {
                time: 0.0,
                line_index: 0,
                font: Regular,
                codepoint: '右',
                is_rubi: false,
                cant_be_at_line_start: false,
                cant_be_at_line_end: false,
                has_rubi: false,
                width: 45.000137,
                height: 45.0,
                position: Vec2(
                    44.999588,
                    36.5625,
                ),
                horizontal_scale: 0.45454684,
                scale: 0.46874997,
                color: UnormColor(
                    4294967295,
                ),
                fade: 0.0,
            },
        ),
        Char(
            Char {
                time: 0.0,
                line_index: 0,
                font: Regular,
                codepoint: '代',
                is_rubi: false,
                cant_be_at_line_start: false,
                cant_be_at_line_end: false,
                has_rubi: false,
                width: 45.000137,
                height: 45.0,
                position: Vec2(
                    89.999725,
                    36.5625,
                ),
                horizontal_scale: 0.45454684,
                scale: 0.46874997,
                color: UnormColor(
                    4294967295,
                ),
                fade: 0.0,
            },
        ),
        Char(
            Char {
                time: 0.0,
                line_index: 0,
                font: Regular,
                codepoint: '宮',
                is_rubi: false,
                cant_be_at_line_start: false,
                cant_be_at_line_end: false,
                has_rubi: false,
                width: 45.000137,
                height: 45.0,
                position: Vec2(
                    134.99986,
                    36.5625,
                ),
                horizontal_scale: 0.45454684,
                scale: 0.46874997,
                color: UnormColor(
                    4294967295,
                ),
                fade: 0.0,
            },
        ),
        Char(
            Char {
                time: 0.0,
                line_index: 0,
                font: Regular,
                codepoint: '\u{3000}',
                is_rubi: false,
                cant_be_at_line_start: false,
                cant_be_at_line_end: false,
                has_rubi: false,
                width: 45.000137,
                height: 45.0,
                position: Vec2(
                    180.0,
                    36.5625,
                ),
                horizontal_scale: 0.45454684,
                scale: 0.46874997,
                color: UnormColor(
                    4294967295,
                ),
                fade: 0.0,
            },
        ),
        Char(
            Char {
                time: 0.0,
                line_index: 0,
                font: Regular,
                codepoint: '金',
                is_rubi: false,
                cant_be_at_line_start: false,
                cant_be_at_line_end: false,
                has_rubi: false,
                width: 45.000137,
                height: 45.0,
                position: Vec2(
                    225.00014,
                    36.5625,
                ),
                horizontal_scale: 0.45454684,
                scale: 0.46874997,
                color: UnormColor(
                    4294967295,
                ),
                fade: 0.0,
            },
        ),
        Char(
            Char {
                time: 0.0,
                line_index: 0,
                font: Regular,
                codepoint: '蔵',
                is_rubi: false,
                cant_be_at_line_start: false,
                cant_be_at_line_end: false,
                has_rubi: false,
                width: 45.000137,
                height: 45.0,
                position: Vec2(
                    270.00027,
                    36.5625,
                ),
                horizontal_scale: 0.45454684,
                scale: 0.46874997,
                color: UnormColor(
                    4294967295,
                ),
                fade: 0.0,
            },
        ),
        Voice(
            Voice {
                time: 0.0,
                line_index: 1,
                filename: "01/11500003",
                volume: 1.0,
                lipsync_enabled: true,
                segment_duration: 0,
            },
        ),
        Char(
            Char {
                time: 0.0,
                line_index: 1,
                font: Regular,
                codepoint: '「',
                is_rubi: false,
                cant_be_at_line_start: false,
                cant_be_at_line_end: true,
                has_rubi: false,
                width: 50.000153,
                height: 50.0,
                position: Vec2(
                    0.0,
                    125.625,
                ),
                horizontal_scale: 0.50505203,
                scale: 0.5208333,
                color: UnormColor(
                    4294967295,
                ),
                fade: 0.2,
            },
        ),
        Char(
            Char {
                time: 0.025000075,
                line_index: 1,
                font: Regular,
                codepoint: '忠',
                is_rubi: false,
                cant_be_at_line_start: true,
                cant_be_at_line_end: false,
                has_rubi: false,
                width: 50.000153,
                height: 50.0,
                position: Vec2(
                    50.000153,
                    125.625,
                ),
                horizontal_scale: 0.50505203,
                scale: 0.5208333,
                color: UnormColor(
                    4294967295,
                ),
                fade: 0.2,
            },
        ),
        Char(
            Char {
                time: 0.05000015,
                line_index: 1,
                font: Regular,
                codepoint: '告',
                is_rubi: false,
                cant_be_at_line_start: false,
                cant_be_at_line_end: false,
                has_rubi: false,
                width: 50.000153,
                height: 50.0,
                position: Vec2(
                    100.000305,
                    125.625,
                ),
                horizontal_scale: 0.50505203,
                scale: 0.5208333,
                color: UnormColor(
                    4294967295,
                ),
                fade: 0.2,
            },
        ),
        Char(
            Char {
                time: 0.07500023,
                line_index: 1,
                font: Regular,
                codepoint: 'の',
                is_rubi: false,
                cant_be_at_line_start: false,
                cant_be_at_line_end: false,
                has_rubi: false,
                width: 50.000153,
                height: 50.0,
                position: Vec2(
                    150.00046,
                    125.625,
                ),
                horizontal_scale: 0.50505203,
                scale: 0.5208333,
                color: UnormColor(
                    4294967295,
                ),
                fade: 0.2,
            },
        ),
        Char(
            Char {
                time: 0.1000003,
                line_index: 1,
                font: Regular,
                codepoint: '気',
                is_rubi: false,
                cant_be_at_line_start: false,
                cant_be_at_line_end: false,
                has_rubi: false,
                width: 50.000153,
                height: 50.0,
                position: Vec2(
                    200.00061,
                    125.625,
                ),
                horizontal_scale: 0.50505203,
                scale: 0.5208333,
                color: UnormColor(
                    4294967295,
                ),
                fade: 0.2,
            },
        ),
        Char(
            Char {
                time: 0.12500037,
                line_index: 1,
                font: Regular,
                codepoint: '持',
                is_rubi: false,
                cant_be_at_line_start: false,
                cant_be_at_line_end: false,
                has_rubi: false,
                width: 50.000153,
                height: 50.0,
                position: Vec2(
                    250.00076,
                    125.625,
                ),
                horizontal_scale: 0.50505203,
                scale: 0.5208333,
                color: UnormColor(
                    4294967295,
                ),
                fade: 0.2,
            },
        ),
        Char(
            Char {
                time: 0.15000045,
                line_index: 1,
                font: Regular,
                codepoint: 'ち',
                is_rubi: false,
                cant_be_at_line_start: false,
                cant_be_at_line_end: false,
                has_rubi: false,
                width: 50.000153,
                height: 50.0,
                position: Vec2(
                    300.00092,
                    125.625,
                ),
                horizontal_scale: 0.50505203,
                scale: 0.5208333,
                color: UnormColor(
                    4294967295,
                ),
                fade: 0.2,
            },
        ),
        Char(
            Char {
                time: 0.17500053,
                line_index: 1,
                font: Regular,
                codepoint: 'だ',
                is_rubi: false,
                cant_be_at_line_start: false,
                cant_be_at_line_end: false,
                has_rubi: false,
                width: 50.000153,
                height: 50.0,
                position: Vec2(
                    350.00107,
                    125.625,
                ),
                horizontal_scale: 0.50505203,
                scale: 0.5208333,
                color: UnormColor(
                    4294967295,
                ),
                fade: 0.2,
            },
        ),
        Char(
            Char {
                time: 0.20000061,
                line_index: 1,
                font: Regular,
                codepoint: 'け',
                is_rubi: false,
                cant_be_at_line_start: false,
                cant_be_at_line_end: false,
                has_rubi: false,
                width: 50.000153,
                height: 50.0,
                position: Vec2(
                    400.00122,
                    125.625,
                ),
                horizontal_scale: 0.50505203,
                scale: 0.5208333,
                color: UnormColor(
                    4294967295,
                ),
                fade: 0.2,
            },
        ),
        Char(
            Char {
                time: 0.2250007,
                line_index: 1,
                font: Regular,
                codepoint: 'は',
                is_rubi: false,
                cant_be_at_line_start: false,
                cant_be_at_line_end: false,
                has_rubi: false,
                width: 50.000153,
                height: 50.0,
                position: Vec2(
                    450.00137,
                    125.625,
                ),
                horizontal_scale: 0.50505203,
                scale: 0.5208333,
                color: UnormColor(
                    4294967295,
                ),
                fade: 0.2,
            },
        ),
        Char(
            Char {
                time: 0.25000077,
                line_index: 1,
                font: Regular,
                codepoint: 'あ',
                is_rubi: false,
                cant_be_at_line_start: false,
                cant_be_at_line_end: false,
                has_rubi: false,
                width: 50.000153,
                height: 50.0,
                position: Vec2(
                    500.00153,
                    125.625,
                ),
                horizontal_scale: 0.50505203,
                scale: 0.5208333,
                color: UnormColor(
                    4294967295,
                ),
                fade: 0.2,
            },
        ),
        Char(
            Char {
                time: 0.27500084,
                line_index: 1,
                font: Regular,
                codepoint: 'り',
                is_rubi: false,
                cant_be_at_line_start: false,
                cant_be_at_line_end: false,
                has_rubi: false,
                width: 50.000153,
                height: 50.0,
                position: Vec2(
                    550.0017,
                    125.625,
                ),
                horizontal_scale: 0.50505203,
                scale: 0.5208333,
                color: UnormColor(
                    4294967295,
                ),
                fade: 0.2,
            },
        ),
        Char(
            Char {
                time: 0.3000009,
                line_index: 1,
                font: Regular,
                codepoint: 'が',
                is_rubi: false,
                cant_be_at_line_start: false,
                cant_be_at_line_end: false,
                has_rubi: false,
                width: 50.000153,
                height: 50.0,
                position: Vec2(
                    600.00183,
                    125.625,
                ),
                horizontal_scale: 0.50505203,
                scale: 0.5208333,
                color: UnormColor(
                    4294967295,
                ),
                fade: 0.2,
            },
        ),
        Char(
            Char {
                time: 0.32500097,
                line_index: 1,
                font: Regular,
                codepoint: 'た',
                is_rubi: false,
                cant_be_at_line_start: false,
                cant_be_at_line_end: false,
                has_rubi: false,
                width: 50.000153,
                height: 50.0,
                position: Vec2(
                    650.00195,
                    125.625,
                ),
                horizontal_scale: 0.50505203,
                scale: 0.5208333,
                color: UnormColor(
                    4294967295,
                ),
                fade: 0.2,
            },
        ),
        Char(
            Char {
                time: 0.35000104,
                line_index: 1,
                font: Regular,
                codepoint: 'く',
                is_rubi: false,
                cant_be_at_line_start: false,
                cant_be_at_line_end: false,
                has_rubi: false,
                width: 50.000153,
                height: 50.0,
                position: Vec2(
                    700.0021,
                    125.625,
                ),
                horizontal_scale: 0.50505203,
                scale: 0.5208333,
                color: UnormColor(
                    4294967295,
                ),
                fade: 0.2,
            },
        ),
        Char(
            Char {
                time: 0.3750011,
                line_index: 1,
                font: Regular,
                codepoint: 'い',
                is_rubi: false,
                cant_be_at_line_start: false,
                cant_be_at_line_end: false,
                has_rubi: false,
                width: 50.000153,
                height: 50.0,
                position: Vec2(
                    750.0022,
                    125.625,
                ),
                horizontal_scale: 0.50505203,
                scale: 0.5208333,
                color: UnormColor(
                    4294967295,
                ),
                fade: 0.2,
            },
        ),
        Char(
            Char {
                time: 0.40000117,
                line_index: 1,
                font: Regular,
                codepoint: 'た',
                is_rubi: false,
                cant_be_at_line_start: false,
                cant_be_at_line_end: false,
                has_rubi: false,
                width: 50.000153,
                height: 50.0,
                position: Vec2(
                    800.0023,
                    125.625,
                ),
                horizontal_scale: 0.50505203,
                scale: 0.5208333,
                color: UnormColor(
                    4294967295,
                ),
                fade: 0.2,
            },
        ),
        Char(
            Char {
                time: 0.42500123,
                line_index: 1,
                font: Regular,
                codepoint: 'だ',
                is_rubi: false,
                cant_be_at_line_start: false,
                cant_be_at_line_end: false,
                has_rubi: false,
                width: 50.000153,
                height: 50.0,
                position: Vec2(
                    850.00244,
                    125.625,
                ),
                horizontal_scale: 0.50505203,
                scale: 0.5208333,
                color: UnormColor(
                    4294967295,
                ),
                fade: 0.2,
            },
        ),
        Char(
            Char {
                time: 0.4500013,
                line_index: 1,
                font: Regular,
                codepoint: 'い',
                is_rubi: false,
                cant_be_at_line_start: false,
                cant_be_at_line_end: false,
                has_rubi: false,
                width: 50.000153,
                height: 50.0,
                position: Vec2(
                    900.00256,
                    125.625,
                ),
                horizontal_scale: 0.50505203,
                scale: 0.5208333,
                color: UnormColor(
                    4294967295,
                ),
                fade: 0.2,
            },
        ),
        Char(
            Char {
                time: 0.47500136,
                line_index: 1,
                font: Regular,
                codepoint: 'て',
                is_rubi: false,
                cant_be_at_line_start: false,
                cant_be_at_line_end: false,
                has_rubi: false,
                width: 50.000153,
                height: 50.0,
                position: Vec2(
                    950.0027,
                    125.625,
                ),
                horizontal_scale: 0.50505203,
                scale: 0.5208333,
                color: UnormColor(
                    4294967295,
                ),
                fade: 0.2,
            },
        ),
        Char(
            Char {
                time: 0.50000143,
                line_index: 1,
                font: Regular,
                codepoint: 'お',
                is_rubi: false,
                cant_be_at_line_start: false,
                cant_be_at_line_end: false,
                has_rubi: false,
                width: 50.000153,
                height: 50.0,
                position: Vec2(
                    1000.0028,
                    125.625,
                ),
                horizontal_scale: 0.50505203,
                scale: 0.5208333,
                color: UnormColor(
                    4294967295,
                ),
                fade: 0.2,
            },
        ),
        Char(
            Char {
                time: 0.5250015,
                line_index: 1,
                font: Regular,
                codepoint: 'く',
                is_rubi: false,
                cant_be_at_line_start: false,
                cant_be_at_line_end: true,
                has_rubi: false,
                width: 50.000153,
                height: 50.0,
                position: Vec2(
                    1050.0029,
                    125.625,
                ),
                horizontal_scale: 0.50505203,
                scale: 0.5208333,
                color: UnormColor(
                    4294967295,
                ),
                fade: 0.2,
            },
        ),
        Char(
            Char {
                time: 0.5500016,
                line_index: 1,
                font: Regular,
                codepoint: '。',
                is_rubi: false,
                cant_be_at_line_start: true,
                cant_be_at_line_end: false,
                has_rubi: false,
                width: 50.000153,
                height: 50.0,
                position: Vec2(
                    1100.003,
                    125.625,
                ),
                horizontal_scale: 0.50505203,
                scale: 0.5208333,
                color: UnormColor(
                    4294967295,
                ),
                fade: 0.2,
            },
        ),
        Wait(
            Wait {
                time: 0.67500174,
                line_index: 1,
                is_last_wait: false,
                is_auto_click: false,
            },
        ),
        Voice(
            Voice {
                time: 0.6760017,
                line_index: 1,
                filename: "01/11500004",
                volume: 1.0,
                lipsync_enabled: true,
                segment_duration: 0,
            },
        ),
        Char(
            Char {
                time: 0.6760017,
                line_index: 1,
                font: Regular,
                codepoint: '我',
                is_rubi: false,
                cant_be_at_line_start: false,
                cant_be_at_line_end: false,
                has_rubi: false,
                width: 50.000153,
                height: 50.0,
                position: Vec2(
                    1150.0032,
                    125.625,
                ),
                horizontal_scale: 0.50505203,
                scale: 0.5208333,
                color: UnormColor(
                    4294967295,
                ),
                fade: 0.2,
            },
        ),
        Char(
            Char {
                time: 0.7010018,
                line_index: 1,
                font: Regular,
                codepoint: 'が',
                is_rubi: false,
                cant_be_at_line_start: false,
                cant_be_at_line_end: false,
                has_rubi: false,
                width: 50.000153,
                height: 50.0,
                position: Vec2(
                    1200.0033,
                    125.625,
                ),
                horizontal_scale: 0.50505203,
                scale: 0.5208333,
                color: UnormColor(
                    4294967295,
                ),
                fade: 0.2,
            },
        ),
        Char(
            Char {
                time: 0.7260019,
                line_index: 1,
                font: Regular,
                codepoint: '友',
                is_rubi: false,
                cant_be_at_line_start: false,
                cant_be_at_line_end: false,
                has_rubi: false,
                width: 50.000153,
                height: 50.0,
                position: Vec2(
                    1250.0034,
                    125.625,
                ),
                horizontal_scale: 0.50505203,
                scale: 0.5208333,
                color: UnormColor(
                    4294967295,
                ),
                fade: 0.2,
            },
        ),
        Char(
            Char {
                time: 0.751002,
                line_index: 2,
                font: Regular,
                codepoint: 'よ',
                is_rubi: false,
                cant_be_at_line_start: false,
                cant_be_at_line_end: true,
                has_rubi: false,
                width: 49.99997,
                height: 50.0,
                position: Vec2(
                    50.000153,
                    199.625,
                ),
                horizontal_scale: 0.5050502,
                scale: 0.5208333,
                color: UnormColor(
                    4294967295,
                ),
                fade: 0.2,
            },
        ),
        Char(
            Char {
                time: 0.7760021,
                line_index: 2,
                font: Regular,
                codepoint: '。',
                is_rubi: false,
                cant_be_at_line_start: true,
                cant_be_at_line_end: true,
                has_rubi: false,
                width: 49.99997,
                height: 50.0,
                position: Vec2(
                    100.00009,
                    199.625,
                ),
                horizontal_scale: 0.5050502,
                scale: 0.5208333,
                color: UnormColor(
                    4294967295,
                ),
                fade: 0.2,
            },
        ),
        Wait(
            Wait {
                time: 0.90100217,
                line_index: 2,
                is_last_wait: false,
                is_auto_click: false,
            },
        ),
        Voice(
            Voice {
                time: 0.90200216,
                line_index: 2,
                filename: "01/11500005",
                volume: 1.0,
                lipsync_enabled: true,
                segment_duration: 0,
            },
        ),
        Char(
            Char {
                time: 0.90200216,
                line_index: 2,
                font: Regular,
                codepoint: '…',
                is_rubi: false,
                cant_be_at_line_start: true,
                cant_be_at_line_end: true,
                has_rubi: false,
                width: 49.99997,
                height: 50.0,
                position: Vec2(
                    150.00003,
                    199.625,
                ),
                horizontal_scale: 0.5050502,
                scale: 0.5208333,
                color: UnormColor(
                    4294967295,
                ),
                fade: 0.2,
            },
        ),
        Char(
            Char {
                time: 0.92700225,
                line_index: 2,
                font: Regular,
                codepoint: '…',
                is_rubi: false,
                cant_be_at_line_start: true,
                cant_be_at_line_end: true,
                has_rubi: false,
                width: 49.99997,
                height: 50.0,
                position: Vec2(
                    199.99997,
                    199.625,
                ),
                horizontal_scale: 0.5050502,
                scale: 0.5208333,
                color: UnormColor(
                    4294967295,
                ),
                fade: 0.2,
            },
        ),
        Char(
            Char {
                time: 0.95200235,
                line_index: 2,
                font: Regular,
                codepoint: '…',
                is_rubi: false,
                cant_be_at_line_start: true,
                cant_be_at_line_end: false,
                has_rubi: false,
                width: 49.99997,
                height: 50.0,
                position: Vec2(
                    249.99991,
                    199.625,
                ),
                horizontal_scale: 0.5050502,
                scale: 0.5208333,
                color: UnormColor(
                    4294967295,
                ),
                fade: 0.2,
            },
        ),
        Char(
            Char {
                time: 0.97700244,
                line_index: 2,
                font: Regular,
                codepoint: '源',
                is_rubi: false,
                cant_be_at_line_start: false,
                cant_be_at_line_end: false,
                has_rubi: false,
                width: 49.99997,
                height: 50.0,
                position: Vec2(
                    299.99985,
                    199.625,
                ),
                horizontal_scale: 0.5050502,
                scale: 0.5208333,
                color: UnormColor(
                    4294967295,
                ),
                fade: 0.2,
            },
        ),
        Char(
            Char {
                time: 1.0020025,
                line_index: 2,
                font: Regular,
                codepoint: '次',
                is_rubi: false,
                cant_be_at_line_start: false,
                cant_be_at_line_end: true,
                has_rubi: false,
                width: 49.99997,
                height: 50.0,
                position: Vec2(
                    349.9998,
                    199.625,
                ),
                horizontal_scale: 0.5050502,
                scale: 0.5208333,
                color: UnormColor(
                    4294967295,
                ),
                fade: 0.2,
            },
        ),
        Char(
            Char {
                time: 1.0270026,
                line_index: 2,
                font: Regular,
                codepoint: '。',
                is_rubi: false,
                cant_be_at_line_start: true,
                cant_be_at_line_end: false,
                has_rubi: false,
                width: 49.99997,
                height: 50.0,
                position: Vec2(
                    399.99973,
                    199.625,
                ),
                horizontal_scale: 0.5050502,
                scale: 0.5208333,
                color: UnormColor(
                    4294967295,
                ),
                fade: 0.2,
            },
        ),
        Wait(
            Wait {
                time: 1.1520027,
                line_index: 2,
                is_last_wait: false,
                is_auto_click: false,
            },
        ),
        Voice(
            Voice {
                time: 1.1530027,
                line_index: 2,
                filename: "01/11500006",
                volume: 1.0,
                lipsync_enabled: true,
                segment_duration: 0,
            },
        ),
        Char(
            Char {
                time: 1.1530027,
                line_index: 2,
                font: Regular,
                codepoint: 'も',
                is_rubi: false,
                cant_be_at_line_start: false,
                cant_be_at_line_end: false,
                has_rubi: false,
                width: 49.99997,
                height: 50.0,
                position: Vec2(
                    449.99966,
                    199.625,
                ),
                horizontal_scale: 0.5050502,
                scale: 0.5208333,
                color: UnormColor(
                    4294967295,
                ),
                fade: 0.2,
            },
        ),
        Char(
            Char {
                time: 1.1780028,
                line_index: 2,
                font: Regular,
                codepoint: 'う',
                is_rubi: false,
                cant_be_at_line_start: false,
                cant_be_at_line_end: false,
                has_rubi: false,
                width: 49.99997,
                height: 50.0,
                position: Vec2(
                    499.9996,
                    199.625,
                ),
                horizontal_scale: 0.5050502,
                scale: 0.5208333,
                color: UnormColor(
                    4294967295,
                ),
                fade: 0.2,
            },
        ),
        Char(
            Char {
                time: 1.2030029,
                line_index: 2,
                font: Regular,
                codepoint: '一',
                is_rubi: false,
                cant_be_at_line_start: false,
                cant_be_at_line_end: false,
                has_rubi: false,
                width: 49.99997,
                height: 50.0,
                position: Vec2(
                    549.9995,
                    199.625,
                ),
                horizontal_scale: 0.5050502,
                scale: 0.5208333,
                color: UnormColor(
                    4294967295,
                ),
                fade: 0.2,
            },
        ),
        Char(
            Char {
                time: 1.228003,
                line_index: 2,
                font: Regular,
                codepoint: '杯',
                is_rubi: false,
                cant_be_at_line_start: false,
                cant_be_at_line_end: false,
                has_rubi: false,
                width: 49.99997,
                height: 50.0,
                position: Vec2(
                    599.9995,
                    199.625,
                ),
                horizontal_scale: 0.5050502,
                scale: 0.5208333,
                color: UnormColor(
                    4294967295,
                ),
                fade: 0.2,
            },
        ),
        Char(
            Char {
                time: 1.2530031,
                line_index: 2,
                font: Regular,
                codepoint: '頼',
                is_rubi: false,
                cant_be_at_line_start: false,
                cant_be_at_line_end: false,
                has_rubi: false,
                width: 49.99997,
                height: 50.0,
                position: Vec2(
                    649.9994,
                    199.625,
                ),
                horizontal_scale: 0.5050502,
                scale: 0.5208333,
                color: UnormColor(
                    4294967295,
                ),
                fade: 0.2,
            },
        ),
        Char(
            Char {
                time: 1.2780032,
                line_index: 2,
                font: Regular,
                codepoint: 'む',
                is_rubi: false,
                cant_be_at_line_start: false,
                cant_be_at_line_end: true,
                has_rubi: false,
                width: 49.99997,
                height: 50.0,
                position: Vec2(
                    699.9994,
                    199.625,
                ),
                horizontal_scale: 0.5050502,
                scale: 0.5208333,
                color: UnormColor(
                    4294967295,
                ),
                fade: 0.2,
            },
        ),
        Char(
            Char {
                time: 1.3030033,
                line_index: 2,
                font: Regular,
                codepoint: '。',
                is_rubi: false,
                cant_be_at_line_start: true,
                cant_be_at_line_end: false,
                has_rubi: false,
                width: 49.99997,
                height: 50.0,
                position: Vec2(
                    749.99927,
                    199.625,
                ),
                horizontal_scale: 0.5050502,
                scale: 0.5208333,
                color: UnormColor(
                    4294967295,
                ),
                fade: 0.2,
            },
        ),
        Wait(
            Wait {
                time: 1.4280034,
                line_index: 2,
                is_last_wait: false,
                is_auto_click: false,
            },
        ),
        Voice(
            Voice {
                time: 1.4290035,
                line_index: 2,
                filename: "01/11500007",
                volume: 1.0,
                lipsync_enabled: true,
                segment_duration: 0,
            },
        ),
        Char(
            Char {
                time: 1.4290035,
                line_index: 2,
                font: Regular,
                codepoint: '心',
                is_rubi: false,
                cant_be_at_line_start: false,
                cant_be_at_line_end: false,
                has_rubi: false,
                width: 49.99997,
                height: 50.0,
                position: Vec2(
                    799.99927,
                    199.625,
                ),
                horizontal_scale: 0.5050502,
                scale: 0.5208333,
                color: UnormColor(
                    4294967295,
                ),
                fade: 0.2,
            },
        ),
        Char(
            Char {
                time: 1.4540036,
                line_index: 2,
                font: Regular,
                codepoint: '持',
                is_rubi: false,
                cant_be_at_line_start: false,
                cant_be_at_line_end: false,
                has_rubi: false,
                width: 49.99997,
                height: 50.0,
                position: Vec2(
                    849.99927,
                    199.625,
                ),
                horizontal_scale: 0.5050502,
                scale: 0.5208333,
                color: UnormColor(
                    4294967295,
                ),
                fade: 0.2,
            },
        ),
        Char(
            Char {
                time: 1.4790037,
                line_index: 2,
                font: Regular,
                codepoint: 'ち',
                is_rubi: false,
                cant_be_at_line_start: false,
                cant_be_at_line_end: false,
                has_rubi: false,
                width: 49.99997,
                height: 50.0,
                position: Vec2(
                    899.9994,
                    199.625,
                ),
                horizontal_scale: 0.5050502,
                scale: 0.5208333,
                color: UnormColor(
                    4294967295,
                ),
                fade: 0.2,
            },
        ),
        Char(
            Char {
                time: 1.5040038,
                line_index: 2,
                font: Regular,
                codepoint: '薄',
                is_rubi: false,
                cant_be_at_line_start: false,
                cant_be_at_line_end: false,
                has_rubi: false,
                width: 49.99997,
                height: 50.0,
                position: Vec2(
                    949.9994,
                    199.625,
                ),
                horizontal_scale: 0.5050502,
                scale: 0.5208333,
                color: UnormColor(
                    4294967295,
                ),
                fade: 0.2,
            },
        ),
        Char(
            Char {
                time: 1.5290039,
                line_index: 2,
                font: Regular,
                codepoint: 'め',
                is_rubi: false,
                cant_be_at_line_start: false,
                cant_be_at_line_end: false,
                has_rubi: false,
                width: 49.99997,
                height: 50.0,
                position: Vec2(
                    999.9995,
                    199.625,
                ),
                horizontal_scale: 0.5050502,
                scale: 0.5208333,
                color: UnormColor(
                    4294967295,
                ),
                fade: 0.2,
            },
        ),
        Char(
            Char {
                time: 1.554004,
                line_index: 2,
                font: Regular,
                codepoint: 'で',
                is_rubi: false,
                cant_be_at_line_start: false,
                cant_be_at_line_end: false,
                has_rubi: false,
                width: 49.99997,
                height: 50.0,
                position: Vec2(
                    1049.9995,
                    199.625,
                ),
                horizontal_scale: 0.5050502,
                scale: 0.5208333,
                color: UnormColor(
                    4294967295,
                ),
                fade: 0.2,
            },
        ),
        Char(
            Char {
                time: 1.579004,
                line_index: 2,
                font: Regular,
                codepoint: 'な',
                is_rubi: false,
                cant_be_at_line_start: false,
                cant_be_at_line_end: true,
                has_rubi: false,
                width: 49.99997,
                height: 50.0,
                position: Vec2(
                    1099.9996,
                    199.625,
                ),
                horizontal_scale: 0.5050502,
                scale: 0.5208333,
                color: UnormColor(
                    4294967295,
                ),
                fade: 0.2,
            },
        ),
        Char(
            Char {
                time: 1.6040041,
                line_index: 2,
                font: Regular,
                codepoint: '。',
                is_rubi: false,
                cant_be_at_line_start: true,
                cant_be_at_line_end: false,
                has_rubi: false,
                width: 49.99997,
                height: 50.0,
                position: Vec2(
                    1149.9996,
                    199.625,
                ),
                horizontal_scale: 0.5050502,
                scale: 0.5208333,
                color: UnormColor(
                    4294967295,
                ),
                fade: 0.2,
            },
        ),
        Wait(
            Wait {
                time: 1.7290043,
                line_index: 2,
                is_last_wait: false,
                is_auto_click: false,
            },
        ),
        Voice(
            Voice {
                time: 1.7300043,
                line_index: 2,
                filename: "01/11500008",
                volume: 1.0,
                lipsync_enabled: true,
                segment_duration: 0,
            },
        ),
        Char(
            Char {
                time: 1.7300043,
                line_index: 2,
                font: Regular,
                codepoint: '南',
                is_rubi: false,
                cant_be_at_line_start: false,
                cant_be_at_line_end: false,
                has_rubi: false,
                width: 49.99997,
                height: 50.0,
                position: Vec2(
                    1199.9998,
                    199.625,
                ),
                horizontal_scale: 0.5050502,
                scale: 0.5208333,
                color: UnormColor(
                    4294967295,
                ),
                fade: 0.2,
            },
        ),
        Char(
            Char {
                time: 1.7550044,
                line_index: 2,
                font: Regular,
                codepoint: '條',
                is_rubi: false,
                cant_be_at_line_start: false,
                cant_be_at_line_end: false,
                has_rubi: false,
                width: 49.99997,
                height: 50.0,
                position: Vec2(
                    1249.9998,
                    199.625,
                ),
                horizontal_scale: 0.5050502,
                scale: 0.5208333,
                color: UnormColor(
                    4294967295,
                ),
                fade: 0.2,
            },
        ),
        Char(
            Char {
                time: 1.7800045,
                line_index: 2,
                font: Regular,
                codepoint: 'の',
                is_rubi: false,
                cant_be_at_line_start: false,
                cant_be_at_line_end: false,
                has_rubi: false,
                width: 49.99997,
                height: 50.0,
                position: Vec2(
                    1299.9999,
                    199.625,
                ),
                horizontal_scale: 0.5050502,
                scale: 0.5208333,
                color: UnormColor(
                    4294967295,
                ),
                fade: 0.2,
            },
        ),
        Char(
            Char {
                time: 1.8050046,
                line_index: 2,
                font: Regular,
                codepoint: '顔',
                is_rubi: false,
                cant_be_at_line_start: false,
                cant_be_at_line_end: false,
                has_rubi: false,
                width: 49.99997,
                height: 50.0,
                position: Vec2(
                    1349.9999,
                    199.625,
                ),
                horizontal_scale: 0.5050502,
                scale: 0.5208333,
                color: UnormColor(
                    4294967295,
                ),
                fade: 0.2,
            },
        ),
        Char(
            Char {
                time: 1.8300047,
                line_index: 2,
                font: Regular,
                codepoint: 'も',
                is_rubi: false,
                cant_be_at_line_start: false,
                cant_be_at_line_end: false,
                has_rubi: false,
                width: 49.99997,
                height: 50.0,
                position: Vec2(
                    1400.0,
                    199.625,
                ),
                horizontal_scale: 0.5050502,
                scale: 0.5208333,
                color: UnormColor(
                    4294967295,
                ),
                fade: 0.2,
            },
        ),
        Char(
            Char {
                time: 1.8550048,
                line_index: 2,
                font: Regular,
                codepoint: '立',
                is_rubi: false,
                cant_be_at_line_start: false,
                cant_be_at_line_end: false,
                has_rubi: false,
                width: 49.99997,
                height: 50.0,
                position: Vec2(
                    1450.0,
                    199.625,
                ),
                horizontal_scale: 0.5050502,
                scale: 0.5208333,
                color: UnormColor(
                    4294967295,
                ),
                fade: 0.2,
            },
        ),
        Char(
            Char {
                time: 1.8800049,
                line_index: 3,
                font: Regular,
                codepoint: 'て',
                is_rubi: false,
                cant_be_at_line_start: false,
                cant_be_at_line_end: false,
                has_rubi: false,
                width: 50.000153,
                height: 50.0,
                position: Vec2(
                    50.000275,
                    273.625,
                ),
                horizontal_scale: 0.50505203,
                scale: 0.5208333,
                color: UnormColor(
                    4294967295,
                ),
                fade: 0.2,
            },
        ),
        Char(
            Char {
                time: 1.905005,
                line_index: 3,
                font: Regular,
                codepoint: 'て',
                is_rubi: false,
                cant_be_at_line_start: false,
                cant_be_at_line_end: false,
                has_rubi: false,
                width: 50.000153,
                height: 50.0,
                position: Vec2(
                    100.00052,
                    273.625,
                ),
                horizontal_scale: 0.50505203,
                scale: 0.5208333,
                color: UnormColor(
                    4294967295,
                ),
                fade: 0.2,
            },
        ),
        Char(
            Char {
                time: 1.9300051,
                line_index: 3,
                font: Regular,
                codepoint: 'や',
                is_rubi: false,
                cant_be_at_line_start: false,
                cant_be_at_line_end: false,
                has_rubi: false,
                width: 50.000153,
                height: 50.0,
                position: Vec2(
                    150.00076,
                    273.625,
                ),
                horizontal_scale: 0.50505203,
                scale: 0.5208333,
                color: UnormColor(
                    4294967295,
                ),
                fade: 0.2,
            },
        ),
        Char(
            Char {
                time: 1.9550052,
                line_index: 3,
                font: Regular,
                codepoint: 'れ',
                is_rubi: false,
                cant_be_at_line_start: false,
                cant_be_at_line_end: true,
                has_rubi: false,
                width: 50.000153,
                height: 50.0,
                position: Vec2(
                    200.001,
                    273.625,
                ),
                horizontal_scale: 0.50505203,
                scale: 0.5208333,
                color: UnormColor(
                    4294967295,
                ),
                fade: 0.2,
            },
        ),
        Char(
            Char {
                time: 1.9800053,
                line_index: 3,
                font: Regular,
                codepoint: '」',
                is_rubi: false,
                cant_be_at_line_start: true,
                cant_be_at_line_end: false,
                has_rubi: false,
                width: 50.000153,
                height: 50.0,
                position: Vec2(
                    250.00125,
                    273.625,
                ),
                horizontal_scale: 0.50505203,
                scale: 0.5208333,
                color: UnormColor(
                    4294967295,
                ),
                fade: 0.2,
            },
        ),
        Wait(
            Wait {
                time: 2.0050054,
                line_index: 3,
                is_last_wait: true,
                is_auto_click: false,
            },
        ),
    ],
    [
        LineInfo {
            width: 360.0,
            y_position: 0.0,
            line_height: 65.0,
            baseline_ascent: 56.5625,
            rubi_height: 20.0,
        },
        LineInfo {
            width: 1300.0035,
            y_position: 65.0,
            line_height: 70.0,
            baseline_ascent: 60.625,
            rubi_height: 20.0,
        },
        LineInfo {
            width: 1449.9999,
            y_position: 139.0,
            line_height: 70.0,
            baseline_ascent: 60.625,
            rubi_height: 20.0,
        },
        LineInfo {
            width: 250.00125,
            y_position: 213.0,
            line_height: 70.0,
            baseline_ascent: 60.625,
            rubi_height: 20.0,
        },
    ],
    Vec2(
        1449.9999,
        283.0,
    ),
)
