---
source: shin-core/src/layout/message_text_layouter/mod.rs
assertion_line: 1273
expression: snapshot
---
(
    [
        Char(
            Char {
                time: 0.0,
                line_index: 0,
                codepoint: '右',
                is_rubi: false,
                cant_be_at_line_start: false,
                cant_be_at_line_end: false,
                has_rubi: false,
                width: 45.000137,
                height: 45.0,
                position: Vec2(
                    44.999588,
                    36.5625,
                ),
                horizontal_scale: 0.45454684,
                scale: 0.46874997,
                color: UnormColor(
                    4294967295,
                ),
                fade: 0.0,
            },
        ),
        Char(
            Char {
                time: 0.0,
                line_index: 0,
                codepoint: '代',
                is_rubi: false,
                cant_be_at_line_start: false,
                cant_be_at_line_end: false,
                has_rubi: false,
                width: 45.000137,
                height: 45.0,
                position: Vec2(
                    89.999725,
                    36.5625,
                ),
                horizontal_scale: 0.45454684,
                scale: 0.46874997,
                color: UnormColor(
                    4294967295,
                ),
                fade: 0.0,
            },
        ),
        Char(
            Char {
                time: 0.0,
                line_index: 0,
                codepoint: '宮',
                is_rubi: false,
                cant_be_at_line_start: false,
                cant_be_at_line_end: false,
                has_rubi: false,
                width: 45.000137,
                height: 45.0,
                position: Vec2(
                    134.99986,
                    36.5625,
                ),
                horizontal_scale: 0.45454684,
                scale: 0.46874997,
                color: UnormColor(
                    4294967295,
                ),
                fade: 0.0,
            },
        ),
        Char(
            Char {
                time: 0.0,
                line_index: 0,
                codepoint: '\u{3000}',
                is_rubi: false,
                cant_be_at_line_start: false,
                cant_be_at_line_end: false,
                has_rubi: false,
                width: 45.000137,
                height: 45.0,
                position: Vec2(
                    180.0,
                    36.5625,
                ),
                horizontal_scale: 0.45454684,
                scale: 0.46874997,
                color: UnormColor(
                    4294967295,
                ),
                fade: 0.0,
            },
        ),
        Char(
            Char {
                time: 0.0,
                line_index: 0,
                codepoint: '金',
                is_rubi: false,
                cant_be_at_line_start: false,
                cant_be_at_line_end: false,
                has_rubi: false,
                width: 45.000137,
                height: 45.0,
                position: Vec2(
                    225.00014,
                    36.5625,
                ),
                horizontal_scale: 0.45454684,
                scale: 0.46874997,
                color: UnormColor(
                    4294967295,
                ),
                fade: 0.0,
            },
        ),
        Char(
            Char {
                time: 0.0,
                line_index: 0,
                codepoint: '蔵',
                is_rubi: false,
                cant_be_at_line_start: false,
                cant_be_at_line_end: false,
                has_rubi: false,
                width: 45.000137,
                height: 45.0,
                position: Vec2(
                    270.00027,
                    36.5625,
                ),
                horizontal_scale: 0.45454684,
                scale: 0.46874997,
                color: UnormColor(
                    4294967295,
                ),
                fade: 0.0,
            },
        ),
        Voice(
            Voice {
                time: 0.0,
                line_index: 1,
                filename: "01/11500136",
                volume: 1.0,
                lipsync_enabled: true,
                time_to_first_sync: 0,
            },
        ),
        Char(
            Char {
                time: 0.0,
                line_index: 1,
                codepoint: '「',
                is_rubi: false,
                cant_be_at_line_start: false,
                cant_be_at_line_end: true,
                has_rubi: false,
                width: 50.00002,
                height: 50.0,
                position: Vec2(
                    0.0,
                    125.625,
                ),
                horizontal_scale: 0.50505066,
                scale: 0.5208333,
                color: UnormColor(
                    4294967295,
                ),
                fade: 0.2,
            },
        ),
        Char(
            Char {
                time: 0.025000075,
                line_index: 1,
                codepoint: '留',
                is_rubi: false,
                cant_be_at_line_start: true,
                cant_be_at_line_end: false,
                has_rubi: false,
                width: 50.00002,
                height: 50.0,
                position: Vec2(
                    50.00002,
                    125.625,
                ),
                horizontal_scale: 0.50505066,
                scale: 0.5208333,
                color: UnormColor(
                    4294967295,
                ),
                fade: 0.2,
            },
        ),
        Char(
            Char {
                time: 0.05000015,
                line_index: 1,
                codepoint: '弗',
                is_rubi: false,
                cant_be_at_line_start: false,
                cant_be_at_line_end: false,
                has_rubi: false,
                width: 50.00002,
                height: 50.0,
                position: Vec2(
                    100.00004,
                    125.625,
                ),
                horizontal_scale: 0.50505066,
                scale: 0.5208333,
                color: UnormColor(
                    4294967295,
                ),
                fade: 0.2,
            },
        ),
        Char(
            Char {
                time: 0.07500023,
                line_index: 1,
                codepoint: '夫',
                is_rubi: false,
                cant_be_at_line_start: false,
                cant_be_at_line_end: false,
                has_rubi: false,
                width: 50.00002,
                height: 50.0,
                position: Vec2(
                    150.00006,
                    125.625,
                ),
                horizontal_scale: 0.50505066,
                scale: 0.5208333,
                color: UnormColor(
                    4294967295,
                ),
                fade: 0.2,
            },
        ),
        Char(
            Char {
                time: 0.1000003,
                line_index: 1,
                codepoint: 'の',
                is_rubi: false,
                cant_be_at_line_start: false,
                cant_be_at_line_end: false,
                has_rubi: false,
                width: 50.00002,
                height: 50.0,
                position: Vec2(
                    200.00008,
                    125.625,
                ),
                horizontal_scale: 0.50505066,
                scale: 0.5208333,
                color: UnormColor(
                    4294967295,
                ),
                fade: 0.2,
            },
        ),
        Char(
            Char {
                time: 0.12500037,
                line_index: 1,
                codepoint: '間',
                is_rubi: false,
                cant_be_at_line_start: false,
                cant_be_at_line_end: false,
                has_rubi: false,
                width: 50.00002,
                height: 50.0,
                position: Vec2(
                    250.00009,
                    125.625,
                ),
                horizontal_scale: 0.50505066,
                scale: 0.5208333,
                color: UnormColor(
                    4294967295,
                ),
                fade: 0.2,
            },
        ),
        Char(
            Char {
                time: 0.15000045,
                line_index: 1,
                codepoint: '抜',
                is_rubi: false,
                cant_be_at_line_start: false,
                cant_be_at_line_end: false,
                has_rubi: false,
                width: 50.00002,
                height: 50.0,
                position: Vec2(
                    300.00012,
                    125.625,
                ),
                horizontal_scale: 0.50505066,
                scale: 0.5208333,
                color: UnormColor(
                    4294967295,
                ),
                fade: 0.2,
            },
        ),
        Char(
            Char {
                time: 0.17500053,
                line_index: 1,
                codepoint: 'け',
                is_rubi: false,
                cant_be_at_line_start: false,
                cant_be_at_line_end: false,
                has_rubi: false,
                width: 50.00002,
                height: 50.0,
                position: Vec2(
                    350.00012,
                    125.625,
                ),
                horizontal_scale: 0.50505066,
                scale: 0.5208333,
                color: UnormColor(
                    4294967295,
                ),
                fade: 0.2,
            },
        ),
        Char(
            Char {
                time: 0.20000061,
                line_index: 1,
                codepoint: 'は',
                is_rubi: false,
                cant_be_at_line_start: false,
                cant_be_at_line_end: false,
                has_rubi: false,
                width: 50.00002,
                height: 50.0,
                position: Vec2(
                    400.00015,
                    125.625,
                ),
                horizontal_scale: 0.50505066,
                scale: 0.5208333,
                color: UnormColor(
                    4294967295,
                ),
                fade: 0.2,
            },
        ),
        Char(
            Char {
                time: 0.2250007,
                line_index: 1,
                codepoint: '女',
                is_rubi: false,
                cant_be_at_line_start: false,
                cant_be_at_line_end: false,
                has_rubi: false,
                width: 50.00002,
                height: 50.0,
                position: Vec2(
                    450.00015,
                    125.625,
                ),
                horizontal_scale: 0.50505066,
                scale: 0.5208333,
                color: UnormColor(
                    4294967295,
                ),
                fade: 0.2,
            },
        ),
        Char(
            Char {
                time: 0.25000077,
                line_index: 1,
                codepoint: '遊',
                is_rubi: false,
                cant_be_at_line_start: false,
                cant_be_at_line_end: false,
                has_rubi: false,
                width: 50.00002,
                height: 50.0,
                position: Vec2(
                    500.00018,
                    125.625,
                ),
                horizontal_scale: 0.50505066,
                scale: 0.5208333,
                color: UnormColor(
                    4294967295,
                ),
                fade: 0.2,
            },
        ),
        Char(
            Char {
                time: 0.27500084,
                line_index: 1,
                codepoint: 'び',
                is_rubi: false,
                cant_be_at_line_start: false,
                cant_be_at_line_end: false,
                has_rubi: false,
                width: 50.00002,
                height: 50.0,
                position: Vec2(
                    550.00024,
                    125.625,
                ),
                horizontal_scale: 0.50505066,
                scale: 0.5208333,
                color: UnormColor(
                    4294967295,
                ),
                fade: 0.2,
            },
        ),
        Char(
            Char {
                time: 0.3000009,
                line_index: 1,
                codepoint: 'ば',
                is_rubi: false,
                cant_be_at_line_start: false,
                cant_be_at_line_end: false,
                has_rubi: false,
                width: 50.00002,
                height: 50.0,
                position: Vec2(
                    600.00024,
                    125.625,
                ),
                horizontal_scale: 0.50505066,
                scale: 0.5208333,
                color: UnormColor(
                    4294967295,
                ),
                fade: 0.2,
            },
        ),
        Char(
            Char {
                time: 0.32500097,
                line_index: 1,
                codepoint: 'か',
                is_rubi: false,
                cant_be_at_line_start: false,
                cant_be_at_line_end: false,
                has_rubi: false,
                width: 50.00002,
                height: 50.0,
                position: Vec2(
                    650.0002,
                    125.625,
                ),
                horizontal_scale: 0.50505066,
                scale: 0.5208333,
                color: UnormColor(
                    4294967295,
                ),
                fade: 0.2,
            },
        ),
        Char(
            Char {
                time: 0.35000104,
                line_index: 1,
                codepoint: 'り',
                is_rubi: false,
                cant_be_at_line_start: false,
                cant_be_at_line_end: true,
                has_rubi: false,
                width: 50.00002,
                height: 50.0,
                position: Vec2(
                    700.0002,
                    125.625,
                ),
                horizontal_scale: 0.50505066,
                scale: 0.5208333,
                color: UnormColor(
                    4294967295,
                ),
                fade: 0.2,
            },
        ),
        Char(
            Char {
                time: 0.3750011,
                line_index: 1,
                codepoint: 'ッ',
                is_rubi: false,
                cant_be_at_line_start: true,
                cant_be_at_line_end: true,
                has_rubi: false,
                width: 50.00002,
                height: 50.0,
                position: Vec2(
                    750.0002,
                    125.625,
                ),
                horizontal_scale: 0.50505066,
                scale: 0.5208333,
                color: UnormColor(
                    4294967295,
                ),
                fade: 0.2,
            },
        ),
        Char(
            Char {
                time: 0.40000117,
                line_index: 1,
                codepoint: '！',
                is_rubi: false,
                cant_be_at_line_start: true,
                cant_be_at_line_end: true,
                has_rubi: false,
                width: 50.00002,
                height: 50.0,
                position: Vec2(
                    800.0002,
                    125.625,
                ),
                horizontal_scale: 0.50505066,
                scale: 0.5208333,
                color: UnormColor(
                    4294967295,
                ),
                fade: 0.2,
            },
        ),
        Char(
            Char {
                time: 0.42500123,
                line_index: 1,
                codepoint: '！',
                is_rubi: false,
                cant_be_at_line_start: true,
                cant_be_at_line_end: false,
                has_rubi: false,
                width: 50.00002,
                height: 50.0,
                position: Vec2(
                    850.0002,
                    125.625,
                ),
                horizontal_scale: 0.50505066,
                scale: 0.5208333,
                color: UnormColor(
                    4294967295,
                ),
                fade: 0.2,
            },
        ),
        Wait(
            Wait {
                time: 0.4500013,
                line_index: 1,
                is_last_wait: false,
                is_auto_click: false,
            },
        ),
        Char(
            Char {
                time: 0.4510013,
                line_index: 1,
                codepoint: '\u{3000}',
                is_rubi: false,
                cant_be_at_line_start: false,
                cant_be_at_line_end: false,
                has_rubi: false,
                width: 50.00002,
                height: 50.0,
                position: Vec2(
                    900.0001,
                    125.625,
                ),
                horizontal_scale: 0.50505066,
                scale: 0.5208333,
                color: UnormColor(
                    4294967295,
                ),
                fade: 0.2,
            },
        ),
        Voice(
            Voice {
                time: 0.47600135,
                line_index: 1,
                filename: "01/11500137",
                volume: 1.0,
                lipsync_enabled: true,
                time_to_first_sync: 0,
            },
        ),
        Char(
            Char {
                time: 0.47600135,
                line_index: 1,
                codepoint: '楼',
                is_rubi: false,
                cant_be_at_line_start: false,
                cant_be_at_line_end: false,
                has_rubi: false,
                width: 50.00002,
                height: 50.0,
                position: Vec2(
                    950.0001,
                    125.625,
                ),
                horizontal_scale: 0.50505066,
                scale: 0.5208333,
                color: UnormColor(
                    4294967295,
                ),
                fade: 0.2,
            },
        ),
        Char(
            Char {
                time: 0.5010014,
                line_index: 1,
                codepoint: '座',
                is_rubi: false,
                cant_be_at_line_start: false,
                cant_be_at_line_end: false,
                has_rubi: false,
                width: 50.00002,
                height: 50.0,
                position: Vec2(
                    1000.0001,
                    125.625,
                ),
                horizontal_scale: 0.50505066,
                scale: 0.5208333,
                color: UnormColor(
                    4294967295,
                ),
                fade: 0.2,
            },
        ),
        Char(
            Char {
                time: 0.5260015,
                line_index: 1,
                codepoint: 'は',
                is_rubi: false,
                cant_be_at_line_start: false,
                cant_be_at_line_end: false,
                has_rubi: false,
                width: 50.00002,
                height: 50.0,
                position: Vec2(
                    1050.0001,
                    125.625,
                ),
                horizontal_scale: 0.50505066,
                scale: 0.5208333,
                color: UnormColor(
                    4294967295,
                ),
                fade: 0.2,
            },
        ),
        Char(
            Char {
                time: 0.5510016,
                line_index: 1,
                codepoint: 'ど',
                is_rubi: false,
                cant_be_at_line_start: false,
                cant_be_at_line_end: false,
                has_rubi: false,
                width: 50.00002,
                height: 50.0,
                position: Vec2(
                    1100.0001,
                    125.625,
                ),
                horizontal_scale: 0.50505066,
                scale: 0.5208333,
                color: UnormColor(
                    4294967295,
                ),
                fade: 0.2,
            },
        ),
        Char(
            Char {
                time: 0.5760017,
                line_index: 1,
                codepoint: 'こ',
                is_rubi: false,
                cant_be_at_line_start: false,
                cant_be_at_line_end: false,
                has_rubi: false,
                width: 50.00002,
                height: 50.0,
                position: Vec2(
                    1150.0001,
                    125.625,
                ),
                horizontal_scale: 0.50505066,
                scale: 0.5208333,
                color: UnormColor(
                    4294967295,
                ),
                fade: 0.2,
            },
        ),
        Char(
            Char {
                time: 0.6010018,
                line_index: 1,
                codepoint: 'の',
                is_rubi: false,
                cant_be_at_line_start: false,
                cant_be_at_line_end: false,
                has_rubi: false,
                width: 50.00002,
                height: 50.0,
                position: Vec2(
                    1200.0001,
                    125.625,
                ),
                horizontal_scale: 0.50505066,
                scale: 0.5208333,
                color: UnormColor(
                    4294967295,
                ),
                fade: 0.2,
            },
        ),
        Char(
            Char {
                time: 0.6260019,
                line_index: 1,
                codepoint: '馬',
                is_rubi: false,
                cant_be_at_line_start: false,
                cant_be_at_line_end: false,
                has_rubi: false,
                width: 50.00002,
                height: 50.0,
                position: Vec2(
                    1250.0001,
                    125.625,
                ),
                horizontal_scale: 0.50505066,
                scale: 0.5208333,
                color: UnormColor(
                    4294967295,
                ),
                fade: 0.2,
            },
        ),
        Char(
            Char {
                time: 0.651002,
                line_index: 1,
                codepoint: 'の',
                is_rubi: false,
                cant_be_at_line_start: false,
                cant_be_at_line_end: false,
                has_rubi: false,
                width: 50.00002,
                height: 50.0,
                position: Vec2(
                    1300.0,
                    125.625,
                ),
                horizontal_scale: 0.50505066,
                scale: 0.5208333,
                color: UnormColor(
                    4294967295,
                ),
                fade: 0.2,
            },
        ),
        Char(
            Char {
                time: 0.6760021,
                line_index: 1,
                codepoint: '骨',
                is_rubi: false,
                cant_be_at_line_start: false,
                cant_be_at_line_end: false,
                has_rubi: false,
                width: 50.00002,
                height: 50.0,
                position: Vec2(
                    1350.0,
                    125.625,
                ),
                horizontal_scale: 0.50505066,
                scale: 0.5208333,
                color: UnormColor(
                    4294967295,
                ),
                fade: 0.2,
            },
        ),
        Char(
            Char {
                time: 0.7010022,
                line_index: 1,
                codepoint: 'と',
                is_rubi: false,
                cant_be_at_line_start: false,
                cant_be_at_line_end: false,
                has_rubi: false,
                width: 50.00002,
                height: 50.0,
                position: Vec2(
                    1400.0,
                    125.625,
                ),
                horizontal_scale: 0.50505066,
                scale: 0.5208333,
                color: UnormColor(
                    4294967295,
                ),
                fade: 0.2,
            },
        ),
        Char(
            Char {
                time: 0.7260023,
                line_index: 1,
                codepoint: 'も',
                is_rubi: false,
                cant_be_at_line_start: false,
                cant_be_at_line_end: false,
                has_rubi: false,
                width: 50.00002,
                height: 50.0,
                position: Vec2(
                    1450.0,
                    125.625,
                ),
                horizontal_scale: 0.50505066,
                scale: 0.5208333,
                color: UnormColor(
                    4294967295,
                ),
                fade: 0.2,
            },
        ),
        Char(
            Char {
                time: 0.7510024,
                line_index: 2,
                codepoint: 'わ',
                is_rubi: false,
                cant_be_at_line_start: false,
                cant_be_at_line_end: false,
                has_rubi: false,
                width: 50.000153,
                height: 50.0,
                position: Vec2(
                    50.00002,
                    199.625,
                ),
                horizontal_scale: 0.50505203,
                scale: 0.5208333,
                color: UnormColor(
                    4294967295,
                ),
                fade: 0.2,
            },
        ),
        Char(
            Char {
                time: 0.77600247,
                line_index: 2,
                codepoint: 'か',
                is_rubi: false,
                cant_be_at_line_start: false,
                cant_be_at_line_end: false,
                has_rubi: false,
                width: 50.000153,
                height: 50.0,
                position: Vec2(
                    101.85179,
                    199.625,
                ),
                horizontal_scale: 0.50505203,
                scale: 0.5208333,
                color: UnormColor(
                    4294967295,
                ),
                fade: 0.2,
            },
        ),
        Char(
            Char {
                time: 0.80100256,
                line_index: 2,
                codepoint: 'ら',
                is_rubi: false,
                cant_be_at_line_start: false,
                cant_be_at_line_end: true,
                has_rubi: false,
                width: 50.000153,
                height: 50.0,
                position: Vec2(
                    153.70357,
                    199.625,
                ),
                horizontal_scale: 0.50505203,
                scale: 0.5208333,
                color: UnormColor(
                    4294967295,
                ),
                fade: 0.2,
            },
        ),
        Char(
            Char {
                time: 0.82600266,
                line_index: 2,
                codepoint: 'ん',
                is_rubi: false,
                cant_be_at_line_start: true,
                cant_be_at_line_end: false,
                has_rubi: false,
                width: 50.000153,
                height: 50.0,
                position: Vec2(
                    205.55533,
                    199.625,
                ),
                horizontal_scale: 0.50505203,
                scale: 0.5208333,
                color: UnormColor(
                    4294967295,
                ),
                fade: 0.2,
            },
        ),
        Char(
            Char {
                time: 0.85100275,
                line_index: 2,
                codepoint: '男',
                is_rubi: false,
                cant_be_at_line_start: false,
                cant_be_at_line_end: false,
                has_rubi: false,
                width: 50.000153,
                height: 50.0,
                position: Vec2(
                    257.40714,
                    199.625,
                ),
                horizontal_scale: 0.50505203,
                scale: 0.5208333,
                color: UnormColor(
                    4294967295,
                ),
                fade: 0.2,
            },
        ),
        Char(
            Char {
                time: 0.87600285,
                line_index: 2,
                codepoint: 'の',
                is_rubi: false,
                cant_be_at_line_start: false,
                cant_be_at_line_end: false,
                has_rubi: false,
                width: 50.000153,
                height: 50.0,
                position: Vec2(
                    309.25888,
                    199.625,
                ),
                horizontal_scale: 0.50505203,
                scale: 0.5208333,
                color: UnormColor(
                    4294967295,
                ),
                fade: 0.2,
            },
        ),
        Char(
            Char {
                time: 0.90100294,
                line_index: 2,
                codepoint: '赤',
                is_rubi: false,
                cant_be_at_line_start: false,
                cant_be_at_line_end: true,
                has_rubi: false,
                width: 50.000153,
                height: 50.0,
                position: Vec2(
                    361.11066,
                    199.625,
                ),
                horizontal_scale: 0.50505203,
                scale: 0.5208333,
                color: UnormColor(
                    4294967295,
                ),
                fade: 0.2,
            },
        ),
        Char(
            Char {
                time: 0.92600304,
                line_index: 2,
                codepoint: 'ん',
                is_rubi: false,
                cant_be_at_line_start: true,
                cant_be_at_line_end: false,
                has_rubi: false,
                width: 50.000153,
                height: 50.0,
                position: Vec2(
                    412.96246,
                    199.625,
                ),
                horizontal_scale: 0.50505203,
                scale: 0.5208333,
                color: UnormColor(
                    4294967295,
                ),
                fade: 0.2,
            },
        ),
        Char(
            Char {
                time: 0.95100313,
                line_index: 2,
                codepoint: '坊',
                is_rubi: false,
                cant_be_at_line_start: false,
                cant_be_at_line_end: false,
                has_rubi: false,
                width: 50.000153,
                height: 50.0,
                position: Vec2(
                    464.81424,
                    199.625,
                ),
                horizontal_scale: 0.50505203,
                scale: 0.5208333,
                color: UnormColor(
                    4294967295,
                ),
                fade: 0.2,
            },
        ),
        Char(
            Char {
                time: 0.9760032,
                line_index: 2,
                codepoint: 'な',
                is_rubi: false,
                cant_be_at_line_start: false,
                cant_be_at_line_end: false,
                has_rubi: false,
                width: 50.000153,
                height: 50.0,
                position: Vec2(
                    516.66595,
                    199.625,
                ),
                horizontal_scale: 0.50505203,
                scale: 0.5208333,
                color: UnormColor(
                    4294967295,
                ),
                fade: 0.2,
            },
        ),
        Char(
            Char {
                time: 1.0010033,
                line_index: 2,
                codepoint: 'ど',
                is_rubi: false,
                cant_be_at_line_start: false,
                cant_be_at_line_end: false,
                has_rubi: false,
                width: 50.000153,
                height: 50.0,
                position: Vec2(
                    568.5177,
                    199.625,
                ),
                horizontal_scale: 0.50505203,
                scale: 0.5208333,
                color: UnormColor(
                    4294967295,
                ),
                fade: 0.2,
            },
        ),
        Char(
            Char {
                time: 1.0260034,
                line_index: 2,
                codepoint: '生',
                is_rubi: false,
                cant_be_at_line_start: false,
                cant_be_at_line_end: false,
                has_rubi: false,
                width: 50.000153,
                height: 50.0,
                position: Vec2(
                    620.3695,
                    199.625,
                ),
                horizontal_scale: 0.50505203,
                scale: 0.5208333,
                color: UnormColor(
                    4294967295,
                ),
                fade: 0.2,
            },
        ),
        Char(
            Char {
                time: 1.0510035,
                line_index: 2,
                codepoint: 'み',
                is_rubi: false,
                cant_be_at_line_start: false,
                cant_be_at_line_end: false,
                has_rubi: false,
                width: 50.000153,
                height: 50.0,
                position: Vec2(
                    672.2214,
                    199.625,
                ),
                horizontal_scale: 0.50505203,
                scale: 0.5208333,
                color: UnormColor(
                    4294967295,
                ),
                fade: 0.2,
            },
        ),
        Char(
            Char {
                time: 1.0760036,
                line_index: 2,
                codepoint: 'お',
                is_rubi: false,
                cant_be_at_line_start: false,
                cant_be_at_line_end: true,
                has_rubi: false,
                width: 50.000153,
                height: 50.0,
                position: Vec2(
                    724.0733,
                    199.625,
                ),
                horizontal_scale: 0.50505203,
                scale: 0.5208333,
                color: UnormColor(
                    4294967295,
                ),
                fade: 0.2,
            },
        ),
        Char(
            Char {
                time: 1.1010036,
                line_index: 2,
                codepoint: 'っ',
                is_rubi: false,
                cant_be_at_line_start: true,
                cant_be_at_line_end: false,
                has_rubi: false,
                width: 50.000153,
                height: 50.0,
                position: Vec2(
                    775.9252,
                    199.625,
                ),
                horizontal_scale: 0.50505203,
                scale: 0.5208333,
                color: UnormColor(
                    4294967295,
                ),
                fade: 0.2,
            },
        ),
        Char(
            Char {
                time: 1.1260037,
                line_index: 2,
                codepoint: 'て',
                is_rubi: false,
                cant_be_at_line_start: false,
                cant_be_at_line_end: true,
                has_rubi: false,
                width: 50.000153,
                height: 50.0,
                position: Vec2(
                    827.7771,
                    199.625,
                ),
                horizontal_scale: 0.50505203,
                scale: 0.5208333,
                color: UnormColor(
                    4294967295,
                ),
                fade: 0.2,
            },
        ),
        Char(
            Char {
                time: 1.1510038,
                line_index: 2,
                codepoint: '！',
                is_rubi: false,
                cant_be_at_line_start: true,
                cant_be_at_line_end: true,
                has_rubi: false,
                width: 50.000153,
                height: 50.0,
                position: Vec2(
                    879.62897,
                    199.625,
                ),
                horizontal_scale: 0.50505203,
                scale: 0.5208333,
                color: UnormColor(
                    4294967295,
                ),
                fade: 0.2,
            },
        ),
        Char(
            Char {
                time: 1.1760039,
                line_index: 2,
                codepoint: '！',
                is_rubi: false,
                cant_be_at_line_start: true,
                cant_be_at_line_end: false,
                has_rubi: false,
                width: 50.000153,
                height: 50.0,
                position: Vec2(
                    931.4809,
                    199.625,
                ),
                horizontal_scale: 0.50505203,
                scale: 0.5208333,
                color: UnormColor(
                    4294967295,
                ),
                fade: 0.2,
            },
        ),
        Wait(
            Wait {
                time: 1.201004,
                line_index: 2,
                is_last_wait: false,
                is_auto_click: false,
            },
        ),
        Char(
            Char {
                time: 1.2020041,
                line_index: 2,
                codepoint: '\u{3000}',
                is_rubi: false,
                cant_be_at_line_start: false,
                cant_be_at_line_end: false,
                has_rubi: false,
                width: 50.000153,
                height: 50.0,
                position: Vec2(
                    983.33276,
                    199.625,
                ),
                horizontal_scale: 0.50505203,
                scale: 0.5208333,
                color: UnormColor(
                    4294967295,
                ),
                fade: 0.2,
            },
        ),
        Voice(
            Voice {
                time: 1.2270042,
                line_index: 2,
                filename: "01/11500138",
                volume: 1.0,
                lipsync_enabled: true,
                time_to_first_sync: 0,
            },
        ),
        Char(
            Char {
                time: 1.2270042,
                line_index: 2,
                codepoint: '朱',
                is_rubi: false,
                cant_be_at_line_start: false,
                cant_be_at_line_end: false,
                has_rubi: false,
                width: 50.000153,
                height: 50.0,
                position: Vec2(
                    1035.1847,
                    199.625,
                ),
                horizontal_scale: 0.50505203,
                scale: 0.5208333,
                color: UnormColor(
                    4294967295,
                ),
                fade: 0.2,
            },
        ),
        Char(
            Char {
                time: 1.2520043,
                line_index: 2,
                codepoint: '志',
                is_rubi: false,
                cant_be_at_line_start: false,
                cant_be_at_line_end: false,
                has_rubi: false,
                width: 50.000153,
                height: 50.0,
                position: Vec2(
                    1087.0366,
                    199.625,
                ),
                horizontal_scale: 0.50505203,
                scale: 0.5208333,
                color: UnormColor(
                    4294967295,
                ),
                fade: 0.2,
            },
        ),
        Char(
            Char {
                time: 1.2770044,
                line_index: 2,
                codepoint: '香',
                is_rubi: false,
                cant_be_at_line_start: false,
                cant_be_at_line_end: false,
                has_rubi: false,
                width: 50.000153,
                height: 50.0,
                position: Vec2(
                    1138.8884,
                    199.625,
                ),
                horizontal_scale: 0.50505203,
                scale: 0.5208333,
                color: UnormColor(
                    4294967295,
                ),
                fade: 0.2,
            },
        ),
        Char(
            Char {
                time: 1.3020045,
                line_index: 2,
                codepoint: 'は',
                is_rubi: false,
                cant_be_at_line_start: false,
                cant_be_at_line_end: false,
                has_rubi: false,
                width: 50.000153,
                height: 50.0,
                position: Vec2(
                    1190.7404,
                    199.625,
                ),
                horizontal_scale: 0.50505203,
                scale: 0.5208333,
                color: UnormColor(
                    4294967295,
                ),
                fade: 0.2,
            },
        ),
        Char(
            Char {
                time: 1.3270046,
                line_index: 2,
                codepoint: '無',
                is_rubi: false,
                cant_be_at_line_start: false,
                cant_be_at_line_end: false,
                has_rubi: false,
                width: 50.000153,
                height: 50.0,
                position: Vec2(
                    1242.5923,
                    199.625,
                ),
                horizontal_scale: 0.50505203,
                scale: 0.5208333,
                color: UnormColor(
                    4294967295,
                ),
                fade: 0.2,
            },
        ),
        Char(
            Char {
                time: 1.3520046,
                line_index: 2,
                codepoint: '能',
                is_rubi: false,
                cant_be_at_line_start: false,
                cant_be_at_line_end: false,
                has_rubi: false,
                width: 50.000153,
                height: 50.0,
                position: Vec2(
                    1294.4442,
                    199.625,
                ),
                horizontal_scale: 0.50505203,
                scale: 0.5208333,
                color: UnormColor(
                    4294967295,
                ),
                fade: 0.2,
            },
        ),
        Char(
            Char {
                time: 1.3770047,
                line_index: 2,
                codepoint: 'で',
                is_rubi: false,
                cant_be_at_line_start: false,
                cant_be_at_line_end: false,
                has_rubi: false,
                width: 50.000153,
                height: 50.0,
                position: Vec2(
                    1346.296,
                    199.625,
                ),
                horizontal_scale: 0.50505203,
                scale: 0.5208333,
                color: UnormColor(
                    4294967295,
                ),
                fade: 0.2,
            },
        ),
        Char(
            Char {
                time: 1.4020048,
                line_index: 2,
                codepoint: '無',
                is_rubi: false,
                cant_be_at_line_start: false,
                cant_be_at_line_end: false,
                has_rubi: false,
                width: 50.000153,
                height: 50.0,
                position: Vec2(
                    1398.148,
                    199.625,
                ),
                horizontal_scale: 0.50505203,
                scale: 0.5208333,
                color: UnormColor(
                    4294967295,
                ),
                fade: 0.2,
            },
        ),
        Char(
            Char {
                time: 1.4270049,
                line_index: 2,
                codepoint: '学',
                is_rubi: false,
                cant_be_at_line_start: false,
                cant_be_at_line_end: false,
                has_rubi: false,
                width: 50.000153,
                height: 50.0,
                position: Vec2(
                    1449.9999,
                    199.625,
                ),
                horizontal_scale: 0.50505203,
                scale: 0.5208333,
                color: UnormColor(
                    4294967295,
                ),
                fade: 0.2,
            },
        ),
        Char(
            Char {
                time: 1.452005,
                line_index: 3,
                codepoint: 'だ',
                is_rubi: false,
                cant_be_at_line_start: false,
                cant_be_at_line_end: true,
                has_rubi: false,
                width: 49.999947,
                height: 50.0,
                position: Vec2(
                    50.00014,
                    273.625,
                ),
                horizontal_scale: 0.50504994,
                scale: 0.5208333,
                color: UnormColor(
                    4294967295,
                ),
                fade: 0.2,
            },
        ),
        Char(
            Char {
                time: 1.4770051,
                line_index: 3,
                codepoint: '！',
                is_rubi: false,
                cant_be_at_line_start: true,
                cant_be_at_line_end: true,
                has_rubi: false,
                width: 49.999947,
                height: 50.0,
                position: Vec2(
                    100.00018,
                    273.625,
                ),
                horizontal_scale: 0.50504994,
                scale: 0.5208333,
                color: UnormColor(
                    4294967295,
                ),
                fade: 0.2,
            },
        ),
        Char(
            Char {
                time: 1.5020052,
                line_index: 3,
                codepoint: '！',
                is_rubi: false,
                cant_be_at_line_start: true,
                cant_be_at_line_end: false,
                has_rubi: false,
                width: 49.999947,
                height: 50.0,
                position: Vec2(
                    150.00021,
                    273.625,
                ),
                horizontal_scale: 0.50504994,
                scale: 0.5208333,
                color: UnormColor(
                    4294967295,
                ),
                fade: 0.2,
            },
        ),
        Wait(
            Wait {
                time: 1.5270053,
                line_index: 3,
                is_last_wait: false,
                is_auto_click: false,
            },
        ),
        Char(
            Char {
                time: 1.5280054,
                line_index: 3,
                codepoint: '\u{3000}',
                is_rubi: false,
                cant_be_at_line_start: false,
                cant_be_at_line_end: false,
                has_rubi: false,
                width: 49.999947,
                height: 50.0,
                position: Vec2(
                    200.00026,
                    273.625,
                ),
                horizontal_scale: 0.50504994,
                scale: 0.5208333,
                color: UnormColor(
                    4294967295,
                ),
                fade: 0.2,
            },
        ),
        Voice(
            Voice {
                time: 1.5530055,
                line_index: 3,
                filename: "01/11500139",
                volume: 1.0,
                lipsync_enabled: true,
                time_to_first_sync: 0,
            },
        ),
        Char(
            Char {
                time: 1.5530055,
                line_index: 3,
                codepoint: '譲',
                is_rubi: false,
                cant_be_at_line_start: false,
                cant_be_at_line_end: false,
                has_rubi: false,
                width: 49.999947,
                height: 50.0,
                position: Vec2(
                    250.00029,
                    273.625,
                ),
                horizontal_scale: 0.50504994,
                scale: 0.5208333,
                color: UnormColor(
                    4294967295,
                ),
                fade: 0.2,
            },
        ),
        Char(
            Char {
                time: 1.5780056,
                line_index: 3,
                codepoint: '治',
                is_rubi: false,
                cant_be_at_line_start: false,
                cant_be_at_line_end: false,
                has_rubi: false,
                width: 49.999947,
                height: 50.0,
                position: Vec2(
                    300.00034,
                    273.625,
                ),
                horizontal_scale: 0.50504994,
                scale: 0.5208333,
                color: UnormColor(
                    4294967295,
                ),
                fade: 0.2,
            },
        ),
        Char(
            Char {
                time: 1.6030056,
                line_index: 3,
                codepoint: 'に',
                is_rubi: false,
                cant_be_at_line_start: false,
                cant_be_at_line_end: false,
                has_rubi: false,
                width: 49.999947,
                height: 50.0,
                position: Vec2(
                    350.0004,
                    273.625,
                ),
                horizontal_scale: 0.50504994,
                scale: 0.5208333,
                color: UnormColor(
                    4294967295,
                ),
                fade: 0.2,
            },
        ),
        Char(
            Char {
                time: 1.6280057,
                line_index: 3,
                codepoint: 'は',
                is_rubi: false,
                cant_be_at_line_start: false,
                cant_be_at_line_end: false,
                has_rubi: false,
                width: 49.999947,
                height: 50.0,
                position: Vec2(
                    400.00043,
                    273.625,
                ),
                horizontal_scale: 0.50504994,
                scale: 0.5208333,
                color: UnormColor(
                    4294967295,
                ),
                fade: 0.2,
            },
        ),
        Char(
            Char {
                time: 1.6530058,
                line_index: 3,
                codepoint: '男',
                is_rubi: false,
                cant_be_at_line_start: false,
                cant_be_at_line_end: false,
                has_rubi: false,
                width: 49.999947,
                height: 50.0,
                position: Vec2(
                    450.00046,
                    273.625,
                ),
                horizontal_scale: 0.50504994,
                scale: 0.5208333,
                color: UnormColor(
                    4294967295,
                ),
                fade: 0.2,
            },
        ),
        Char(
            Char {
                time: 1.6780059,
                line_index: 3,
                codepoint: 'と',
                is_rubi: false,
                cant_be_at_line_start: false,
                cant_be_at_line_end: false,
                has_rubi: false,
                width: 49.999947,
                height: 50.0,
                position: Vec2(
                    500.0005,
                    273.625,
                ),
                horizontal_scale: 0.50504994,
                scale: 0.5208333,
                color: UnormColor(
                    4294967295,
                ),
                fade: 0.2,
            },
        ),
        Char(
            Char {
                time: 1.703006,
                line_index: 3,
                codepoint: 'し',
                is_rubi: false,
                cant_be_at_line_start: false,
                cant_be_at_line_end: false,
                has_rubi: false,
                width: 49.999947,
                height: 50.0,
                position: Vec2(
                    550.00055,
                    273.625,
                ),
                horizontal_scale: 0.50504994,
                scale: 0.5208333,
                color: UnormColor(
                    4294967295,
                ),
                fade: 0.2,
            },
        ),
        Char(
            Char {
                time: 1.7280061,
                line_index: 3,
                codepoint: 'て',
                is_rubi: false,
                cant_be_at_line_start: false,
                cant_be_at_line_end: false,
                has_rubi: false,
                width: 49.999947,
                height: 50.0,
                position: Vec2(
                    600.00055,
                    273.625,
                ),
                horizontal_scale: 0.50504994,
                scale: 0.5208333,
                color: UnormColor(
                    4294967295,
                ),
                fade: 0.2,
            },
        ),
        Char(
            Char {
                time: 1.7530062,
                line_index: 3,
                codepoint: 'の',
                is_rubi: false,
                cant_be_at_line_start: false,
                cant_be_at_line_end: false,
                has_rubi: false,
                width: 49.999947,
                height: 50.0,
                position: Vec2(
                    650.0006,
                    273.625,
                ),
                horizontal_scale: 0.50504994,
                scale: 0.5208333,
                color: UnormColor(
                    4294967295,
                ),
                fade: 0.2,
            },
        ),
        Char(
            Char {
                time: 1.7780063,
                line_index: 3,
                codepoint: '器',
                is_rubi: false,
                cant_be_at_line_start: false,
                cant_be_at_line_end: false,
                has_rubi: false,
                width: 49.999947,
                height: 50.0,
                position: Vec2(
                    700.00073,
                    273.625,
                ),
                horizontal_scale: 0.50504994,
                scale: 0.5208333,
                color: UnormColor(
                    4294967295,
                ),
                fade: 0.2,
            },
        ),
        Char(
            Char {
                time: 1.8030064,
                line_index: 3,
                codepoint: 'が',
                is_rubi: false,
                cant_be_at_line_start: false,
                cant_be_at_line_end: false,
                has_rubi: false,
                width: 49.999947,
                height: 50.0,
                position: Vec2(
                    750.00055,
                    273.625,
                ),
                horizontal_scale: 0.50504994,
                scale: 0.5208333,
                color: UnormColor(
                    4294967295,
                ),
                fade: 0.2,
            },
        ),
        Char(
            Char {
                time: 1.8280065,
                line_index: 3,
                codepoint: 'な',
                is_rubi: false,
                cant_be_at_line_start: false,
                cant_be_at_line_end: false,
                has_rubi: false,
                width: 49.999947,
                height: 50.0,
                position: Vec2(
                    800.0008,
                    273.625,
                ),
                horizontal_scale: 0.50504994,
                scale: 0.5208333,
                color: UnormColor(
                    4294967295,
                ),
                fade: 0.2,
            },
        ),
        Char(
            Char {
                time: 1.8530066,
                line_index: 3,
                codepoint: 'い',
                is_rubi: false,
                cant_be_at_line_start: false,
                cant_be_at_line_end: true,
                has_rubi: false,
                width: 49.999947,
                height: 50.0,
                position: Vec2(
                    850.0006,
                    273.625,
                ),
                horizontal_scale: 0.50504994,
                scale: 0.5208333,
                color: UnormColor(
                    4294967295,
                ),
                fade: 0.2,
            },
        ),
        Char(
            Char {
                time: 1.8780067,
                line_index: 3,
                codepoint: '！',
                is_rubi: false,
                cant_be_at_line_start: true,
                cant_be_at_line_end: false,
                has_rubi: false,
                width: 49.999947,
                height: 50.0,
                position: Vec2(
                    900.0009,
                    273.625,
                ),
                horizontal_scale: 0.50504994,
                scale: 0.5208333,
                color: UnormColor(
                    4294967295,
                ),
                fade: 0.2,
            },
        ),
        Wait(
            Wait {
                time: 1.9030068,
                line_index: 3,
                is_last_wait: false,
                is_auto_click: false,
            },
        ),
        Char(
            Char {
                time: 1.9040068,
                line_index: 3,
                codepoint: '\u{3000}',
                is_rubi: false,
                cant_be_at_line_start: false,
                cant_be_at_line_end: false,
                has_rubi: false,
                width: 49.999947,
                height: 50.0,
                position: Vec2(
                    950.0007,
                    273.625,
                ),
                horizontal_scale: 0.50504994,
                scale: 0.5208333,
                color: UnormColor(
                    4294967295,
                ),
                fade: 0.2,
            },
        ),
        Voice(
            Voice {
                time: 1.9290069,
                line_index: 3,
                filename: "01/11500140",
                volume: 1.0,
                lipsync_enabled: true,
                time_to_first_sync: 0,
            },
        ),
        Char(
            Char {
                time: 1.9290069,
                line_index: 3,
                codepoint: '戦',
                is_rubi: false,
                cant_be_at_line_start: false,
                cant_be_at_line_end: false,
                has_rubi: false,
                width: 49.999947,
                height: 50.0,
                position: Vec2(
                    1000.001,
                    273.625,
                ),
                horizontal_scale: 0.50504994,
                scale: 0.5208333,
                color: UnormColor(
                    4294967295,
                ),
                fade: 0.2,
            },
        ),
        Char(
            Char {
                time: 1.954007,
                line_index: 3,
                codepoint: '人',
                is_rubi: false,
                cant_be_at_line_start: false,
                cant_be_at_line_end: false,
                has_rubi: false,
                width: 49.999947,
                height: 50.0,
                position: Vec2(
                    1050.0009,
                    273.625,
                ),
                horizontal_scale: 0.50504994,
                scale: 0.5208333,
                color: UnormColor(
                    4294967295,
                ),
                fade: 0.2,
            },
        ),
        Char(
            Char {
                time: 1.9790071,
                line_index: 3,
                codepoint: 'は',
                is_rubi: false,
                cant_be_at_line_start: false,
                cant_be_at_line_end: false,
                has_rubi: false,
                width: 49.999947,
                height: 50.0,
                position: Vec2(
                    1100.0011,
                    273.625,
                ),
                horizontal_scale: 0.50504994,
                scale: 0.5208333,
                color: UnormColor(
                    4294967295,
                ),
                fade: 0.2,
            },
        ),
        Char(
            Char {
                time: 2.004007,
                line_index: 3,
                codepoint: '右',
                is_rubi: false,
                cant_be_at_line_start: false,
                cant_be_at_line_end: false,
                has_rubi: false,
                width: 49.999947,
                height: 50.0,
                position: Vec2(
                    1150.0009,
                    273.625,
                ),
                horizontal_scale: 0.50504994,
                scale: 0.5208333,
                color: UnormColor(
                    4294967295,
                ),
                fade: 0.2,
            },
        ),
        Char(
            Char {
                time: 2.0290072,
                line_index: 3,
                codepoint: '代',
                is_rubi: false,
                cant_be_at_line_start: false,
                cant_be_at_line_end: false,
                has_rubi: false,
                width: 49.999947,
                height: 50.0,
                position: Vec2(
                    1200.0011,
                    273.625,
                ),
                horizontal_scale: 0.50504994,
                scale: 0.5208333,
                color: UnormColor(
                    4294967295,
                ),
                fade: 0.2,
            },
        ),
        Char(
            Char {
                time: 2.0540073,
                line_index: 3,
                codepoint: '宮',
                is_rubi: false,
                cant_be_at_line_start: false,
                cant_be_at_line_end: false,
                has_rubi: false,
                width: 49.999947,
                height: 50.0,
                position: Vec2(
                    1250.001,
                    273.625,
                ),
                horizontal_scale: 0.50504994,
                scale: 0.5208333,
                color: UnormColor(
                    4294967295,
                ),
                fade: 0.2,
            },
        ),
        Char(
            Char {
                time: 2.0790074,
                line_index: 3,
                codepoint: '家',
                is_rubi: false,
                cant_be_at_line_start: false,
                cant_be_at_line_end: false,
                has_rubi: false,
                width: 49.999947,
                height: 50.0,
                position: Vec2(
                    1300.0007,
                    273.625,
                ),
                horizontal_scale: 0.50504994,
                scale: 0.5208333,
                color: UnormColor(
                    4294967295,
                ),
                fade: 0.2,
            },
        ),
        Char(
            Char {
                time: 2.1040075,
                line_index: 3,
                codepoint: 'の',
                is_rubi: false,
                cant_be_at_line_start: false,
                cant_be_at_line_end: false,
                has_rubi: false,
                width: 49.999947,
                height: 50.0,
                position: Vec2(
                    1350.0005,
                    273.625,
                ),
                horizontal_scale: 0.50504994,
                scale: 0.5208333,
                color: UnormColor(
                    4294967295,
                ),
                fade: 0.2,
            },
        ),
        Char(
            Char {
                time: 2.1290076,
                line_index: 3,
                codepoint: '栄',
                is_rubi: false,
                cant_be_at_line_start: false,
                cant_be_at_line_end: false,
                has_rubi: false,
                width: 49.999947,
                height: 50.0,
                position: Vec2(
                    1400.0004,
                    273.625,
                ),
                horizontal_scale: 0.50504994,
                scale: 0.5208333,
                color: UnormColor(
                    4294967295,
                ),
                fade: 0.2,
            },
        ),
        Char(
            Char {
                time: 2.1540077,
                line_index: 3,
                codepoint: '誉',
                is_rubi: false,
                cant_be_at_line_start: false,
                cant_be_at_line_end: false,
                has_rubi: false,
                width: 49.999947,
                height: 50.0,
                position: Vec2(
                    1450.0001,
                    273.625,
                ),
                horizontal_scale: 0.50504994,
                scale: 0.5208333,
                color: UnormColor(
                    4294967295,
                ),
                fade: 0.2,
            },
        ),
        Char(
            Char {
                time: 2.1790078,
                line_index: 4,
                codepoint: 'を',
                is_rubi: false,
                cant_be_at_line_start: false,
                cant_be_at_line_end: false,
                has_rubi: false,
                width: 50.000153,
                height: 50.0,
                position: Vec2(
                    49.999897,
                    347.625,
                ),
                horizontal_scale: 0.50505203,
                scale: 0.5208333,
                color: UnormColor(
                    4294967295,
                ),
                fade: 0.2,
            },
        ),
        Char(
            Char {
                time: 2.2040079,
                line_index: 4,
                codepoint: '自',
                is_rubi: false,
                cant_be_at_line_start: false,
                cant_be_at_line_end: false,
                has_rubi: false,
                width: 50.000153,
                height: 50.0,
                position: Vec2(
                    99.99989,
                    347.625,
                ),
                horizontal_scale: 0.50505203,
                scale: 0.5208333,
                color: UnormColor(
                    4294967295,
                ),
                fade: 0.2,
            },
        ),
        Char(
            Char {
                time: 2.229008,
                line_index: 4,
                codepoint: 'ら',
                is_rubi: false,
                cant_be_at_line_start: false,
                cant_be_at_line_end: false,
                has_rubi: false,
                width: 50.000153,
                height: 50.0,
                position: Vec2(
                    149.9999,
                    347.625,
                ),
                horizontal_scale: 0.50505203,
                scale: 0.5208333,
                color: UnormColor(
                    4294967295,
                ),
                fade: 0.2,
            },
        ),
        Char(
            Char {
                time: 2.254008,
                line_index: 4,
                codepoint: '捨',
                is_rubi: false,
                cant_be_at_line_start: false,
                cant_be_at_line_end: false,
                has_rubi: false,
                width: 50.000153,
                height: 50.0,
                position: Vec2(
                    199.9999,
                    347.625,
                ),
                horizontal_scale: 0.50505203,
                scale: 0.5208333,
                color: UnormColor(
                    4294967295,
                ),
                fade: 0.2,
            },
        ),
        Char(
            Char {
                time: 2.2790082,
                line_index: 4,
                codepoint: 'て',
                is_rubi: false,
                cant_be_at_line_start: false,
                cant_be_at_line_end: false,
                has_rubi: false,
                width: 50.000153,
                height: 50.0,
                position: Vec2(
                    249.9999,
                    347.625,
                ),
                horizontal_scale: 0.50505203,
                scale: 0.5208333,
                color: UnormColor(
                    4294967295,
                ),
                fade: 0.2,
            },
        ),
        Char(
            Char {
                time: 2.3040082,
                line_index: 4,
                codepoint: 'お',
                is_rubi: false,
                cant_be_at_line_start: false,
                cant_be_at_line_end: true,
                has_rubi: false,
                width: 50.000153,
                height: 50.0,
                position: Vec2(
                    299.9999,
                    347.625,
                ),
                horizontal_scale: 0.50505203,
                scale: 0.5208333,
                color: UnormColor(
                    4294967295,
                ),
                fade: 0.2,
            },
        ),
        Char(
            Char {
                time: 2.3290083,
                line_index: 4,
                codepoint: 'っ',
                is_rubi: false,
                cant_be_at_line_start: true,
                cant_be_at_line_end: false,
                has_rubi: false,
                width: 50.000153,
                height: 50.0,
                position: Vec2(
                    349.9999,
                    347.625,
                ),
                horizontal_scale: 0.50505203,
                scale: 0.5208333,
                color: UnormColor(
                    4294967295,
                ),
                fade: 0.2,
            },
        ),
        Char(
            Char {
                time: 2.3540084,
                line_index: 4,
                codepoint: 'た',
                is_rubi: false,
                cant_be_at_line_start: false,
                cant_be_at_line_end: false,
                has_rubi: false,
                width: 50.000153,
                height: 50.0,
                position: Vec2(
                    399.9999,
                    347.625,
                ),
                horizontal_scale: 0.50505203,
                scale: 0.5208333,
                color: UnormColor(
                    4294967295,
                ),
                fade: 0.2,
            },
        ),
        Char(
            Char {
                time: 2.3790085,
                line_index: 4,
                codepoint: '愚',
                is_rubi: false,
                cant_be_at_line_start: false,
                cant_be_at_line_end: false,
                has_rubi: false,
                width: 50.000153,
                height: 50.0,
                position: Vec2(
                    449.9999,
                    347.625,
                ),
                horizontal_scale: 0.50505203,
                scale: 0.5208333,
                color: UnormColor(
                    4294967295,
                ),
                fade: 0.2,
            },
        ),
        Char(
            Char {
                time: 2.4040086,
                line_index: 4,
                codepoint: 'か',
                is_rubi: false,
                cant_be_at_line_start: false,
                cant_be_at_line_end: false,
                has_rubi: false,
                width: 50.000153,
                height: 50.0,
                position: Vec2(
                    499.9999,
                    347.625,
                ),
                horizontal_scale: 0.50505203,
                scale: 0.5208333,
                color: UnormColor(
                    4294967295,
                ),
                fade: 0.2,
            },
        ),
        Char(
            Char {
                time: 2.4290087,
                line_index: 4,
                codepoint: '者',
                is_rubi: false,
                cant_be_at_line_start: false,
                cant_be_at_line_end: false,
                has_rubi: false,
                width: 50.000153,
                height: 50.0,
                position: Vec2(
                    549.9999,
                    347.625,
                ),
                horizontal_scale: 0.50505203,
                scale: 0.5208333,
                color: UnormColor(
                    4294967295,
                ),
                fade: 0.2,
            },
        ),
        Char(
            Char {
                time: 2.4540088,
                line_index: 4,
                codepoint: 'だ',
                is_rubi: false,
                cant_be_at_line_start: false,
                cant_be_at_line_end: true,
                has_rubi: false,
                width: 50.000153,
                height: 50.0,
                position: Vec2(
                    599.9999,
                    347.625,
                ),
                horizontal_scale: 0.50505203,
                scale: 0.5208333,
                color: UnormColor(
                    4294967295,
                ),
                fade: 0.2,
            },
        ),
        Char(
            Char {
                time: 2.479009,
                line_index: 4,
                codepoint: 'ッ',
                is_rubi: false,
                cant_be_at_line_start: true,
                cant_be_at_line_end: true,
                has_rubi: false,
                width: 50.000153,
                height: 50.0,
                position: Vec2(
                    649.9999,
                    347.625,
                ),
                horizontal_scale: 0.50505203,
                scale: 0.5208333,
                color: UnormColor(
                    4294967295,
                ),
                fade: 0.2,
            },
        ),
        Char(
            Char {
                time: 2.504009,
                line_index: 4,
                codepoint: '！',
                is_rubi: false,
                cant_be_at_line_start: true,
                cant_be_at_line_end: true,
                has_rubi: false,
                width: 50.000153,
                height: 50.0,
                position: Vec2(
                    699.9999,
                    347.625,
                ),
                horizontal_scale: 0.50505203,
                scale: 0.5208333,
                color: UnormColor(
                    4294967295,
                ),
                fade: 0.2,
            },
        ),
        Char(
            Char {
                time: 2.529009,
                line_index: 4,
                codepoint: '！',
                is_rubi: false,
                cant_be_at_line_start: true,
                cant_be_at_line_end: false,
                has_rubi: false,
                width: 50.000153,
                height: 50.0,
                position: Vec2(
                    749.9999,
                    347.625,
                ),
                horizontal_scale: 0.50505203,
                scale: 0.5208333,
                color: UnormColor(
                    4294967295,
                ),
                fade: 0.2,
            },
        ),
        Wait(
            Wait {
                time: 2.5540092,
                line_index: 4,
                is_last_wait: false,
                is_auto_click: false,
            },
        ),
        Char(
            Char {
                time: 2.5550091,
                line_index: 4,
                codepoint: '\u{3000}',
                is_rubi: false,
                cant_be_at_line_start: false,
                cant_be_at_line_end: false,
                has_rubi: false,
                width: 50.000153,
                height: 50.0,
                position: Vec2(
                    799.9999,
                    347.625,
                ),
                horizontal_scale: 0.50505203,
                scale: 0.5208333,
                color: UnormColor(
                    4294967295,
                ),
                fade: 0.2,
            },
        ),
        Voice(
            Voice {
                time: 2.5800092,
                line_index: 4,
                filename: "01/11500141",
                volume: 1.0,
                lipsync_enabled: true,
                time_to_first_sync: 0,
            },
        ),
        Char(
            Char {
                time: 2.5800092,
                line_index: 4,
                codepoint: '真',
                is_rubi: false,
                cant_be_at_line_start: false,
                cant_be_at_line_end: false,
                has_rubi: false,
                width: 50.000153,
                height: 50.0,
                position: Vec2(
                    849.9999,
                    347.625,
                ),
                horizontal_scale: 0.50505203,
                scale: 0.5208333,
                color: UnormColor(
                    4294967295,
                ),
                fade: 0.2,
            },
        ),
        Char(
            Char {
                time: 2.6050093,
                line_index: 4,
                codepoint: '里',
                is_rubi: false,
                cant_be_at_line_start: false,
                cant_be_at_line_end: false,
                has_rubi: false,
                width: 50.000153,
                height: 50.0,
                position: Vec2(
                    899.9999,
                    347.625,
                ),
                horizontal_scale: 0.50505203,
                scale: 0.5208333,
                color: UnormColor(
                    4294967295,
                ),
                fade: 0.2,
            },
        ),
        Char(
            Char {
                time: 2.6300094,
                line_index: 4,
                codepoint: '亞',
                is_rubi: false,
                cant_be_at_line_start: false,
                cant_be_at_line_end: false,
                has_rubi: false,
                width: 50.000153,
                height: 50.0,
                position: Vec2(
                    949.9999,
                    347.625,
                ),
                horizontal_scale: 0.50505203,
                scale: 0.5208333,
                color: UnormColor(
                    4294967295,
                ),
                fade: 0.2,
            },
        ),
        Char(
            Char {
                time: 2.6550095,
                line_index: 4,
                codepoint: 'な',
                is_rubi: false,
                cant_be_at_line_start: false,
                cant_be_at_line_end: false,
                has_rubi: false,
                width: 50.000153,
                height: 50.0,
                position: Vec2(
                    999.9999,
                    347.625,
                ),
                horizontal_scale: 0.50505203,
                scale: 0.5208333,
                color: UnormColor(
                    4294967295,
                ),
                fade: 0.2,
            },
        ),
        Char(
            Char {
                time: 2.6800096,
                line_index: 4,
                codepoint: 'ど',
                is_rubi: false,
                cant_be_at_line_start: false,
                cant_be_at_line_end: false,
                has_rubi: false,
                width: 50.000153,
                height: 50.0,
                position: Vec2(
                    1049.9999,
                    347.625,
                ),
                horizontal_scale: 0.50505203,
                scale: 0.5208333,
                color: UnormColor(
                    4294967295,
                ),
                fade: 0.2,
            },
        ),
        Char(
            Char {
                time: 2.7050097,
                line_index: 4,
                codepoint: '見',
                is_rubi: false,
                cant_be_at_line_start: false,
                cant_be_at_line_end: false,
                has_rubi: false,
                width: 50.000153,
                height: 50.0,
                position: Vec2(
                    1099.9999,
                    347.625,
                ),
                horizontal_scale: 0.50505203,
                scale: 0.5208333,
                color: UnormColor(
                    4294967295,
                ),
                fade: 0.2,
            },
        ),
        Char(
            Char {
                time: 2.7300098,
                line_index: 4,
                codepoint: 'る',
                is_rubi: false,
                cant_be_at_line_start: false,
                cant_be_at_line_end: false,
                has_rubi: false,
                width: 50.000153,
                height: 50.0,
                position: Vec2(
                    1149.9999,
                    347.625,
                ),
                horizontal_scale: 0.50505203,
                scale: 0.5208333,
                color: UnormColor(
                    4294967295,
                ),
                fade: 0.2,
            },
        ),
        Char(
            Char {
                time: 2.75501,
                line_index: 4,
                codepoint: 'の',
                is_rubi: false,
                cant_be_at_line_start: false,
                cant_be_at_line_end: false,
                has_rubi: false,
                width: 50.000153,
                height: 50.0,
                position: Vec2(
                    1199.9999,
                    347.625,
                ),
                horizontal_scale: 0.50505203,
                scale: 0.5208333,
                color: UnormColor(
                    4294967295,
                ),
                fade: 0.2,
            },
        ),
        Char(
            Char {
                time: 2.78001,
                line_index: 4,
                codepoint: 'も',
                is_rubi: false,
                cant_be_at_line_start: false,
                cant_be_at_line_end: false,
                has_rubi: false,
                width: 50.000153,
                height: 50.0,
                position: Vec2(
                    1249.9999,
                    347.625,
                ),
                horizontal_scale: 0.50505203,
                scale: 0.5208333,
                color: UnormColor(
                    4294967295,
                ),
                fade: 0.2,
            },
        ),
        Char(
            Char {
                time: 2.80501,
                line_index: 4,
                codepoint: '汚',
                is_rubi: false,
                cant_be_at_line_start: false,
                cant_be_at_line_end: false,
                has_rubi: false,
                width: 50.000153,
                height: 50.0,
                position: Vec2(
                    1299.9999,
                    347.625,
                ),
                horizontal_scale: 0.50505203,
                scale: 0.5208333,
                color: UnormColor(
                    4294967295,
                ),
                fade: 0.2,
            },
        ),
        Char(
            Char {
                time: 2.8300102,
                line_index: 4,
                codepoint: 'ら',
                is_rubi: false,
                cant_be_at_line_start: false,
                cant_be_at_line_end: false,
                has_rubi: false,
                width: 50.000153,
                height: 50.0,
                position: Vec2(
                    1349.9999,
                    347.625,
                ),
                horizontal_scale: 0.50505203,
                scale: 0.5208333,
                color: UnormColor(
                    4294967295,
                ),
                fade: 0.2,
            },
        ),
        Char(
            Char {
                time: 2.8550103,
                line_index: 4,
                codepoint: 'わ',
                is_rubi: false,
                cant_be_at_line_start: false,
                cant_be_at_line_end: false,
                has_rubi: false,
                width: 50.000153,
                height: 50.0,
                position: Vec2(
                    1399.9999,
                    347.625,
                ),
                horizontal_scale: 0.50505203,
                scale: 0.5208333,
                color: UnormColor(
                    4294967295,
                ),
                fade: 0.2,
            },
        ),
        Char(
            Char {
                time: 2.8800104,
                line_index: 4,
                codepoint: 'し',
                is_rubi: false,
                cant_be_at_line_start: false,
                cant_be_at_line_end: false,
                has_rubi: false,
                width: 50.000153,
                height: 50.0,
                position: Vec2(
                    1449.9999,
                    347.625,
                ),
                horizontal_scale: 0.50505203,
                scale: 0.5208333,
                color: UnormColor(
                    4294967295,
                ),
                fade: 0.2,
            },
        ),
        Char(
            Char {
                time: 2.9050105,
                line_index: 5,
                codepoint: 'い',
                is_rubi: false,
                cant_be_at_line_start: false,
                cant_be_at_line_end: true,
                has_rubi: false,
                width: 50.000153,
                height: 50.0,
                position: Vec2(
                    49.999897,
                    421.625,
                ),
                horizontal_scale: 0.50505203,
                scale: 0.5208333,
                color: UnormColor(
                    4294967295,
                ),
                fade: 0.2,
            },
        ),
        Char(
            Char {
                time: 2.9300106,
                line_index: 5,
                codepoint: 'ッ',
                is_rubi: false,
                cant_be_at_line_start: true,
                cant_be_at_line_end: true,
                has_rubi: false,
                width: 50.000153,
                height: 50.0,
                position: Vec2(
                    99.99989,
                    421.625,
                ),
                horizontal_scale: 0.50505203,
                scale: 0.5208333,
                color: UnormColor(
                    4294967295,
                ),
                fade: 0.2,
            },
        ),
        Char(
            Char {
                time: 2.9550107,
                line_index: 5,
                codepoint: '！',
                is_rubi: false,
                cant_be_at_line_start: true,
                cant_be_at_line_end: true,
                has_rubi: false,
                width: 50.000153,
                height: 50.0,
                position: Vec2(
                    149.9999,
                    421.625,
                ),
                horizontal_scale: 0.50505203,
                scale: 0.5208333,
                color: UnormColor(
                    4294967295,
                ),
                fade: 0.2,
            },
        ),
        Char(
            Char {
                time: 2.9800107,
                line_index: 5,
                codepoint: '！',
                is_rubi: false,
                cant_be_at_line_start: true,
                cant_be_at_line_end: true,
                has_rubi: false,
                width: 50.000153,
                height: 50.0,
                position: Vec2(
                    199.9999,
                    421.625,
                ),
                horizontal_scale: 0.50505203,
                scale: 0.5208333,
                color: UnormColor(
                    4294967295,
                ),
                fade: 0.2,
            },
        ),
        Char(
            Char {
                time: 3.0050108,
                line_index: 5,
                codepoint: '」',
                is_rubi: false,
                cant_be_at_line_start: true,
                cant_be_at_line_end: false,
                has_rubi: false,
                width: 50.000153,
                height: 50.0,
                position: Vec2(
                    249.9999,
                    421.625,
                ),
                horizontal_scale: 0.50505203,
                scale: 0.5208333,
                color: UnormColor(
                    4294967295,
                ),
                fade: 0.2,
            },
        ),
        Wait(
            Wait {
                time: 3.030011,
                line_index: 5,
                is_last_wait: true,
                is_auto_click: false,
            },
        ),
    ],
    [
        LineInfo {
            width: 360.0,
            y_position: 0.0,
            line_advance: 65.0,
            total_height: 56.5625,
            rubi_height: 20.0,
        },
        LineInfo {
            width: 1500.0,
            y_position: 65.0,
            line_advance: 70.0,
            total_height: 60.625,
            rubi_height: 20.0,
        },
        LineInfo {
            width: 1450.0,
            y_position: 139.0,
            line_advance: 70.0,
            total_height: 60.625,
            rubi_height: 20.0,
        },
        LineInfo {
            width: 1450.0,
            y_position: 213.0,
            line_advance: 70.0,
            total_height: 60.625,
            rubi_height: 20.0,
        },
        LineInfo {
            width: 1450.0,
            y_position: 287.0,
            line_advance: 70.0,
            total_height: 60.625,
            rubi_height: 20.0,
        },
        LineInfo {
            width: 250.00003,
            y_position: 361.0,
            line_advance: 70.0,
            total_height: 60.625,
            rubi_height: 20.0,
        },
    ],
    Vec2(
        1500.0,
        431.0,
    ),
)
