---
source: shin-core/src/layout/message_text_layouter/tests/snapshots.rs
expression: snapshot
---
(
    [
        Char(
            Char {
                time: 0.0,
                line_index: 0,
                font: Regular,
                codepoint: '南',
                is_rubi: false,
                cant_be_at_line_start: false,
                cant_be_at_line_end: false,
                has_rubi: false,
                width: 45.000137,
                height: 45.0,
                position: Vec2(
                    67.49966,
                    36.5625,
                ),
                horizontal_scale: 0.45454684,
                scale: 0.46874997,
                color: UnormColor(
                    4294967295,
                ),
                fade: 0.0,
            },
        ),
        Char(
            Char {
                time: 0.0,
                line_index: 0,
                font: Regular,
                codepoint: '條',
                is_rubi: false,
                cant_be_at_line_start: false,
                cant_be_at_line_end: false,
                has_rubi: false,
                width: 45.000137,
                height: 45.0,
                position: Vec2(
                    112.499794,
                    36.5625,
                ),
                horizontal_scale: 0.45454684,
                scale: 0.46874997,
                color: UnormColor(
                    4294967295,
                ),
                fade: 0.0,
            },
        ),
        Char(
            Char {
                time: 0.0,
                line_index: 0,
                font: Regular,
                codepoint: '\u{3000}',
                is_rubi: false,
                cant_be_at_line_start: false,
                cant_be_at_line_end: false,
                has_rubi: false,
                width: 45.000137,
                height: 45.0,
                position: Vec2(
                    157.49994,
                    36.5625,
                ),
                horizontal_scale: 0.45454684,
                scale: 0.46874997,
                color: UnormColor(
                    4294967295,
                ),
                fade: 0.0,
            },
        ),
        Char(
            Char {
                time: 0.0,
                line_index: 0,
                font: Regular,
                codepoint: '輝',
                is_rubi: false,
                cant_be_at_line_start: false,
                cant_be_at_line_end: false,
                has_rubi: false,
                width: 45.000137,
                height: 45.0,
                position: Vec2(
                    202.50006,
                    36.5625,
                ),
                horizontal_scale: 0.45454684,
                scale: 0.46874997,
                color: UnormColor(
                    4294967295,
                ),
                fade: 0.0,
            },
        ),
        Char(
            Char {
                time: 0.0,
                line_index: 0,
                font: Regular,
                codepoint: '正',
                is_rubi: false,
                cant_be_at_line_start: false,
                cant_be_at_line_end: false,
                has_rubi: false,
                width: 45.000137,
                height: 45.0,
                position: Vec2(
                    247.50021,
                    36.5625,
                ),
                horizontal_scale: 0.45454684,
                scale: 0.46874997,
                color: UnormColor(
                    4294967295,
                ),
                fade: 0.0,
            },
        ),
        Voice(
            Voice {
                time: 0.0,
                line_index: 1,
                filename: "19/11900001",
                volume: 1.0,
                lipsync_enabled: true,
                segment_duration: 0,
            },
        ),
        Char(
            Char {
                time: 0.0,
                line_index: 1,
                font: Regular,
                codepoint: '「',
                is_rubi: false,
                cant_be_at_line_start: false,
                cant_be_at_line_end: true,
                has_rubi: false,
                width: 50.000153,
                height: 50.0,
                position: Vec2(
                    0.0,
                    125.625,
                ),
                horizontal_scale: 0.50505203,
                scale: 0.5208333,
                color: UnormColor(
                    4294967295,
                ),
                fade: 0.2,
            },
        ),
        Char(
            Char {
                time: 0.025000075,
                line_index: 1,
                font: Regular,
                codepoint: '…',
                is_rubi: false,
                cant_be_at_line_start: true,
                cant_be_at_line_end: true,
                has_rubi: false,
                width: 50.000153,
                height: 50.0,
                position: Vec2(
                    50.000153,
                    125.625,
                ),
                horizontal_scale: 0.50505203,
                scale: 0.5208333,
                color: UnormColor(
                    4294967295,
                ),
                fade: 0.2,
            },
        ),
        Char(
            Char {
                time: 0.05000015,
                line_index: 1,
                font: Regular,
                codepoint: '…',
                is_rubi: false,
                cant_be_at_line_start: true,
                cant_be_at_line_end: true,
                has_rubi: false,
                width: 50.000153,
                height: 50.0,
                position: Vec2(
                    100.000305,
                    125.625,
                ),
                horizontal_scale: 0.50505203,
                scale: 0.5208333,
                color: UnormColor(
                    4294967295,
                ),
                fade: 0.2,
            },
        ),
        Char(
            Char {
                time: 0.07500023,
                line_index: 1,
                font: Regular,
                codepoint: '…',
                is_rubi: false,
                cant_be_at_line_start: true,
                cant_be_at_line_end: true,
                has_rubi: false,
                width: 50.000153,
                height: 50.0,
                position: Vec2(
                    150.00046,
                    125.625,
                ),
                horizontal_scale: 0.50505203,
                scale: 0.5208333,
                color: UnormColor(
                    4294967295,
                ),
                fade: 0.2,
            },
        ),
        Char(
            Char {
                time: 0.1000003,
                line_index: 1,
                font: Regular,
                codepoint: '…',
                is_rubi: false,
                cant_be_at_line_start: true,
                cant_be_at_line_end: false,
                has_rubi: false,
                width: 50.000153,
                height: 50.0,
                position: Vec2(
                    200.00061,
                    125.625,
                ),
                horizontal_scale: 0.50505203,
                scale: 0.5208333,
                color: UnormColor(
                    4294967295,
                ),
                fade: 0.2,
            },
        ),
        Char(
            Char {
                time: 0.12500037,
                line_index: 1,
                font: Regular,
                codepoint: 'ま',
                is_rubi: false,
                cant_be_at_line_start: false,
                cant_be_at_line_end: false,
                has_rubi: false,
                width: 50.000153,
                height: 50.0,
                position: Vec2(
                    250.00076,
                    125.625,
                ),
                horizontal_scale: 0.50505203,
                scale: 0.5208333,
                color: UnormColor(
                    4294967295,
                ),
                fade: 0.2,
            },
        ),
        Char(
            Char {
                time: 0.15000045,
                line_index: 1,
                font: Regular,
                codepoint: 'た',
                is_rubi: false,
                cant_be_at_line_start: false,
                cant_be_at_line_end: true,
                has_rubi: false,
                width: 50.000153,
                height: 50.0,
                position: Vec2(
                    300.00092,
                    125.625,
                ),
                horizontal_scale: 0.50505203,
                scale: 0.5208333,
                color: UnormColor(
                    4294967295,
                ),
                fade: 0.2,
            },
        ),
        Char(
            Char {
                time: 0.17500053,
                line_index: 1,
                font: Regular,
                codepoint: '。',
                is_rubi: false,
                cant_be_at_line_start: true,
                cant_be_at_line_end: true,
                has_rubi: false,
                width: 50.000153,
                height: 50.0,
                position: Vec2(
                    350.00107,
                    125.625,
                ),
                horizontal_scale: 0.50505203,
                scale: 0.5208333,
                color: UnormColor(
                    4294967295,
                ),
                fade: 0.2,
            },
        ),
        Wait(
            Wait {
                time: 0.3000006,
                line_index: 1,
                is_last_wait: false,
                is_auto_click: false,
            },
        ),
        Voice(
            Voice {
                time: 0.3010006,
                line_index: 1,
                filename: "19/11900002",
                volume: 1.0,
                lipsync_enabled: true,
                segment_duration: 0,
            },
        ),
        Char(
            Char {
                time: 0.3010006,
                line_index: 1,
                font: Regular,
                codepoint: '…',
                is_rubi: false,
                cant_be_at_line_start: true,
                cant_be_at_line_end: false,
                has_rubi: false,
                width: 50.000153,
                height: 50.0,
                position: Vec2(
                    400.00122,
                    125.625,
                ),
                horizontal_scale: 0.50505203,
                scale: 0.5208333,
                color: UnormColor(
                    4294967295,
                ),
                fade: 0.2,
            },
        ),
        Char(
            Char {
                time: 0.32600066,
                line_index: 1,
                font: Regular,
                codepoint: 'お',
                is_rubi: false,
                cant_be_at_line_start: false,
                cant_be_at_line_end: false,
                has_rubi: false,
                width: 50.000153,
                height: 50.0,
                position: Vec2(
                    450.00137,
                    125.625,
                ),
                horizontal_scale: 0.50505203,
                scale: 0.5208333,
                color: UnormColor(
                    4294967295,
                ),
                fade: 0.2,
            },
        ),
        Char(
            Char {
                time: 0.35100073,
                line_index: 1,
                font: Regular,
                codepoint: '酒',
                is_rubi: false,
                cant_be_at_line_start: false,
                cant_be_at_line_end: false,
                has_rubi: false,
                width: 50.000153,
                height: 50.0,
                position: Vec2(
                    500.00153,
                    125.625,
                ),
                horizontal_scale: 0.50505203,
                scale: 0.5208333,
                color: UnormColor(
                    4294967295,
                ),
                fade: 0.2,
            },
        ),
        Char(
            Char {
                time: 0.3760008,
                line_index: 1,
                font: Regular,
                codepoint: 'を',
                is_rubi: false,
                cant_be_at_line_start: false,
                cant_be_at_line_end: false,
                has_rubi: false,
                width: 50.000153,
                height: 50.0,
                position: Vec2(
                    550.0017,
                    125.625,
                ),
                horizontal_scale: 0.50505203,
                scale: 0.5208333,
                color: UnormColor(
                    4294967295,
                ),
                fade: 0.2,
            },
        ),
        Char(
            Char {
                time: 0.40100086,
                line_index: 1,
                font: Regular,
                codepoint: 'た',
                is_rubi: true,
                cant_be_at_line_start: false,
                cant_be_at_line_end: false,
                has_rubi: false,
                width: 20.000061,
                height: 20.0,
                position: Vec2(
                    600.00183,
                    81.25,
                ),
                horizontal_scale: 0.20202082,
                scale: 0.20833333,
                color: UnormColor(
                    4294967295,
                ),
                fade: 0.2,
            },
        ),
        Char(
            Char {
                time: 0.40350085,
                line_index: 1,
                font: Regular,
                codepoint: '嗜',
                is_rubi: false,
                cant_be_at_line_start: false,
                cant_be_at_line_end: false,
                has_rubi: true,
                width: 50.000153,
                height: 50.0,
                position: Vec2(
                    605.00183,
                    125.625,
                ),
                horizontal_scale: 0.50505203,
                scale: 0.5208333,
                color: UnormColor(
                    4294967295,
                ),
                fade: 0.2,
            },
        ),
        Char(
            Char {
                time: 0.41100088,
                line_index: 1,
                font: Regular,
                codepoint: 'し',
                is_rubi: true,
                cant_be_at_line_start: false,
                cant_be_at_line_end: false,
                has_rubi: false,
                width: 20.000061,
                height: 20.0,
                position: Vec2(
                    620.0019,
                    81.25,
                ),
                horizontal_scale: 0.20202082,
                scale: 0.20833333,
                color: UnormColor(
                    4294967295,
                ),
                fade: 0.2,
            },
        ),
        Char(
            Char {
                time: 0.42100093,
                line_index: 1,
                font: Regular,
                codepoint: 'な',
                is_rubi: true,
                cant_be_at_line_start: false,
                cant_be_at_line_end: false,
                has_rubi: false,
                width: 20.000061,
                height: 20.0,
                position: Vec2(
                    640.00195,
                    81.25,
                ),
                horizontal_scale: 0.20202082,
                scale: 0.20833333,
                color: UnormColor(
                    4294967295,
                ),
                fade: 0.2,
            },
        ),
        Char(
            Char {
                time: 0.43100095,
                line_index: 1,
                font: Regular,
                codepoint: 'ま',
                is_rubi: false,
                cant_be_at_line_start: false,
                cant_be_at_line_end: false,
                has_rubi: false,
                width: 50.000153,
                height: 50.0,
                position: Vec2(
                    660.002,
                    125.625,
                ),
                horizontal_scale: 0.50505203,
                scale: 0.5208333,
                color: UnormColor(
                    4294967295,
                ),
                fade: 0.2,
            },
        ),
        Char(
            Char {
                time: 0.456001,
                line_index: 1,
                font: Regular,
                codepoint: 'れ',
                is_rubi: false,
                cant_be_at_line_start: false,
                cant_be_at_line_end: false,
                has_rubi: false,
                width: 50.000153,
                height: 50.0,
                position: Vec2(
                    710.0022,
                    125.625,
                ),
                horizontal_scale: 0.50505203,
                scale: 0.5208333,
                color: UnormColor(
                    4294967295,
                ),
                fade: 0.2,
            },
        ),
        Char(
            Char {
                time: 0.48100108,
                line_index: 1,
                font: Regular,
                codepoint: 'ま',
                is_rubi: false,
                cant_be_at_line_start: false,
                cant_be_at_line_end: false,
                has_rubi: false,
                width: 50.000153,
                height: 50.0,
                position: Vec2(
                    760.0023,
                    125.625,
                ),
                horizontal_scale: 0.50505203,
                scale: 0.5208333,
                color: UnormColor(
                    4294967295,
                ),
                fade: 0.2,
            },
        ),
        Char(
            Char {
                time: 0.5060012,
                line_index: 1,
                font: Regular,
                codepoint: 'し',
                is_rubi: false,
                cant_be_at_line_start: false,
                cant_be_at_line_end: false,
                has_rubi: false,
                width: 50.000153,
                height: 50.0,
                position: Vec2(
                    810.00244,
                    125.625,
                ),
                horizontal_scale: 0.50505203,
                scale: 0.5208333,
                color: UnormColor(
                    4294967295,
                ),
                fade: 0.2,
            },
        ),
        Char(
            Char {
                time: 0.53100127,
                line_index: 1,
                font: Regular,
                codepoint: 'た',
                is_rubi: false,
                cant_be_at_line_start: false,
                cant_be_at_line_end: false,
                has_rubi: false,
                width: 50.000153,
                height: 50.0,
                position: Vec2(
                    860.00256,
                    125.625,
                ),
                horizontal_scale: 0.50505203,
                scale: 0.5208333,
                color: UnormColor(
                    4294967295,
                ),
                fade: 0.2,
            },
        ),
        Char(
            Char {
                time: 0.55600137,
                line_index: 1,
                font: Regular,
                codepoint: 'な',
                is_rubi: false,
                cant_be_at_line_start: false,
                cant_be_at_line_end: true,
                has_rubi: false,
                width: 50.000153,
                height: 50.0,
                position: Vec2(
                    910.0027,
                    125.625,
                ),
                horizontal_scale: 0.50505203,
                scale: 0.5208333,
                color: UnormColor(
                    4294967295,
                ),
                fade: 0.2,
            },
        ),
        Char(
            Char {
                time: 0.58100146,
                line_index: 1,
                font: Regular,
                codepoint: '？',
                is_rubi: false,
                cant_be_at_line_start: true,
                cant_be_at_line_end: true,
                has_rubi: false,
                width: 50.000153,
                height: 50.0,
                position: Vec2(
                    960.0028,
                    125.625,
                ),
                horizontal_scale: 0.50505203,
                scale: 0.5208333,
                color: UnormColor(
                    4294967295,
                ),
                fade: 0.2,
            },
        ),
        Char(
            Char {
                time: 0.60600156,
                line_index: 1,
                font: Regular,
                codepoint: '」',
                is_rubi: false,
                cant_be_at_line_start: true,
                cant_be_at_line_end: false,
                has_rubi: false,
                width: 50.000153,
                height: 50.0,
                position: Vec2(
                    1010.0029,
                    125.625,
                ),
                horizontal_scale: 0.50505203,
                scale: 0.5208333,
                color: UnormColor(
                    4294967295,
                ),
                fade: 0.2,
            },
        ),
        Wait(
            Wait {
                time: 0.63100165,
                line_index: 1,
                is_last_wait: true,
                is_auto_click: false,
            },
        ),
    ],
    [
        LineInfo {
            width: 360.0,
            y_position: 0.0,
            line_height: 65.0,
            baseline_ascent: 56.5625,
            rubi_height: 20.0,
        },
        LineInfo {
            width: 1060.003,
            y_position: 65.0,
            line_height: 70.0,
            baseline_ascent: 60.625,
            rubi_height: 20.0,
        },
    ],
    Vec2(
        1060.003,
        135.0,
    ),
)
