---
source: shin-core/src/layout/message_text_layouter/mod.rs
assertion_line: 1148
expression: snapshot
---
(
    [
        Char(
            Char {
                time: 0.0,
                line_index: 0,
                codepoint: '右',
                is_rubi: false,
                cant_be_at_line_start: false,
                cant_be_at_line_end: false,
                has_rubi: false,
                width: 45.000137,
                height: 45.0,
                position: Vec2(
                    44.999588,
                    36.5625,
                ),
                horizontal_scale: 0.45454684,
                scale: 0.46874997,
                color: UnormColor(
                    4294967295,
                ),
                fade: 0.0,
            },
        ),
        Char(
            Char {
                time: 0.0,
                line_index: 0,
                codepoint: '代',
                is_rubi: false,
                cant_be_at_line_start: false,
                cant_be_at_line_end: false,
                has_rubi: false,
                width: 45.000137,
                height: 45.0,
                position: Vec2(
                    89.999725,
                    36.5625,
                ),
                horizontal_scale: 0.45454684,
                scale: 0.46874997,
                color: UnormColor(
                    4294967295,
                ),
                fade: 0.0,
            },
        ),
        Char(
            Char {
                time: 0.0,
                line_index: 0,
                codepoint: '宮',
                is_rubi: false,
                cant_be_at_line_start: false,
                cant_be_at_line_end: false,
                has_rubi: false,
                width: 45.000137,
                height: 45.0,
                position: Vec2(
                    134.99986,
                    36.5625,
                ),
                horizontal_scale: 0.45454684,
                scale: 0.46874997,
                color: UnormColor(
                    4294967295,
                ),
                fade: 0.0,
            },
        ),
        Char(
            Char {
                time: 0.0,
                line_index: 0,
                codepoint: '\u{3000}',
                is_rubi: false,
                cant_be_at_line_start: false,
                cant_be_at_line_end: false,
                has_rubi: false,
                width: 45.000137,
                height: 45.0,
                position: Vec2(
                    180.0,
                    36.5625,
                ),
                horizontal_scale: 0.45454684,
                scale: 0.46874997,
                color: UnormColor(
                    4294967295,
                ),
                fade: 0.0,
            },
        ),
        Char(
            Char {
                time: 0.0,
                line_index: 0,
                codepoint: '金',
                is_rubi: false,
                cant_be_at_line_start: false,
                cant_be_at_line_end: false,
                has_rubi: false,
                width: 45.000137,
                height: 45.0,
                position: Vec2(
                    225.00014,
                    36.5625,
                ),
                horizontal_scale: 0.45454684,
                scale: 0.46874997,
                color: UnormColor(
                    4294967295,
                ),
                fade: 0.0,
            },
        ),
        Char(
            Char {
                time: 0.0,
                line_index: 0,
                codepoint: '蔵',
                is_rubi: false,
                cant_be_at_line_start: false,
                cant_be_at_line_end: false,
                has_rubi: false,
                width: 45.000137,
                height: 45.0,
                position: Vec2(
                    270.00027,
                    36.5625,
                ),
                horizontal_scale: 0.45454684,
                scale: 0.46874997,
                color: UnormColor(
                    4294967295,
                ),
                fade: 0.0,
            },
        ),
        Voice(
            Voice {
                time: 0.0,
                line_index: 1,
                filename: "01/11500012",
                volume: 1.0,
                lipsync_enabled: true,
                time_to_first_sync: 0,
            },
        ),
        Char(
            Char {
                time: 0.0,
                line_index: 1,
                codepoint: '「',
                is_rubi: false,
                cant_be_at_line_start: false,
                cant_be_at_line_end: true,
                has_rubi: false,
                width: 50.00002,
                height: 50.0,
                position: Vec2(
                    0.0,
                    125.625,
                ),
                horizontal_scale: 0.50505066,
                scale: 0.5208333,
                color: UnormColor(
                    4294967295,
                ),
                fade: 0.2,
            },
        ),
        Char(
            Char {
                time: 0.025000075,
                line_index: 1,
                codepoint: 'は',
                is_rubi: false,
                cant_be_at_line_start: true,
                cant_be_at_line_end: true,
                has_rubi: false,
                width: 50.00002,
                height: 50.0,
                position: Vec2(
                    50.00002,
                    125.625,
                ),
                horizontal_scale: 0.50505066,
                scale: 0.5208333,
                color: UnormColor(
                    4294967295,
                ),
                fade: 0.2,
            },
        ),
        Char(
            Char {
                time: 0.05000015,
                line_index: 1,
                codepoint: 'っ',
                is_rubi: false,
                cant_be_at_line_start: true,
                cant_be_at_line_end: false,
                has_rubi: false,
                width: 50.00002,
                height: 50.0,
                position: Vec2(
                    100.00004,
                    125.625,
                ),
                horizontal_scale: 0.50505066,
                scale: 0.5208333,
                color: UnormColor(
                    4294967295,
                ),
                fade: 0.2,
            },
        ),
        Char(
            Char {
                time: 0.07500023,
                line_index: 1,
                codepoint: 'は',
                is_rubi: false,
                cant_be_at_line_start: false,
                cant_be_at_line_end: true,
                has_rubi: false,
                width: 50.00002,
                height: 50.0,
                position: Vec2(
                    150.00006,
                    125.625,
                ),
                horizontal_scale: 0.50505066,
                scale: 0.5208333,
                color: UnormColor(
                    4294967295,
                ),
                fade: 0.2,
            },
        ),
        Char(
            Char {
                time: 0.1000003,
                line_index: 1,
                codepoint: 'っ',
                is_rubi: false,
                cant_be_at_line_start: true,
                cant_be_at_line_end: false,
                has_rubi: false,
                width: 50.00002,
                height: 50.0,
                position: Vec2(
                    200.00008,
                    125.625,
                ),
                horizontal_scale: 0.50505066,
                scale: 0.5208333,
                color: UnormColor(
                    4294967295,
                ),
                fade: 0.2,
            },
        ),
        Char(
            Char {
                time: 0.12500037,
                line_index: 1,
                codepoint: 'は',
                is_rubi: false,
                cant_be_at_line_start: false,
                cant_be_at_line_end: true,
                has_rubi: false,
                width: 50.00002,
                height: 50.0,
                position: Vec2(
                    250.00009,
                    125.625,
                ),
                horizontal_scale: 0.50505066,
                scale: 0.5208333,
                color: UnormColor(
                    4294967295,
                ),
                fade: 0.2,
            },
        ),
        Char(
            Char {
                time: 0.15000045,
                line_index: 1,
                codepoint: 'っ',
                is_rubi: false,
                cant_be_at_line_start: true,
                cant_be_at_line_end: false,
                has_rubi: false,
                width: 50.00002,
                height: 50.0,
                position: Vec2(
                    300.00012,
                    125.625,
                ),
                horizontal_scale: 0.50505066,
                scale: 0.5208333,
                color: UnormColor(
                    4294967295,
                ),
                fade: 0.2,
            },
        ),
        Char(
            Char {
                time: 0.17500053,
                line_index: 1,
                codepoint: 'は',
                is_rubi: false,
                cant_be_at_line_start: false,
                cant_be_at_line_end: true,
                has_rubi: false,
                width: 50.00002,
                height: 50.0,
                position: Vec2(
                    350.00012,
                    125.625,
                ),
                horizontal_scale: 0.50505066,
                scale: 0.5208333,
                color: UnormColor(
                    4294967295,
                ),
                fade: 0.2,
            },
        ),
        Char(
            Char {
                time: 0.20000061,
                line_index: 1,
                codepoint: '…',
                is_rubi: false,
                cant_be_at_line_start: true,
                cant_be_at_line_end: true,
                has_rubi: false,
                width: 50.00002,
                height: 50.0,
                position: Vec2(
                    400.00015,
                    125.625,
                ),
                horizontal_scale: 0.50505066,
                scale: 0.5208333,
                color: UnormColor(
                    4294967295,
                ),
                fade: 0.2,
            },
        ),
        Char(
            Char {
                time: 0.2250007,
                line_index: 1,
                codepoint: '。',
                is_rubi: false,
                cant_be_at_line_start: true,
                cant_be_at_line_end: false,
                has_rubi: false,
                width: 50.00002,
                height: 50.0,
                position: Vec2(
                    450.00015,
                    125.625,
                ),
                horizontal_scale: 0.50505066,
                scale: 0.5208333,
                color: UnormColor(
                    4294967295,
                ),
                fade: 0.2,
            },
        ),
        Wait(
            Wait {
                time: 0.35000077,
                line_index: 1,
                is_last_wait: false,
                is_auto_click: false,
            },
        ),
        Voice(
            Voice {
                time: 0.35100076,
                line_index: 1,
                filename: "01/11500013",
                volume: 1.0,
                lipsync_enabled: true,
                time_to_first_sync: 0,
            },
        ),
        Char(
            Char {
                time: 0.35100076,
                line_index: 1,
                codepoint: 'お',
                is_rubi: false,
                cant_be_at_line_start: false,
                cant_be_at_line_end: false,
                has_rubi: false,
                width: 50.00002,
                height: 50.0,
                position: Vec2(
                    500.00018,
                    125.625,
                ),
                horizontal_scale: 0.50505066,
                scale: 0.5208333,
                color: UnormColor(
                    4294967295,
                ),
                fade: 0.2,
            },
        ),
        Char(
            Char {
                time: 0.37600082,
                line_index: 1,
                codepoint: '前',
                is_rubi: false,
                cant_be_at_line_start: false,
                cant_be_at_line_end: false,
                has_rubi: false,
                width: 50.00002,
                height: 50.0,
                position: Vec2(
                    550.00024,
                    125.625,
                ),
                horizontal_scale: 0.50505066,
                scale: 0.5208333,
                color: UnormColor(
                    4294967295,
                ),
                fade: 0.2,
            },
        ),
        Char(
            Char {
                time: 0.4010009,
                line_index: 1,
                codepoint: 'と',
                is_rubi: false,
                cant_be_at_line_start: false,
                cant_be_at_line_end: false,
                has_rubi: false,
                width: 50.00002,
                height: 50.0,
                position: Vec2(
                    600.00024,
                    125.625,
                ),
                horizontal_scale: 0.50505066,
                scale: 0.5208333,
                color: UnormColor(
                    4294967295,
                ),
                fade: 0.2,
            },
        ),
        Char(
            Char {
                time: 0.42600095,
                line_index: 1,
                codepoint: 'て',
                is_rubi: false,
                cant_be_at_line_start: false,
                cant_be_at_line_end: true,
                has_rubi: false,
                width: 50.00002,
                height: 50.0,
                position: Vec2(
                    650.0002,
                    125.625,
                ),
                horizontal_scale: 0.50505066,
                scale: 0.5208333,
                color: UnormColor(
                    4294967295,
                ),
                fade: 0.2,
            },
        ),
        Char(
            Char {
                time: 0.45100102,
                line_index: 1,
                codepoint: '、',
                is_rubi: false,
                cant_be_at_line_start: true,
                cant_be_at_line_end: false,
                has_rubi: false,
                width: 50.00002,
                height: 50.0,
                position: Vec2(
                    700.0002,
                    125.625,
                ),
                horizontal_scale: 0.50505066,
                scale: 0.5208333,
                color: UnormColor(
                    4294967295,
                ),
                fade: 0.2,
            },
        ),
        Char(
            Char {
                time: 0.5260011,
                line_index: 1,
                codepoint: '指',
                is_rubi: false,
                cant_be_at_line_start: false,
                cant_be_at_line_end: false,
                has_rubi: false,
                width: 50.00002,
                height: 50.0,
                position: Vec2(
                    750.0002,
                    125.625,
                ),
                horizontal_scale: 0.50505066,
                scale: 0.5208333,
                color: UnormColor(
                    4294967295,
                ),
                fade: 0.2,
            },
        ),
        Char(
            Char {
                time: 0.5510012,
                line_index: 1,
                codepoint: 'し',
                is_rubi: false,
                cant_be_at_line_start: false,
                cant_be_at_line_end: false,
                has_rubi: false,
                width: 50.00002,
                height: 50.0,
                position: Vec2(
                    800.0002,
                    125.625,
                ),
                horizontal_scale: 0.50505066,
                scale: 0.5208333,
                color: UnormColor(
                    4294967295,
                ),
                fade: 0.2,
            },
        ),
        Char(
            Char {
                time: 0.5760013,
                line_index: 1,
                codepoint: '間',
                is_rubi: false,
                cant_be_at_line_start: false,
                cant_be_at_line_end: false,
                has_rubi: false,
                width: 50.00002,
                height: 50.0,
                position: Vec2(
                    850.0002,
                    125.625,
                ),
                horizontal_scale: 0.50505066,
                scale: 0.5208333,
                color: UnormColor(
                    4294967295,
                ),
                fade: 0.2,
            },
        ),
        Char(
            Char {
                time: 0.6010014,
                line_index: 1,
                codepoint: '違',
                is_rubi: false,
                cant_be_at_line_start: false,
                cant_be_at_line_end: false,
                has_rubi: false,
                width: 50.00002,
                height: 50.0,
                position: Vec2(
                    900.0001,
                    125.625,
                ),
                horizontal_scale: 0.50505066,
                scale: 0.5208333,
                color: UnormColor(
                    4294967295,
                ),
                fade: 0.2,
            },
        ),
        Char(
            Char {
                time: 0.6260015,
                line_index: 1,
                codepoint: 'え',
                is_rubi: false,
                cant_be_at_line_start: false,
                cant_be_at_line_end: false,
                has_rubi: false,
                width: 50.00002,
                height: 50.0,
                position: Vec2(
                    950.0001,
                    125.625,
                ),
                horizontal_scale: 0.50505066,
                scale: 0.5208333,
                color: UnormColor(
                    4294967295,
                ),
                fade: 0.2,
            },
        ),
        Char(
            Char {
                time: 0.6510016,
                line_index: 1,
                codepoint: 'た',
                is_rubi: false,
                cant_be_at_line_start: false,
                cant_be_at_line_end: false,
                has_rubi: false,
                width: 50.00002,
                height: 50.0,
                position: Vec2(
                    1000.0001,
                    125.625,
                ),
                horizontal_scale: 0.50505066,
                scale: 0.5208333,
                color: UnormColor(
                    4294967295,
                ),
                fade: 0.2,
            },
        ),
        Char(
            Char {
                time: 0.67600167,
                line_index: 1,
                codepoint: '手',
                is_rubi: false,
                cant_be_at_line_start: false,
                cant_be_at_line_end: false,
                has_rubi: false,
                width: 50.00002,
                height: 50.0,
                position: Vec2(
                    1050.0001,
                    125.625,
                ),
                horizontal_scale: 0.50505066,
                scale: 0.5208333,
                color: UnormColor(
                    4294967295,
                ),
                fade: 0.2,
            },
        ),
        Char(
            Char {
                time: 0.70100176,
                line_index: 1,
                codepoint: 'を',
                is_rubi: false,
                cant_be_at_line_start: false,
                cant_be_at_line_end: false,
                has_rubi: false,
                width: 50.00002,
                height: 50.0,
                position: Vec2(
                    1100.0001,
                    125.625,
                ),
                horizontal_scale: 0.50505066,
                scale: 0.5208333,
                color: UnormColor(
                    4294967295,
                ),
                fade: 0.2,
            },
        ),
        Char(
            Char {
                time: 0.72600186,
                line_index: 1,
                codepoint: '待',
                is_rubi: false,
                cant_be_at_line_start: false,
                cant_be_at_line_end: false,
                has_rubi: false,
                width: 50.00002,
                height: 50.0,
                position: Vec2(
                    1150.0001,
                    125.625,
                ),
                horizontal_scale: 0.50505066,
                scale: 0.5208333,
                color: UnormColor(
                    4294967295,
                ),
                fade: 0.2,
            },
        ),
        Char(
            Char {
                time: 0.75100195,
                line_index: 1,
                codepoint: 'て',
                is_rubi: false,
                cant_be_at_line_start: false,
                cant_be_at_line_end: false,
                has_rubi: false,
                width: 50.00002,
                height: 50.0,
                position: Vec2(
                    1200.0001,
                    125.625,
                ),
                horizontal_scale: 0.50505066,
                scale: 0.5208333,
                color: UnormColor(
                    4294967295,
                ),
                fade: 0.2,
            },
        ),
        Char(
            Char {
                time: 0.77600205,
                line_index: 1,
                codepoint: 'と',
                is_rubi: false,
                cant_be_at_line_start: false,
                cant_be_at_line_end: false,
                has_rubi: false,
                width: 50.00002,
                height: 50.0,
                position: Vec2(
                    1250.0001,
                    125.625,
                ),
                horizontal_scale: 0.50505066,
                scale: 0.5208333,
                color: UnormColor(
                    4294967295,
                ),
                fade: 0.2,
            },
        ),
        Char(
            Char {
                time: 0.80100214,
                line_index: 1,
                codepoint: '言',
                is_rubi: false,
                cant_be_at_line_start: false,
                cant_be_at_line_end: true,
                has_rubi: false,
                width: 50.00002,
                height: 50.0,
                position: Vec2(
                    1300.0,
                    125.625,
                ),
                horizontal_scale: 0.50505066,
                scale: 0.5208333,
                color: UnormColor(
                    4294967295,
                ),
                fade: 0.2,
            },
        ),
        Char(
            Char {
                time: 0.82600224,
                line_index: 1,
                codepoint: 'っ',
                is_rubi: false,
                cant_be_at_line_start: true,
                cant_be_at_line_end: false,
                has_rubi: false,
                width: 50.00002,
                height: 50.0,
                position: Vec2(
                    1350.0,
                    125.625,
                ),
                horizontal_scale: 0.50505066,
                scale: 0.5208333,
                color: UnormColor(
                    4294967295,
                ),
                fade: 0.2,
            },
        ),
        Char(
            Char {
                time: 0.85100234,
                line_index: 1,
                codepoint: 'て',
                is_rubi: false,
                cant_be_at_line_start: false,
                cant_be_at_line_end: false,
                has_rubi: false,
                width: 50.00002,
                height: 50.0,
                position: Vec2(
                    1400.0,
                    125.625,
                ),
                horizontal_scale: 0.50505066,
                scale: 0.5208333,
                color: UnormColor(
                    4294967295,
                ),
                fade: 0.2,
            },
        ),
        Char(
            Char {
                time: 0.87600243,
                line_index: 1,
                codepoint: 'も',
                is_rubi: false,
                cant_be_at_line_start: false,
                cant_be_at_line_end: false,
                has_rubi: false,
                width: 50.00002,
                height: 50.0,
                position: Vec2(
                    1450.0,
                    125.625,
                ),
                horizontal_scale: 0.50505066,
                scale: 0.5208333,
                color: UnormColor(
                    4294967295,
                ),
                fade: 0.2,
            },
        ),
        Char(
            Char {
                time: 0.9010025,
                line_index: 2,
                codepoint: '聞',
                is_rubi: false,
                cant_be_at_line_start: false,
                cant_be_at_line_end: false,
                has_rubi: false,
                width: 50.000153,
                height: 50.0,
                position: Vec2(
                    50.00002,
                    199.625,
                ),
                horizontal_scale: 0.50505203,
                scale: 0.5208333,
                color: UnormColor(
                    4294967295,
                ),
                fade: 0.2,
            },
        ),
        Char(
            Char {
                time: 0.9260026,
                line_index: 2,
                codepoint: 'か',
                is_rubi: false,
                cant_be_at_line_start: false,
                cant_be_at_line_end: false,
                has_rubi: false,
                width: 50.000153,
                height: 50.0,
                position: Vec2(
                    100.00014,
                    199.625,
                ),
                horizontal_scale: 0.50505203,
                scale: 0.5208333,
                color: UnormColor(
                    4294967295,
                ),
                fade: 0.2,
            },
        ),
        Char(
            Char {
                time: 0.9510027,
                line_index: 2,
                codepoint: 'ぬ',
                is_rubi: false,
                cant_be_at_line_start: false,
                cant_be_at_line_end: false,
                has_rubi: false,
                width: 50.000153,
                height: 50.0,
                position: Vec2(
                    150.00026,
                    199.625,
                ),
                horizontal_scale: 0.50505203,
                scale: 0.5208333,
                color: UnormColor(
                    4294967295,
                ),
                fade: 0.2,
            },
        ),
        Char(
            Char {
                time: 0.9760028,
                line_index: 2,
                codepoint: 'で',
                is_rubi: false,
                cant_be_at_line_start: false,
                cant_be_at_line_end: false,
                has_rubi: false,
                width: 50.000153,
                height: 50.0,
                position: Vec2(
                    200.00038,
                    199.625,
                ),
                horizontal_scale: 0.50505203,
                scale: 0.5208333,
                color: UnormColor(
                    4294967295,
                ),
                fade: 0.2,
            },
        ),
        Char(
            Char {
                time: 1.0010029,
                line_index: 2,
                codepoint: 'は',
                is_rubi: false,
                cant_be_at_line_start: false,
                cant_be_at_line_end: false,
                has_rubi: false,
                width: 50.000153,
                height: 50.0,
                position: Vec2(
                    250.0005,
                    199.625,
                ),
                horizontal_scale: 0.50505203,
                scale: 0.5208333,
                color: UnormColor(
                    4294967295,
                ),
                fade: 0.2,
            },
        ),
        Char(
            Char {
                time: 1.026003,
                line_index: 2,
                codepoint: 'な',
                is_rubi: false,
                cant_be_at_line_start: false,
                cant_be_at_line_end: false,
                has_rubi: false,
                width: 50.000153,
                height: 50.0,
                position: Vec2(
                    300.00064,
                    199.625,
                ),
                horizontal_scale: 0.50505203,
                scale: 0.5208333,
                color: UnormColor(
                    4294967295,
                ),
                fade: 0.2,
            },
        ),
        Char(
            Char {
                time: 1.0510031,
                line_index: 2,
                codepoint: 'い',
                is_rubi: false,
                cant_be_at_line_start: false,
                cant_be_at_line_end: false,
                has_rubi: false,
                width: 50.000153,
                height: 50.0,
                position: Vec2(
                    350.00076,
                    199.625,
                ),
                horizontal_scale: 0.50505203,
                scale: 0.5208333,
                color: UnormColor(
                    4294967295,
                ),
                fade: 0.2,
            },
        ),
        Char(
            Char {
                time: 1.0760032,
                line_index: 2,
                codepoint: 'か',
                is_rubi: false,
                cant_be_at_line_start: false,
                cant_be_at_line_end: true,
                has_rubi: false,
                width: 50.000153,
                height: 50.0,
                position: Vec2(
                    400.0009,
                    199.625,
                ),
                horizontal_scale: 0.50505203,
                scale: 0.5208333,
                color: UnormColor(
                    4294967295,
                ),
                fade: 0.2,
            },
        ),
        Char(
            Char {
                time: 1.1010033,
                line_index: 2,
                codepoint: '。',
                is_rubi: false,
                cant_be_at_line_start: true,
                cant_be_at_line_end: false,
                has_rubi: false,
                width: 50.000153,
                height: 50.0,
                position: Vec2(
                    450.001,
                    199.625,
                ),
                horizontal_scale: 0.50505203,
                scale: 0.5208333,
                color: UnormColor(
                    4294967295,
                ),
                fade: 0.2,
            },
        ),
        Wait(
            Wait {
                time: 1.2260034,
                line_index: 2,
                is_last_wait: false,
                is_auto_click: false,
            },
        ),
        Voice(
            Voice {
                time: 1.2270035,
                line_index: 2,
                filename: "01/11500014",
                volume: 1.0,
                lipsync_enabled: true,
                time_to_first_sync: 0,
            },
        ),
        Char(
            Char {
                time: 1.2270035,
                line_index: 2,
                codepoint: 'な',
                is_rubi: false,
                cant_be_at_line_start: false,
                cant_be_at_line_end: false,
                has_rubi: false,
                width: 50.000153,
                height: 50.0,
                position: Vec2(
                    500.00113,
                    199.625,
                ),
                horizontal_scale: 0.50505203,
                scale: 0.5208333,
                color: UnormColor(
                    4294967295,
                ),
                fade: 0.2,
            },
        ),
        Char(
            Char {
                time: 1.2520036,
                line_index: 2,
                codepoint: 'ら',
                is_rubi: false,
                cant_be_at_line_start: false,
                cant_be_at_line_end: false,
                has_rubi: false,
                width: 50.000153,
                height: 50.0,
                position: Vec2(
                    550.0012,
                    199.625,
                ),
                horizontal_scale: 0.50505203,
                scale: 0.5208333,
                color: UnormColor(
                    4294967295,
                ),
                fade: 0.2,
            },
        ),
        Char(
            Char {
                time: 1.2770036,
                line_index: 2,
                codepoint: 'ば',
                is_rubi: false,
                cant_be_at_line_start: false,
                cant_be_at_line_end: false,
                has_rubi: false,
                width: 50.000153,
                height: 50.0,
                position: Vec2(
                    600.00134,
                    199.625,
                ),
                horizontal_scale: 0.50505203,
                scale: 0.5208333,
                color: UnormColor(
                    4294967295,
                ),
                fade: 0.2,
            },
        ),
        Char(
            Char {
                time: 1.3020037,
                line_index: 2,
                codepoint: '相',
                is_rubi: false,
                cant_be_at_line_start: false,
                cant_be_at_line_end: true,
                has_rubi: true,
                width: 50.000153,
                height: 50.0,
                position: Vec2(
                    650.0016,
                    199.625,
                ),
                horizontal_scale: 0.50505203,
                scale: 0.5208333,
                color: UnormColor(
                    4294967295,
                ),
                fade: 0.2,
            },
        ),
        Char(
            Char {
                time: 1.3070037,
                line_index: 2,
                codepoint: 'あ',
                is_rubi: true,
                cant_be_at_line_start: false,
                cant_be_at_line_end: false,
                has_rubi: false,
                width: 20.000061,
                height: 20.0,
                position: Vec2(
                    660.0016,
                    155.25,
                ),
                horizontal_scale: 0.20202082,
                scale: 0.20833333,
                color: UnormColor(
                    4294967295,
                ),
                fade: 0.2,
            },
        ),
        Char(
            Char {
                time: 1.3220038,
                line_index: 2,
                codepoint: 'い',
                is_rubi: true,
                cant_be_at_line_start: false,
                cant_be_at_line_end: false,
                has_rubi: false,
                width: 20.000061,
                height: 20.0,
                position: Vec2(
                    690.00183,
                    155.25,
                ),
                horizontal_scale: 0.20202082,
                scale: 0.20833333,
                color: UnormColor(
                    4294967295,
                ),
                fade: 0.2,
            },
        ),
        Char(
            Char {
                time: 1.3270038,
                line_index: 2,
                codepoint: '子',
                is_rubi: false,
                cant_be_at_line_start: true,
                cant_be_at_line_end: false,
                has_rubi: true,
                width: 50.000153,
                height: 50.0,
                position: Vec2(
                    700.00183,
                    199.625,
                ),
                horizontal_scale: 0.50505203,
                scale: 0.5208333,
                color: UnormColor(
                    4294967295,
                ),
                fade: 0.2,
            },
        ),
        Char(
            Char {
                time: 1.337004,
                line_index: 2,
                codepoint: 'こ',
                is_rubi: true,
                cant_be_at_line_start: false,
                cant_be_at_line_end: false,
                has_rubi: false,
                width: 20.000061,
                height: 20.0,
                position: Vec2(
                    720.0021,
                    155.25,
                ),
                horizontal_scale: 0.20202082,
                scale: 0.20833333,
                color: UnormColor(
                    4294967295,
                ),
                fade: 0.2,
            },
        ),
        Char(
            Char {
                time: 1.3520039,
                line_index: 2,
                codepoint: 'と',
                is_rubi: false,
                cant_be_at_line_start: false,
                cant_be_at_line_end: false,
                has_rubi: false,
                width: 50.000153,
                height: 50.0,
                position: Vec2(
                    750.0021,
                    199.625,
                ),
                horizontal_scale: 0.50505203,
                scale: 0.5208333,
                color: UnormColor(
                    4294967295,
                ),
                fade: 0.2,
            },
        ),
        Char(
            Char {
                time: 1.377004,
                line_index: 2,
                codepoint: 'い',
                is_rubi: false,
                cant_be_at_line_start: false,
                cant_be_at_line_end: false,
                has_rubi: false,
                width: 50.000153,
                height: 50.0,
                position: Vec2(
                    800.0023,
                    199.625,
                ),
                horizontal_scale: 0.50505203,
                scale: 0.5208333,
                color: UnormColor(
                    4294967295,
                ),
                fade: 0.2,
            },
        ),
        Char(
            Char {
                time: 1.4020041,
                line_index: 2,
                codepoint: 'う',
                is_rubi: false,
                cant_be_at_line_start: false,
                cant_be_at_line_end: false,
                has_rubi: false,
                width: 50.000153,
                height: 50.0,
                position: Vec2(
                    850.00256,
                    199.625,
                ),
                horizontal_scale: 0.50505203,
                scale: 0.5208333,
                color: UnormColor(
                    4294967295,
                ),
                fade: 0.2,
            },
        ),
        Char(
            Char {
                time: 1.4270042,
                line_index: 2,
                codepoint: 'も',
                is_rubi: false,
                cant_be_at_line_start: false,
                cant_be_at_line_end: false,
                has_rubi: false,
                width: 50.000153,
                height: 50.0,
                position: Vec2(
                    900.0028,
                    199.625,
                ),
                horizontal_scale: 0.50505203,
                scale: 0.5208333,
                color: UnormColor(
                    4294967295,
                ),
                fade: 0.2,
            },
        ),
        Char(
            Char {
                time: 1.4520043,
                line_index: 2,
                codepoint: 'の',
                is_rubi: false,
                cant_be_at_line_start: false,
                cant_be_at_line_end: false,
                has_rubi: false,
                width: 50.000153,
                height: 50.0,
                position: Vec2(
                    950.00305,
                    199.625,
                ),
                horizontal_scale: 0.50505203,
                scale: 0.5208333,
                color: UnormColor(
                    4294967295,
                ),
                fade: 0.2,
            },
        ),
        Char(
            Char {
                time: 1.4770044,
                line_index: 2,
                codepoint: 'だ',
                is_rubi: false,
                cant_be_at_line_start: false,
                cant_be_at_line_end: false,
                has_rubi: false,
                width: 50.000153,
                height: 50.0,
                position: Vec2(
                    1000.0033,
                    199.625,
                ),
                horizontal_scale: 0.50505203,
                scale: 0.5208333,
                color: UnormColor(
                    4294967295,
                ),
                fade: 0.2,
            },
        ),
        Char(
            Char {
                time: 1.5020045,
                line_index: 2,
                codepoint: 'ろ',
                is_rubi: false,
                cant_be_at_line_start: false,
                cant_be_at_line_end: false,
                has_rubi: false,
                width: 50.000153,
                height: 50.0,
                position: Vec2(
                    1050.0035,
                    199.625,
                ),
                horizontal_scale: 0.50505203,
                scale: 0.5208333,
                color: UnormColor(
                    4294967295,
                ),
                fade: 0.2,
            },
        ),
        Char(
            Char {
                time: 1.5270046,
                line_index: 2,
                codepoint: 'う',
                is_rubi: false,
                cant_be_at_line_start: false,
                cant_be_at_line_end: true,
                has_rubi: false,
                width: 50.000153,
                height: 50.0,
                position: Vec2(
                    1100.0038,
                    199.625,
                ),
                horizontal_scale: 0.50505203,
                scale: 0.5208333,
                color: UnormColor(
                    4294967295,
                ),
                fade: 0.2,
            },
        ),
        Char(
            Char {
                time: 1.5520047,
                line_index: 2,
                codepoint: '」',
                is_rubi: false,
                cant_be_at_line_start: true,
                cant_be_at_line_end: false,
                has_rubi: false,
                width: 50.000153,
                height: 50.0,
                position: Vec2(
                    1150.004,
                    199.625,
                ),
                horizontal_scale: 0.50505203,
                scale: 0.5208333,
                color: UnormColor(
                    4294967295,
                ),
                fade: 0.2,
            },
        ),
        Wait(
            Wait {
                time: 1.5770048,
                line_index: 2,
                is_last_wait: true,
                is_auto_click: false,
            },
        ),
    ],
    [
        LineInfo {
            width: 360.0,
            y_position: 0.0,
            line_advance: 65.0,
            total_height: 56.5625,
            rubi_height: 20.0,
        },
        LineInfo {
            width: 1500.0,
            y_position: 65.0,
            line_advance: 70.0,
            total_height: 60.625,
            rubi_height: 20.0,
        },
        LineInfo {
            width: 1150.0042,
            y_position: 139.0,
            line_advance: 70.0,
            total_height: 60.625,
            rubi_height: 20.0,
        },
    ],
    Vec2(
        1500.0,
        209.0,
    ),
)
