---
source: shin-core/src/layout/message_text_layouter/tests/snapshots.rs
expression: snapshot
---
(
    [
        Char(
            Char {
                time: 0.0,
                line_index: 1,
                font: Regular,
                codepoint: '聴',
                is_rubi: false,
                cant_be_at_line_start: false,
                cant_be_at_line_end: false,
                has_rubi: false,
                width: 50.000153,
                height: 50.0,
                position: Vec2(
                    0.0,
                    125.625,
                ),
                horizontal_scale: 0.50505203,
                scale: 0.5208333,
                color: UnormColor(
                    4294967295,
                ),
                fade: 0.2,
            },
        ),
        Char(
            Char {
                time: 0.025000075,
                line_index: 1,
                font: Regular,
                codepoint: '診',
                is_rubi: false,
                cant_be_at_line_start: false,
                cant_be_at_line_end: false,
                has_rubi: false,
                width: 50.000153,
                height: 50.0,
                position: Vec2(
                    50.000153,
                    125.625,
                ),
                horizontal_scale: 0.50505203,
                scale: 0.5208333,
                color: UnormColor(
                    4294967295,
                ),
                fade: 0.2,
            },
        ),
        Char(
            Char {
                time: 0.05000015,
                line_index: 1,
                font: Regular,
                codepoint: '器',
                is_rubi: false,
                cant_be_at_line_start: false,
                cant_be_at_line_end: false,
                has_rubi: false,
                width: 50.000153,
                height: 50.0,
                position: Vec2(
                    100.000305,
                    125.625,
                ),
                horizontal_scale: 0.50505203,
                scale: 0.5208333,
                color: UnormColor(
                    4294967295,
                ),
                fade: 0.2,
            },
        ),
        Char(
            Char {
                time: 0.07500023,
                line_index: 1,
                font: Regular,
                codepoint: 'を',
                is_rubi: false,
                cant_be_at_line_start: false,
                cant_be_at_line_end: false,
                has_rubi: false,
                width: 50.000153,
                height: 50.0,
                position: Vec2(
                    150.00046,
                    125.625,
                ),
                horizontal_scale: 0.50505203,
                scale: 0.5208333,
                color: UnormColor(
                    4294967295,
                ),
                fade: 0.2,
            },
        ),
        Char(
            Char {
                time: 0.1000003,
                line_index: 1,
                font: Regular,
                codepoint: '外',
                is_rubi: false,
                cant_be_at_line_start: false,
                cant_be_at_line_end: false,
                has_rubi: false,
                width: 50.000153,
                height: 50.0,
                position: Vec2(
                    200.00061,
                    125.625,
                ),
                horizontal_scale: 0.50505203,
                scale: 0.5208333,
                color: UnormColor(
                    4294967295,
                ),
                fade: 0.2,
            },
        ),
        Char(
            Char {
                time: 0.12500037,
                line_index: 1,
                font: Regular,
                codepoint: 'し',
                is_rubi: false,
                cant_be_at_line_start: false,
                cant_be_at_line_end: false,
                has_rubi: false,
                width: 50.000153,
                height: 50.0,
                position: Vec2(
                    250.00076,
                    125.625,
                ),
                horizontal_scale: 0.50505203,
                scale: 0.5208333,
                color: UnormColor(
                    4294967295,
                ),
                fade: 0.2,
            },
        ),
        Char(
            Char {
                time: 0.15000045,
                line_index: 1,
                font: Regular,
                codepoint: 'な',
                is_rubi: false,
                cant_be_at_line_start: false,
                cant_be_at_line_end: false,
                has_rubi: false,
                width: 50.000153,
                height: 50.0,
                position: Vec2(
                    300.00092,
                    125.625,
                ),
                horizontal_scale: 0.50505203,
                scale: 0.5208333,
                color: UnormColor(
                    4294967295,
                ),
                fade: 0.2,
            },
        ),
        Char(
            Char {
                time: 0.17500053,
                line_index: 1,
                font: Regular,
                codepoint: 'が',
                is_rubi: false,
                cant_be_at_line_start: false,
                cant_be_at_line_end: false,
                has_rubi: false,
                width: 50.000153,
                height: 50.0,
                position: Vec2(
                    350.00107,
                    125.625,
                ),
                horizontal_scale: 0.50505203,
                scale: 0.5208333,
                color: UnormColor(
                    4294967295,
                ),
                fade: 0.2,
            },
        ),
        Char(
            Char {
                time: 0.20000061,
                line_index: 1,
                font: Regular,
                codepoint: 'ら',
                is_rubi: false,
                cant_be_at_line_start: false,
                cant_be_at_line_end: true,
                has_rubi: false,
                width: 50.000153,
                height: 50.0,
                position: Vec2(
                    400.00122,
                    125.625,
                ),
                horizontal_scale: 0.50505203,
                scale: 0.5208333,
                color: UnormColor(
                    4294967295,
                ),
                fade: 0.2,
            },
        ),
        Char(
            Char {
                time: 0.2250007,
                line_index: 1,
                font: Regular,
                codepoint: '、',
                is_rubi: false,
                cant_be_at_line_start: true,
                cant_be_at_line_end: false,
                has_rubi: false,
                width: 50.000153,
                height: 50.0,
                position: Vec2(
                    450.00137,
                    125.625,
                ),
                horizontal_scale: 0.50505203,
                scale: 0.5208333,
                color: UnormColor(
                    4294967295,
                ),
                fade: 0.2,
            },
        ),
        Char(
            Char {
                time: 0.3000008,
                line_index: 1,
                font: Regular,
                codepoint: '年',
                is_rubi: false,
                cant_be_at_line_start: false,
                cant_be_at_line_end: false,
                has_rubi: false,
                width: 50.000153,
                height: 50.0,
                position: Vec2(
                    500.00153,
                    125.625,
                ),
                horizontal_scale: 0.50505203,
                scale: 0.5208333,
                color: UnormColor(
                    4294967295,
                ),
                fade: 0.2,
            },
        ),
        Char(
            Char {
                time: 0.32500085,
                line_index: 1,
                font: Regular,
                codepoint: '輩',
                is_rubi: false,
                cant_be_at_line_start: false,
                cant_be_at_line_end: false,
                has_rubi: false,
                width: 50.000153,
                height: 50.0,
                position: Vec2(
                    550.0017,
                    125.625,
                ),
                horizontal_scale: 0.50505203,
                scale: 0.5208333,
                color: UnormColor(
                    4294967295,
                ),
                fade: 0.2,
            },
        ),
        Char(
            Char {
                time: 0.35000092,
                line_index: 1,
                font: Regular,
                codepoint: 'の',
                is_rubi: false,
                cant_be_at_line_start: false,
                cant_be_at_line_end: false,
                has_rubi: false,
                width: 50.000153,
                height: 50.0,
                position: Vec2(
                    600.00183,
                    125.625,
                ),
                horizontal_scale: 0.50505203,
                scale: 0.5208333,
                color: UnormColor(
                    4294967295,
                ),
                fade: 0.2,
            },
        ),
        Char(
            Char {
                time: 0.37500098,
                line_index: 1,
                font: Regular,
                codepoint: '医',
                is_rubi: false,
                cant_be_at_line_start: false,
                cant_be_at_line_end: false,
                has_rubi: false,
                width: 50.000153,
                height: 50.0,
                position: Vec2(
                    650.00195,
                    125.625,
                ),
                horizontal_scale: 0.50505203,
                scale: 0.5208333,
                color: UnormColor(
                    4294967295,
                ),
                fade: 0.2,
            },
        ),
        Char(
            Char {
                time: 0.40000105,
                line_index: 1,
                font: Regular,
                codepoint: '師',
                is_rubi: false,
                cant_be_at_line_start: false,
                cant_be_at_line_end: false,
                has_rubi: false,
                width: 50.000153,
                height: 50.0,
                position: Vec2(
                    700.0021,
                    125.625,
                ),
                horizontal_scale: 0.50505203,
                scale: 0.5208333,
                color: UnormColor(
                    4294967295,
                ),
                fade: 0.2,
            },
        ),
        Char(
            Char {
                time: 0.4250011,
                line_index: 1,
                font: Regular,
                codepoint: 'は',
                is_rubi: false,
                cant_be_at_line_start: false,
                cant_be_at_line_end: false,
                has_rubi: false,
                width: 50.000153,
                height: 50.0,
                position: Vec2(
                    750.0022,
                    125.625,
                ),
                horizontal_scale: 0.50505203,
                scale: 0.5208333,
                color: UnormColor(
                    4294967295,
                ),
                fade: 0.2,
            },
        ),
        Char(
            Char {
                time: 0.45000118,
                line_index: 1,
                font: Regular,
                codepoint: '溜',
                is_rubi: false,
                cant_be_at_line_start: false,
                cant_be_at_line_end: false,
                has_rubi: false,
                width: 50.000153,
                height: 50.0,
                position: Vec2(
                    800.0023,
                    125.625,
                ),
                horizontal_scale: 0.50505203,
                scale: 0.5208333,
                color: UnormColor(
                    4294967295,
                ),
                fade: 0.2,
            },
        ),
        Char(
            Char {
                time: 0.47500125,
                line_index: 1,
                font: Regular,
                codepoint: 'め',
                is_rubi: false,
                cant_be_at_line_start: false,
                cant_be_at_line_end: false,
                has_rubi: false,
                width: 50.000153,
                height: 50.0,
                position: Vec2(
                    850.00244,
                    125.625,
                ),
                horizontal_scale: 0.50505203,
                scale: 0.5208333,
                color: UnormColor(
                    4294967295,
                ),
                fade: 0.2,
            },
        ),
        Char(
            Char {
                time: 0.5000013,
                line_index: 1,
                font: Regular,
                codepoint: '息',
                is_rubi: false,
                cant_be_at_line_start: false,
                cant_be_at_line_end: false,
                has_rubi: false,
                width: 50.000153,
                height: 50.0,
                position: Vec2(
                    900.00256,
                    125.625,
                ),
                horizontal_scale: 0.50505203,
                scale: 0.5208333,
                color: UnormColor(
                    4294967295,
                ),
                fade: 0.2,
            },
        ),
        Char(
            Char {
                time: 0.5250014,
                line_index: 1,
                font: Regular,
                codepoint: 'を',
                is_rubi: false,
                cant_be_at_line_start: false,
                cant_be_at_line_end: false,
                has_rubi: false,
                width: 50.000153,
                height: 50.0,
                position: Vec2(
                    950.0027,
                    125.625,
                ),
                horizontal_scale: 0.50505203,
                scale: 0.5208333,
                color: UnormColor(
                    4294967295,
                ),
                fade: 0.2,
            },
        ),
        Char(
            Char {
                time: 0.5500015,
                line_index: 1,
                font: Regular,
                codepoint: '漏',
                is_rubi: false,
                cant_be_at_line_start: false,
                cant_be_at_line_end: false,
                has_rubi: false,
                width: 50.000153,
                height: 50.0,
                position: Vec2(
                    1000.0028,
                    125.625,
                ),
                horizontal_scale: 0.50505203,
                scale: 0.5208333,
                color: UnormColor(
                    4294967295,
                ),
                fade: 0.2,
            },
        ),
        Char(
            Char {
                time: 0.5750016,
                line_index: 1,
                font: Regular,
                codepoint: 'ら',
                is_rubi: false,
                cant_be_at_line_start: false,
                cant_be_at_line_end: false,
                has_rubi: false,
                width: 50.000153,
                height: 50.0,
                position: Vec2(
                    1050.0029,
                    125.625,
                ),
                horizontal_scale: 0.50505203,
                scale: 0.5208333,
                color: UnormColor(
                    4294967295,
                ),
                fade: 0.2,
            },
        ),
        Char(
            Char {
                time: 0.6000017,
                line_index: 1,
                font: Regular,
                codepoint: 'す',
                is_rubi: false,
                cant_be_at_line_start: false,
                cant_be_at_line_end: true,
                has_rubi: false,
                width: 50.000153,
                height: 50.0,
                position: Vec2(
                    1100.003,
                    125.625,
                ),
                horizontal_scale: 0.50505203,
                scale: 0.5208333,
                color: UnormColor(
                    4294967295,
                ),
                fade: 0.2,
            },
        ),
        Char(
            Char {
                time: 0.6250018,
                line_index: 1,
                font: Regular,
                codepoint: '。',
                is_rubi: false,
                cant_be_at_line_start: true,
                cant_be_at_line_end: false,
                has_rubi: false,
                width: 50.000153,
                height: 50.0,
                position: Vec2(
                    1150.0032,
                    125.625,
                ),
                horizontal_scale: 0.50505203,
                scale: 0.5208333,
                color: UnormColor(
                    4294967295,
                ),
                fade: 0.2,
            },
        ),
        Wait(
            Wait {
                time: 0.7500019,
                line_index: 1,
                is_last_wait: true,
                is_auto_click: false,
            },
        ),
    ],
    [
        LineInfo {
            width: 0.0,
            y_position: 0.0,
            line_height: 65.0,
            baseline_ascent: 60.625,
            rubi_height: 20.0,
        },
        LineInfo {
            width: 1200.0033,
            y_position: 65.0,
            line_height: 70.0,
            baseline_ascent: 60.625,
            rubi_height: 20.0,
        },
    ],
    Vec2(
        1200.0033,
        135.0,
    ),
)
