---
source: shin-core/src/layout/message_text_layouter/mod.rs
assertion_line: 1178
expression: snapshot
---
(
    [
        Char(
            Char {
                time: 0.0,
                line_index: 0,
                codepoint: 'ベ',
                is_rubi: false,
                cant_be_at_line_start: false,
                cant_be_at_line_end: false,
                has_rubi: false,
                width: 45.000137,
                height: 45.0,
                position: Vec2(
                    22.499512,
                    36.5625,
                ),
                horizontal_scale: 0.45454684,
                scale: 0.46874997,
                color: UnormColor(
                    4294967295,
                ),
                fade: 0.0,
            },
        ),
        Char(
            Char {
                time: 0.0,
                line_index: 0,
                codepoint: 'ア',
                is_rubi: false,
                cant_be_at_line_start: false,
                cant_be_at_line_end: false,
                has_rubi: false,
                width: 45.000137,
                height: 45.0,
                position: Vec2(
                    67.49965,
                    36.5625,
                ),
                horizontal_scale: 0.45454684,
                scale: 0.46874997,
                color: UnormColor(
                    4294967295,
                ),
                fade: 0.0,
            },
        ),
        Char(
            Char {
                time: 0.0,
                line_index: 0,
                codepoint: 'ト',
                is_rubi: false,
                cant_be_at_line_start: false,
                cant_be_at_line_end: false,
                has_rubi: false,
                width: 45.000137,
                height: 45.0,
                position: Vec2(
                    112.49979,
                    36.5625,
                ),
                horizontal_scale: 0.45454684,
                scale: 0.46874997,
                color: UnormColor(
                    4294967295,
                ),
                fade: 0.0,
            },
        ),
        Char(
            Char {
                time: 0.0,
                line_index: 0,
                codepoint: 'リ',
                is_rubi: false,
                cant_be_at_line_start: false,
                cant_be_at_line_end: false,
                has_rubi: false,
                width: 45.000137,
                height: 45.0,
                position: Vec2(
                    157.49992,
                    36.5625,
                ),
                horizontal_scale: 0.45454684,
                scale: 0.46874997,
                color: UnormColor(
                    4294967295,
                ),
                fade: 0.0,
            },
        ),
        Char(
            Char {
                time: 0.0,
                line_index: 0,
                codepoint: 'ー',
                is_rubi: false,
                cant_be_at_line_start: true,
                cant_be_at_line_end: false,
                has_rubi: false,
                width: 45.000137,
                height: 45.0,
                position: Vec2(
                    202.50006,
                    36.5625,
                ),
                horizontal_scale: 0.45454684,
                scale: 0.46874997,
                color: UnormColor(
                    4294967295,
                ),
                fade: 0.0,
            },
        ),
        Char(
            Char {
                time: 0.0,
                line_index: 0,
                codepoint: 'チ',
                is_rubi: false,
                cant_be_at_line_start: false,
                cant_be_at_line_end: false,
                has_rubi: false,
                width: 45.000137,
                height: 45.0,
                position: Vec2(
                    247.5002,
                    36.5625,
                ),
                horizontal_scale: 0.45454684,
                scale: 0.46874997,
                color: UnormColor(
                    4294967295,
                ),
                fade: 0.0,
            },
        ),
        Char(
            Char {
                time: 0.0,
                line_index: 0,
                codepoint: 'ェ',
                is_rubi: false,
                cant_be_at_line_start: true,
                cant_be_at_line_end: false,
                has_rubi: false,
                width: 45.000137,
                height: 45.0,
                position: Vec2(
                    292.50034,
                    36.5625,
                ),
                horizontal_scale: 0.45454684,
                scale: 0.46874997,
                color: UnormColor(
                    4294967295,
                ),
                fade: 0.0,
            },
        ),
        Voice(
            Voice {
                time: 0.0,
                line_index: 1,
                filename: "27/20700938",
                volume: 1.0,
                lipsync_enabled: true,
                time_to_first_sync: 0,
            },
        ),
        Char(
            Char {
                time: 0.0,
                line_index: 1,
                codepoint: '「',
                is_rubi: false,
                cant_be_at_line_start: false,
                cant_be_at_line_end: true,
                has_rubi: false,
                width: 50.00002,
                height: 50.0,
                position: Vec2(
                    0.0,
                    125.625,
                ),
                horizontal_scale: 0.50505066,
                scale: 0.5208333,
                color: UnormColor(
                    4294967295,
                ),
                fade: 0.2,
            },
        ),
        Char(
            Char {
                time: 0.025000075,
                line_index: 1,
                codepoint: 'そ',
                is_rubi: false,
                cant_be_at_line_start: true,
                cant_be_at_line_end: false,
                has_rubi: false,
                width: 50.00002,
                height: 50.0,
                position: Vec2(
                    50.00002,
                    125.625,
                ),
                horizontal_scale: 0.50505066,
                scale: 0.5208333,
                color: UnormColor(
                    4294967295,
                ),
                fade: 0.2,
            },
        ),
        Char(
            Char {
                time: 0.05000015,
                line_index: 1,
                codepoint: 'う',
                is_rubi: false,
                cant_be_at_line_start: false,
                cant_be_at_line_end: false,
                has_rubi: false,
                width: 50.00002,
                height: 50.0,
                position: Vec2(
                    100.00004,
                    125.625,
                ),
                horizontal_scale: 0.50505066,
                scale: 0.5208333,
                color: UnormColor(
                    4294967295,
                ),
                fade: 0.2,
            },
        ),
        Char(
            Char {
                time: 0.07500023,
                line_index: 1,
                codepoint: 'だ',
                is_rubi: false,
                cant_be_at_line_start: false,
                cant_be_at_line_end: true,
                has_rubi: false,
                width: 50.00002,
                height: 50.0,
                position: Vec2(
                    150.00006,
                    125.625,
                ),
                horizontal_scale: 0.50505066,
                scale: 0.5208333,
                color: UnormColor(
                    4294967295,
                ),
                fade: 0.2,
            },
        ),
        Char(
            Char {
                time: 0.1000003,
                line_index: 1,
                codepoint: '。',
                is_rubi: false,
                cant_be_at_line_start: true,
                cant_be_at_line_end: false,
                has_rubi: false,
                width: 50.00002,
                height: 50.0,
                position: Vec2(
                    200.00008,
                    125.625,
                ),
                horizontal_scale: 0.50505066,
                scale: 0.5208333,
                color: UnormColor(
                    4294967295,
                ),
                fade: 0.2,
            },
        ),
        Wait(
            Wait {
                time: 0.22500037,
                line_index: 1,
                is_last_wait: false,
                is_auto_click: false,
            },
        ),
        Voice(
            Voice {
                time: 0.22600037,
                line_index: 1,
                filename: "27/20700939",
                volume: 1.0,
                lipsync_enabled: true,
                time_to_first_sync: 0,
            },
        ),
        Char(
            Char {
                time: 0.22600037,
                line_index: 1,
                codepoint: 'だ',
                is_rubi: false,
                cant_be_at_line_start: false,
                cant_be_at_line_end: false,
                has_rubi: false,
                width: 50.00002,
                height: 50.0,
                position: Vec2(
                    250.00009,
                    125.625,
                ),
                horizontal_scale: 0.50505066,
                scale: 0.5208333,
                color: UnormColor(
                    4294967295,
                ),
                fade: 0.2,
            },
        ),
        Char(
            Char {
                time: 0.25100043,
                line_index: 1,
                codepoint: 'か',
                is_rubi: false,
                cant_be_at_line_start: false,
                cant_be_at_line_end: false,
                has_rubi: false,
                width: 50.00002,
                height: 50.0,
                position: Vec2(
                    300.00012,
                    125.625,
                ),
                horizontal_scale: 0.50505066,
                scale: 0.5208333,
                color: UnormColor(
                    4294967295,
                ),
                fade: 0.2,
            },
        ),
        Char(
            Char {
                time: 0.2760005,
                line_index: 1,
                codepoint: 'ら',
                is_rubi: false,
                cant_be_at_line_start: false,
                cant_be_at_line_end: false,
                has_rubi: false,
                width: 50.00002,
                height: 50.0,
                position: Vec2(
                    350.00012,
                    125.625,
                ),
                horizontal_scale: 0.50505066,
                scale: 0.5208333,
                color: UnormColor(
                    4294967295,
                ),
                fade: 0.2,
            },
        ),
        Char(
            Char {
                time: 0.30100057,
                line_index: 1,
                codepoint: '妾',
                is_rubi: false,
                cant_be_at_line_start: false,
                cant_be_at_line_end: false,
                has_rubi: false,
                width: 50.00002,
                height: 50.0,
                position: Vec2(
                    400.00015,
                    125.625,
                ),
                horizontal_scale: 0.50505066,
                scale: 0.5208333,
                color: UnormColor(
                    4294967295,
                ),
                fade: 0.2,
            },
        ),
        Char(
            Char {
                time: 0.32600063,
                line_index: 1,
                codepoint: 'は',
                is_rubi: false,
                cant_be_at_line_start: false,
                cant_be_at_line_end: false,
                has_rubi: false,
                width: 50.00002,
                height: 50.0,
                position: Vec2(
                    450.00015,
                    125.625,
                ),
                horizontal_scale: 0.50505066,
                scale: 0.5208333,
                color: UnormColor(
                    4294967295,
                ),
                fade: 0.2,
            },
        ),
        Char(
            Char {
                time: 0.3510007,
                line_index: 1,
                codepoint: 'こ',
                is_rubi: false,
                cant_be_at_line_start: false,
                cant_be_at_line_end: false,
                has_rubi: false,
                width: 50.00002,
                height: 50.0,
                position: Vec2(
                    500.00018,
                    125.625,
                ),
                horizontal_scale: 0.50505066,
                scale: 0.5208333,
                color: UnormColor(
                    4294967295,
                ),
                fade: 0.2,
            },
        ),
        Char(
            Char {
                time: 0.37600076,
                line_index: 1,
                codepoint: 'れ',
                is_rubi: false,
                cant_be_at_line_start: false,
                cant_be_at_line_end: false,
                has_rubi: false,
                width: 50.00002,
                height: 50.0,
                position: Vec2(
                    550.00024,
                    125.625,
                ),
                horizontal_scale: 0.50505066,
                scale: 0.5208333,
                color: UnormColor(
                    4294967295,
                ),
                fade: 0.2,
            },
        ),
        Char(
            Char {
                time: 0.40100083,
                line_index: 1,
                codepoint: 'よ',
                is_rubi: false,
                cant_be_at_line_start: false,
                cant_be_at_line_end: false,
                has_rubi: false,
                width: 50.00002,
                height: 50.0,
                position: Vec2(
                    600.00024,
                    125.625,
                ),
                horizontal_scale: 0.50505066,
                scale: 0.5208333,
                color: UnormColor(
                    4294967295,
                ),
                fade: 0.2,
            },
        ),
        Char(
            Char {
                time: 0.4260009,
                line_index: 1,
                codepoint: 'り',
                is_rubi: false,
                cant_be_at_line_start: false,
                cant_be_at_line_end: true,
                has_rubi: false,
                width: 50.00002,
                height: 50.0,
                position: Vec2(
                    650.0002,
                    125.625,
                ),
                horizontal_scale: 0.50505066,
                scale: 0.5208333,
                color: UnormColor(
                    4294967295,
                ),
                fade: 0.2,
            },
        ),
        Char(
            Char {
                time: 0.45100096,
                line_index: 1,
                codepoint: '、',
                is_rubi: false,
                cant_be_at_line_start: true,
                cant_be_at_line_end: false,
                has_rubi: false,
                width: 50.00002,
                height: 50.0,
                position: Vec2(
                    700.0002,
                    125.625,
                ),
                horizontal_scale: 0.50505066,
                scale: 0.5208333,
                color: UnormColor(
                    4294967295,
                ),
                fade: 0.2,
            },
        ),
        Voice(
            Voice {
                time: 0.52600104,
                line_index: 1,
                filename: "27/20700940",
                volume: 1.0,
                lipsync_enabled: true,
                time_to_first_sync: 0,
            },
        ),
        Section(
            Section {
                time: 0.52600104,
                line_index: 1,
                index: 1,
            },
        ),
        Sync(
            Sync {
                time: 0.52600104,
                line_index: 1,
                index: 0,
            },
        ),
        Char(
            Char {
                time: 0.527001,
                line_index: 1,
                codepoint: '真',
                is_rubi: false,
                cant_be_at_line_start: false,
                cant_be_at_line_end: false,
                has_rubi: false,
                width: 50.00002,
                height: 50.0,
                position: Vec2(
                    750.0002,
                    125.625,
                ),
                horizontal_scale: 0.50505066,
                scale: 0.5208333,
                color: UnormColor(
                    4294901760,
                ),
                fade: 0.0,
            },
        ),
        Char(
            Char {
                time: 0.527001,
                line_index: 1,
                codepoint: '実',
                is_rubi: false,
                cant_be_at_line_start: false,
                cant_be_at_line_end: false,
                has_rubi: false,
                width: 50.00002,
                height: 50.0,
                position: Vec2(
                    800.0002,
                    125.625,
                ),
                horizontal_scale: 0.50505066,
                scale: 0.5208333,
                color: UnormColor(
                    4294901760,
                ),
                fade: 0.0,
            },
        ),
        Char(
            Char {
                time: 0.527001,
                line_index: 1,
                codepoint: 'を',
                is_rubi: false,
                cant_be_at_line_start: false,
                cant_be_at_line_end: false,
                has_rubi: false,
                width: 50.00002,
                height: 50.0,
                position: Vec2(
                    850.0002,
                    125.625,
                ),
                horizontal_scale: 0.50505066,
                scale: 0.5208333,
                color: UnormColor(
                    4294901760,
                ),
                fade: 0.0,
            },
        ),
        Char(
            Char {
                time: 0.527001,
                line_index: 1,
                codepoint: '語',
                is_rubi: false,
                cant_be_at_line_start: false,
                cant_be_at_line_end: false,
                has_rubi: false,
                width: 50.00002,
                height: 50.0,
                position: Vec2(
                    900.0001,
                    125.625,
                ),
                horizontal_scale: 0.50505066,
                scale: 0.5208333,
                color: UnormColor(
                    4294901760,
                ),
                fade: 0.0,
            },
        ),
        Char(
            Char {
                time: 0.527001,
                line_index: 1,
                codepoint: 'る',
                is_rubi: false,
                cant_be_at_line_start: false,
                cant_be_at_line_end: false,
                has_rubi: false,
                width: 50.00002,
                height: 50.0,
                position: Vec2(
                    950.0001,
                    125.625,
                ),
                horizontal_scale: 0.50505066,
                scale: 0.5208333,
                color: UnormColor(
                    4294901760,
                ),
                fade: 0.0,
            },
        ),
        Char(
            Char {
                time: 0.527001,
                line_index: 1,
                codepoint: '時',
                is_rubi: false,
                cant_be_at_line_start: false,
                cant_be_at_line_end: true,
                has_rubi: false,
                width: 50.00002,
                height: 50.0,
                position: Vec2(
                    1000.0001,
                    125.625,
                ),
                horizontal_scale: 0.50505066,
                scale: 0.5208333,
                color: UnormColor(
                    4294901760,
                ),
                fade: 0.0,
            },
        ),
        Char(
            Char {
                time: 0.527001,
                line_index: 1,
                codepoint: '、',
                is_rubi: false,
                cant_be_at_line_start: true,
                cant_be_at_line_end: false,
                has_rubi: false,
                width: 50.00002,
                height: 50.0,
                position: Vec2(
                    1050.0001,
                    125.625,
                ),
                horizontal_scale: 0.50505066,
                scale: 0.5208333,
                color: UnormColor(
                    4294901760,
                ),
                fade: 0.0,
            },
        ),
        Char(
            Char {
                time: 0.527001,
                line_index: 1,
                codepoint: '赤',
                is_rubi: false,
                cant_be_at_line_start: false,
                cant_be_at_line_end: false,
                has_rubi: false,
                width: 50.00002,
                height: 50.0,
                position: Vec2(
                    1100.0001,
                    125.625,
                ),
                horizontal_scale: 0.50505066,
                scale: 0.5208333,
                color: UnormColor(
                    4294901760,
                ),
                fade: 0.0,
            },
        ),
        Char(
            Char {
                time: 0.527001,
                line_index: 1,
                codepoint: 'を',
                is_rubi: false,
                cant_be_at_line_start: false,
                cant_be_at_line_end: false,
                has_rubi: false,
                width: 50.00002,
                height: 50.0,
                position: Vec2(
                    1150.0001,
                    125.625,
                ),
                horizontal_scale: 0.50505066,
                scale: 0.5208333,
                color: UnormColor(
                    4294901760,
                ),
                fade: 0.0,
            },
        ),
        Char(
            Char {
                time: 0.527001,
                line_index: 1,
                codepoint: '使',
                is_rubi: false,
                cant_be_at_line_start: false,
                cant_be_at_line_end: false,
                has_rubi: false,
                width: 50.00002,
                height: 50.0,
                position: Vec2(
                    1200.0001,
                    125.625,
                ),
                horizontal_scale: 0.50505066,
                scale: 0.5208333,
                color: UnormColor(
                    4294901760,
                ),
                fade: 0.0,
            },
        ),
        Char(
            Char {
                time: 0.527001,
                line_index: 1,
                codepoint: 'う',
                is_rubi: false,
                cant_be_at_line_start: false,
                cant_be_at_line_end: false,
                has_rubi: false,
                width: 50.00002,
                height: 50.0,
                position: Vec2(
                    1250.0001,
                    125.625,
                ),
                horizontal_scale: 0.50505066,
                scale: 0.5208333,
                color: UnormColor(
                    4294901760,
                ),
                fade: 0.0,
            },
        ),
        Char(
            Char {
                time: 0.527001,
                line_index: 1,
                codepoint: 'こ',
                is_rubi: false,
                cant_be_at_line_start: false,
                cant_be_at_line_end: false,
                has_rubi: false,
                width: 50.00002,
                height: 50.0,
                position: Vec2(
                    1300.0,
                    125.625,
                ),
                horizontal_scale: 0.50505066,
                scale: 0.5208333,
                color: UnormColor(
                    4294901760,
                ),
                fade: 0.0,
            },
        ),
        Char(
            Char {
                time: 0.527001,
                line_index: 1,
                codepoint: 'と',
                is_rubi: false,
                cant_be_at_line_start: false,
                cant_be_at_line_end: false,
                has_rubi: false,
                width: 50.00002,
                height: 50.0,
                position: Vec2(
                    1350.0,
                    125.625,
                ),
                horizontal_scale: 0.50505066,
                scale: 0.5208333,
                color: UnormColor(
                    4294901760,
                ),
                fade: 0.0,
            },
        ),
        Char(
            Char {
                time: 0.527001,
                line_index: 1,
                codepoint: 'に',
                is_rubi: false,
                cant_be_at_line_start: false,
                cant_be_at_line_end: false,
                has_rubi: false,
                width: 50.00002,
                height: 50.0,
                position: Vec2(
                    1400.0,
                    125.625,
                ),
                horizontal_scale: 0.50505066,
                scale: 0.5208333,
                color: UnormColor(
                    4294901760,
                ),
                fade: 0.0,
            },
        ),
        Char(
            Char {
                time: 0.527001,
                line_index: 1,
                codepoint: 'す',
                is_rubi: false,
                cant_be_at_line_start: false,
                cant_be_at_line_end: false,
                has_rubi: false,
                width: 50.00002,
                height: 50.0,
                position: Vec2(
                    1450.0,
                    125.625,
                ),
                horizontal_scale: 0.50505066,
                scale: 0.5208333,
                color: UnormColor(
                    4294901760,
                ),
                fade: 0.0,
            },
        ),
        Char(
            Char {
                time: 0.527001,
                line_index: 2,
                codepoint: 'る',
                is_rubi: false,
                cant_be_at_line_start: false,
                cant_be_at_line_end: true,
                has_rubi: false,
                width: 50.000153,
                height: 50.0,
                position: Vec2(
                    50.00002,
                    199.625,
                ),
                horizontal_scale: 0.50505203,
                scale: 0.5208333,
                color: UnormColor(
                    4294901760,
                ),
                fade: 0.0,
            },
        ),
        Char(
            Char {
                time: 0.527001,
                line_index: 2,
                codepoint: '」',
                is_rubi: false,
                cant_be_at_line_start: true,
                cant_be_at_line_end: false,
                has_rubi: false,
                width: 50.000153,
                height: 50.0,
                position: Vec2(
                    100.00014,
                    199.625,
                ),
                horizontal_scale: 0.50505203,
                scale: 0.5208333,
                color: UnormColor(
                    4294967295,
                ),
                fade: 0.2,
            },
        ),
        Wait(
            Wait {
                time: 0.5520011,
                line_index: 2,
                is_last_wait: true,
                is_auto_click: false,
            },
        ),
    ],
    [
        LineInfo {
            width: 360.0,
            y_position: 0.0,
            line_advance: 65.0,
            total_height: 56.5625,
            rubi_height: 20.0,
        },
        LineInfo {
            width: 1500.0,
            y_position: 65.0,
            line_advance: 70.0,
            total_height: 60.625,
            rubi_height: 20.0,
        },
        LineInfo {
            width: 100.000275,
            y_position: 139.0,
            line_advance: 70.0,
            total_height: 60.625,
            rubi_height: 20.0,
        },
    ],
    Vec2(
        1500.0,
        209.0,
    ),
)
