---
source: shin-core/src/layout/message_text_layouter/mod.rs
assertion_line: 1199
expression: snapshot
---
(
    [
        Char(
            Char {
                time: 0.0,
                line_index: 0,
                codepoint: 'ダ',
                is_rubi: false,
                cant_be_at_line_start: false,
                cant_be_at_line_end: false,
                has_rubi: false,
                width: 50.000153,
                height: 50.0,
                position: Vec2(
                    399.99896,
                    60.625,
                ),
                horizontal_scale: 0.50505203,
                scale: 0.5208333,
                color: UnormColor(
                    4294967295,
                ),
                fade: 1.6660001,
            },
        ),
        Char(
            Char {
                time: 0.025000075,
                line_index: 0,
                codepoint: 'カ',
                is_rubi: false,
                cant_be_at_line_start: false,
                cant_be_at_line_end: false,
                has_rubi: false,
                width: 50.000153,
                height: 50.0,
                position: Vec2(
                    449.9991,
                    60.625,
                ),
                horizontal_scale: 0.50505203,
                scale: 0.5208333,
                color: UnormColor(
                    4294967295,
                ),
                fade: 1.6660001,
            },
        ),
        Char(
            Char {
                time: 0.05000015,
                line_index: 0,
                codepoint: 'ラ',
                is_rubi: false,
                cant_be_at_line_start: false,
                cant_be_at_line_end: true,
                has_rubi: false,
                width: 50.000153,
                height: 50.0,
                position: Vec2(
                    499.99927,
                    60.625,
                ),
                horizontal_scale: 0.50505203,
                scale: 0.5208333,
                color: UnormColor(
                    4294967295,
                ),
                fade: 1.6660001,
            },
        ),
        Char(
            Char {
                time: 0.07500023,
                line_index: 0,
                codepoint: '、',
                is_rubi: false,
                cant_be_at_line_start: true,
                cant_be_at_line_end: false,
                has_rubi: false,
                width: 50.000153,
                height: 50.0,
                position: Vec2(
                    549.9994,
                    60.625,
                ),
                horizontal_scale: 0.50505203,
                scale: 0.5208333,
                color: UnormColor(
                    4294967295,
                ),
                fade: 1.6660001,
            },
        ),
        Char(
            Char {
                time: 0.81600034,
                line_index: 0,
                codepoint: '現',
                is_rubi: false,
                cant_be_at_line_start: false,
                cant_be_at_line_end: false,
                has_rubi: false,
                width: 50.000153,
                height: 50.0,
                position: Vec2(
                    599.9996,
                    60.625,
                ),
                horizontal_scale: 0.50505203,
                scale: 0.5208333,
                color: UnormColor(
                    4294967295,
                ),
                fade: 1.6660001,
            },
        ),
        Char(
            Char {
                time: 0.84100044,
                line_index: 0,
                codepoint: '金',
                is_rubi: false,
                cant_be_at_line_start: false,
                cant_be_at_line_end: false,
                has_rubi: false,
                width: 50.000153,
                height: 50.0,
                position: Vec2(
                    649.99976,
                    60.625,
                ),
                horizontal_scale: 0.50505203,
                scale: 0.5208333,
                color: UnormColor(
                    4294967295,
                ),
                fade: 1.6660001,
            },
        ),
        Char(
            Char {
                time: 0.86600053,
                line_index: 0,
                codepoint: 'ガ',
                is_rubi: false,
                cant_be_at_line_start: false,
                cant_be_at_line_end: false,
                has_rubi: false,
                width: 50.000153,
                height: 50.0,
                position: Vec2(
                    699.9999,
                    60.625,
                ),
                horizontal_scale: 0.50505203,
                scale: 0.5208333,
                color: UnormColor(
                    4294967295,
                ),
                fade: 1.6660001,
            },
        ),
        Char(
            Char {
                time: 0.8910006,
                line_index: 0,
                codepoint: 'ス',
                is_rubi: false,
                cant_be_at_line_start: false,
                cant_be_at_line_end: false,
                has_rubi: false,
                width: 50.000153,
                height: 50.0,
                position: Vec2(
                    750.0,
                    60.625,
                ),
                horizontal_scale: 0.50505203,
                scale: 0.5208333,
                color: UnormColor(
                    4294967295,
                ),
                fade: 1.6660001,
            },
        ),
        Char(
            Char {
                time: 0.9160007,
                line_index: 0,
                codepoint: 'グ',
                is_rubi: false,
                cant_be_at_line_start: false,
                cant_be_at_line_end: false,
                has_rubi: false,
                width: 50.000153,
                height: 50.0,
                position: Vec2(
                    800.0002,
                    60.625,
                ),
                horizontal_scale: 0.50505203,
                scale: 0.5208333,
                color: UnormColor(
                    4294967295,
                ),
                fade: 1.6660001,
            },
        ),
        Char(
            Char {
                time: 0.9410008,
                line_index: 0,
                codepoint: 'ニ',
                is_rubi: false,
                cant_be_at_line_start: false,
                cant_be_at_line_end: false,
                has_rubi: false,
                width: 50.000153,
                height: 50.0,
                position: Vec2(
                    850.00037,
                    60.625,
                ),
                horizontal_scale: 0.50505203,
                scale: 0.5208333,
                color: UnormColor(
                    4294967295,
                ),
                fade: 1.6660001,
            },
        ),
        Char(
            Char {
                time: 0.9660009,
                line_index: 0,
                codepoint: '大',
                is_rubi: false,
                cant_be_at_line_start: false,
                cant_be_at_line_end: false,
                has_rubi: false,
                width: 50.000153,
                height: 50.0,
                position: Vec2(
                    900.0005,
                    60.625,
                ),
                horizontal_scale: 0.50505203,
                scale: 0.5208333,
                color: UnormColor(
                    4294967295,
                ),
                fade: 1.6660001,
            },
        ),
        Char(
            Char {
                time: 0.991001,
                line_index: 0,
                codepoint: '量',
                is_rubi: false,
                cant_be_at_line_start: false,
                cant_be_at_line_end: false,
                has_rubi: false,
                width: 50.000153,
                height: 50.0,
                position: Vec2(
                    950.0007,
                    60.625,
                ),
                horizontal_scale: 0.50505203,
                scale: 0.5208333,
                color: UnormColor(
                    4294967295,
                ),
                fade: 1.6660001,
            },
        ),
        Char(
            Char {
                time: 1.0160011,
                line_index: 0,
                codepoint: 'ニ',
                is_rubi: false,
                cant_be_at_line_start: false,
                cant_be_at_line_end: true,
                has_rubi: false,
                width: 50.000153,
                height: 50.0,
                position: Vec2(
                    1000.0008,
                    60.625,
                ),
                horizontal_scale: 0.50505203,
                scale: 0.5208333,
                color: UnormColor(
                    4294967295,
                ),
                fade: 1.6660001,
            },
        ),
        Char(
            Char {
                time: 1.0410012,
                line_index: 0,
                codepoint: '、',
                is_rubi: false,
                cant_be_at_line_start: true,
                cant_be_at_line_end: false,
                has_rubi: false,
                width: 50.000153,
                height: 50.0,
                position: Vec2(
                    1050.001,
                    60.625,
                ),
                horizontal_scale: 0.50505203,
                scale: 0.5208333,
                color: UnormColor(
                    4294967295,
                ),
                fade: 1.6660001,
            },
        ),
        Char(
            Char {
                time: 1.7820013,
                line_index: 1,
                codepoint: '喉',
                is_rubi: false,
                cant_be_at_line_start: false,
                cant_be_at_line_end: false,
                has_rubi: false,
                width: 50.000153,
                height: 50.0,
                position: Vec2(
                    324.99878,
                    134.625,
                ),
                horizontal_scale: 0.50505203,
                scale: 0.5208333,
                color: UnormColor(
                    4294967295,
                ),
                fade: 1.6660001,
            },
        ),
        Char(
            Char {
                time: 1.8070014,
                line_index: 1,
                codepoint: 'カ',
                is_rubi: false,
                cant_be_at_line_start: false,
                cant_be_at_line_end: false,
                has_rubi: false,
                width: 50.000153,
                height: 50.0,
                position: Vec2(
                    374.99893,
                    134.625,
                ),
                horizontal_scale: 0.50505203,
                scale: 0.5208333,
                color: UnormColor(
                    4294967295,
                ),
                fade: 1.6660001,
            },
        ),
        Char(
            Char {
                time: 1.8320014,
                line_index: 1,
                codepoint: 'ラ',
                is_rubi: false,
                cant_be_at_line_start: false,
                cant_be_at_line_end: false,
                has_rubi: false,
                width: 50.000153,
                height: 50.0,
                position: Vec2(
                    424.99908,
                    134.625,
                ),
                horizontal_scale: 0.50505203,
                scale: 0.5208333,
                color: UnormColor(
                    4294967295,
                ),
                fade: 1.6660001,
            },
        ),
        Char(
            Char {
                time: 1.8570015,
                line_index: 1,
                codepoint: '手',
                is_rubi: false,
                cant_be_at_line_start: false,
                cant_be_at_line_end: false,
                has_rubi: false,
                width: 50.000153,
                height: 50.0,
                position: Vec2(
                    474.99924,
                    134.625,
                ),
                horizontal_scale: 0.50505203,
                scale: 0.5208333,
                color: UnormColor(
                    4294967295,
                ),
                fade: 1.6660001,
            },
        ),
        Char(
            Char {
                time: 1.8820016,
                line_index: 1,
                codepoint: 'ガ',
                is_rubi: false,
                cant_be_at_line_start: false,
                cant_be_at_line_end: false,
                has_rubi: false,
                width: 50.000153,
                height: 50.0,
                position: Vec2(
                    524.9994,
                    134.625,
                ),
                horizontal_scale: 0.50505203,
                scale: 0.5208333,
                color: UnormColor(
                    4294967295,
                ),
                fade: 1.6660001,
            },
        ),
        Char(
            Char {
                time: 1.9070017,
                line_index: 1,
                codepoint: '出',
                is_rubi: false,
                cant_be_at_line_start: false,
                cant_be_at_line_end: false,
                has_rubi: false,
                width: 50.000153,
                height: 50.0,
                position: Vec2(
                    574.9995,
                    134.625,
                ),
                horizontal_scale: 0.50505203,
                scale: 0.5208333,
                color: UnormColor(
                    4294967295,
                ),
                fade: 1.6660001,
            },
        ),
        Char(
            Char {
                time: 1.9320018,
                line_index: 1,
                codepoint: 'ル',
                is_rubi: false,
                cant_be_at_line_start: false,
                cant_be_at_line_end: false,
                has_rubi: false,
                width: 50.000153,
                height: 50.0,
                position: Vec2(
                    624.9997,
                    134.625,
                ),
                horizontal_scale: 0.50505203,
                scale: 0.5208333,
                color: UnormColor(
                    4294967295,
                ),
                fade: 1.6660001,
            },
        ),
        Char(
            Char {
                time: 1.9570019,
                line_index: 1,
                codepoint: 'ホ',
                is_rubi: false,
                cant_be_at_line_start: false,
                cant_be_at_line_end: false,
                has_rubi: false,
                width: 50.000153,
                height: 50.0,
                position: Vec2(
                    674.9999,
                    134.625,
                ),
                horizontal_scale: 0.50505203,
                scale: 0.5208333,
                color: UnormColor(
                    4294967295,
                ),
                fade: 1.6660001,
            },
        ),
        Char(
            Char {
                time: 1.982002,
                line_index: 1,
                codepoint: 'ド',
                is_rubi: false,
                cant_be_at_line_start: false,
                cant_be_at_line_end: false,
                has_rubi: false,
                width: 50.000153,
                height: 50.0,
                position: Vec2(
                    725.0,
                    134.625,
                ),
                horizontal_scale: 0.50505203,
                scale: 0.5208333,
                color: UnormColor(
                    4294967295,
                ),
                fade: 1.6660001,
            },
        ),
        Char(
            Char {
                time: 2.007002,
                line_index: 1,
                codepoint: 'ニ',
                is_rubi: false,
                cant_be_at_line_start: false,
                cant_be_at_line_end: false,
                has_rubi: false,
                width: 50.000153,
                height: 50.0,
                position: Vec2(
                    775.0001,
                    134.625,
                ),
                horizontal_scale: 0.50505203,
                scale: 0.5208333,
                color: UnormColor(
                    4294967295,
                ),
                fade: 1.6660001,
            },
        ),
        Char(
            Char {
                time: 2.0320022,
                line_index: 1,
                codepoint: '欲',
                is_rubi: false,
                cant_be_at_line_start: false,
                cant_be_at_line_end: false,
                has_rubi: false,
                width: 50.000153,
                height: 50.0,
                position: Vec2(
                    825.0003,
                    134.625,
                ),
                horizontal_scale: 0.50505203,
                scale: 0.5208333,
                color: UnormColor(
                    4294967295,
                ),
                fade: 1.6660001,
            },
        ),
        Char(
            Char {
                time: 2.0570023,
                line_index: 1,
                codepoint: 'シ',
                is_rubi: false,
                cant_be_at_line_start: false,
                cant_be_at_line_end: false,
                has_rubi: false,
                width: 50.000153,
                height: 50.0,
                position: Vec2(
                    875.0005,
                    134.625,
                ),
                horizontal_scale: 0.50505203,
                scale: 0.5208333,
                color: UnormColor(
                    4294967295,
                ),
                fade: 1.6660001,
            },
        ),
        Char(
            Char {
                time: 2.0820024,
                line_index: 1,
                codepoint: 'カ',
                is_rubi: false,
                cant_be_at_line_start: false,
                cant_be_at_line_end: true,
                has_rubi: false,
                width: 50.000153,
                height: 50.0,
                position: Vec2(
                    925.0006,
                    134.625,
                ),
                horizontal_scale: 0.50505203,
                scale: 0.5208333,
                color: UnormColor(
                    4294967295,
                ),
                fade: 1.6660001,
            },
        ),
        Char(
            Char {
                time: 2.1070025,
                line_index: 1,
                codepoint: 'ッ',
                is_rubi: false,
                cant_be_at_line_start: true,
                cant_be_at_line_end: false,
                has_rubi: false,
                width: 50.000153,
                height: 50.0,
                position: Vec2(
                    975.00073,
                    134.625,
                ),
                horizontal_scale: 0.50505203,
                scale: 0.5208333,
                color: UnormColor(
                    4294967295,
                ),
                fade: 1.6660001,
            },
        ),
        Char(
            Char {
                time: 2.1320026,
                line_index: 1,
                codepoint: 'タ',
                is_rubi: false,
                cant_be_at_line_start: false,
                cant_be_at_line_end: true,
                has_rubi: false,
                width: 50.000153,
                height: 50.0,
                position: Vec2(
                    1025.0009,
                    134.625,
                ),
                horizontal_scale: 0.50505203,
                scale: 0.5208333,
                color: UnormColor(
                    4294967295,
                ),
                fade: 1.6660001,
            },
        ),
        Char(
            Char {
                time: 2.1570027,
                line_index: 1,
                codepoint: '…',
                is_rubi: false,
                cant_be_at_line_start: true,
                cant_be_at_line_end: true,
                has_rubi: false,
                width: 50.000153,
                height: 50.0,
                position: Vec2(
                    1075.001,
                    134.625,
                ),
                horizontal_scale: 0.50505203,
                scale: 0.5208333,
                color: UnormColor(
                    4294967295,
                ),
                fade: 1.6660001,
            },
        ),
        Char(
            Char {
                time: 2.1820028,
                line_index: 1,
                codepoint: '！',
                is_rubi: false,
                cant_be_at_line_start: true,
                cant_be_at_line_end: false,
                has_rubi: false,
                width: 50.000153,
                height: 50.0,
                position: Vec2(
                    1125.0011,
                    134.625,
                ),
                horizontal_scale: 0.50505203,
                scale: 0.5208333,
                color: UnormColor(
                    4294967295,
                ),
                fade: 1.6660001,
            },
        ),
        Wait(
            Wait {
                time: 2.2070029,
                line_index: 1,
                is_last_wait: true,
                is_auto_click: false,
            },
        ),
    ],
    [
        LineInfo {
            width: 700.0021,
            y_position: 0.0,
            line_advance: 70.0,
            total_height: 60.625,
            rubi_height: 20.0,
        },
        LineInfo {
            width: 850.00244,
            y_position: 74.0,
            line_advance: 70.0,
            total_height: 60.625,
            rubi_height: 20.0,
        },
    ],
    Vec2(
        850.00244,
        144.0,
    ),
)
